Component: ARM Compiler 5.06 update 6 (build 750) Tool: armlink [4d35ed]

==============================================================================

Section Cross References

    system_stm32f4xx.o(i.SystemCoreClockUpdate) refers to system_stm32f4xx.o(.data) for SystemCoreClock
    system_stm32f4xx.o(i.SystemInit) refers to system_stm32f4xx.o(i.SetSysClock) for SetSysClock
    main.o(i.main) refers to misc.o(i.NVIC_PriorityGroupConfig) for NVIC_PriorityGroupConfig
    main.o(i.main) refers to led.o(i.LED_Init) for LED_Init
    main.o(i.main) refers to usart.o(i.uart_Init) for uart_Init
    main.o(i.main) refers to key.o(i.Key_Init) for Key_Init
    main.o(i.main) refers to beep.o(i.Beep_Init) for Beep_Init
    main.o(i.main) refers to adcdac.o(i.Dac_Init) for Dac_Init
    main.o(i.main) refers to adcdac.o(i.Adc_Init) for Adc_Init
    main.o(i.main) refers to oled.o(i.OLED_Init) for OLED_Init
    main.o(i.main) refers to rs485.o(i.RS485_Init) for RS485_Init
    main.o(i.main) refers to oled.o(i.OLED_ShowString) for OLED_ShowString
    main.o(i.main) refers to oled.o(i.OLED_Refresh_Gram) for OLED_Refresh_Gram
    main.o(i.main) refers to key.o(i.KEY_SCAN) for KEY_SCAN
    main.o(i.main) refers to adcdac.o(i.Get_Adc) for Get_Adc
    main.o(i.main) refers to f2d.o(x$fpl$f2d) for __aeabi_f2d
    main.o(i.main) refers to dmul.o(x$fpl$dmul) for __aeabi_dmul
    main.o(i.main) refers to d2f.o(x$fpl$d2f) for __aeabi_d2f
    main.o(i.main) refers to oled.o(i.OLED_ShowFloat) for OLED_ShowFloat
    main.o(i.main) refers to rs485.o(i.RS485_Receive_Data) for RS485_Receive_Data
    main.o(i.main) refers to stm32f4xx_gpio.o(i.GPIO_ResetBits) for GPIO_ResetBits
    main.o(i.main) refers to rs485.o(i.RS485_Send_Data) for RS485_Send_Data
    main.o(i.main) refers to stm32f4xx_gpio.o(i.GPIO_SetBits) for GPIO_SetBits
    main.o(i.main) refers to delay.o(i.Delay_ms) for Delay_ms
    led.o(i.LED_Init) refers to stm32f4xx_rcc.o(i.RCC_AHB1PeriphClockCmd) for RCC_AHB1PeriphClockCmd
    led.o(i.LED_Init) refers to stm32f4xx_gpio.o(i.GPIO_Init) for GPIO_Init
    led.o(i.LED_Init) refers to stm32f4xx_gpio.o(i.GPIO_SetBits) for GPIO_SetBits
    key.o(i.KEY_SCAN) refers to stm32f4xx_gpio.o(i.GPIO_ReadInputDataBit) for GPIO_ReadInputDataBit
    key.o(i.KEY_SCAN) refers to delay.o(i.Delay_ms) for Delay_ms
    key.o(i.KEY_SCAN) refers to key.o(.data) for key_up
    key.o(i.Key_Init) refers to stm32f4xx_rcc.o(i.RCC_AHB1PeriphClockCmd) for RCC_AHB1PeriphClockCmd
    key.o(i.Key_Init) refers to stm32f4xx_gpio.o(i.GPIO_Init) for GPIO_Init
    adcdac.o(i.Adc_Init) refers to stm32f4xx_rcc.o(i.RCC_AHB1PeriphClockCmd) for RCC_AHB1PeriphClockCmd
    adcdac.o(i.Adc_Init) refers to stm32f4xx_rcc.o(i.RCC_APB2PeriphClockCmd) for RCC_APB2PeriphClockCmd
    adcdac.o(i.Adc_Init) refers to stm32f4xx_gpio.o(i.GPIO_Init) for GPIO_Init
    adcdac.o(i.Adc_Init) refers to stm32f4xx_rcc.o(i.RCC_APB2PeriphResetCmd) for RCC_APB2PeriphResetCmd
    adcdac.o(i.Adc_Init) refers to stm32f4xx_adc.o(i.ADC_CommonInit) for ADC_CommonInit
    adcdac.o(i.Adc_Init) refers to stm32f4xx_adc.o(i.ADC_Init) for ADC_Init
    adcdac.o(i.Adc_Init) refers to stm32f4xx_adc.o(i.ADC_Cmd) for ADC_Cmd
    adcdac.o(i.DAC_Set_Vol) refers to dflt_clz.o(x$fpl$dfltu) for __aeabi_ui2d
    adcdac.o(i.DAC_Set_Vol) refers to ddiv.o(x$fpl$ddiv) for __aeabi_ddiv
    adcdac.o(i.DAC_Set_Vol) refers to dmul.o(x$fpl$dmul) for __aeabi_dmul
    adcdac.o(i.DAC_Set_Vol) refers to dfixu.o(x$fpl$dfixu) for __aeabi_d2uiz
    adcdac.o(i.DAC_Set_Vol) refers to stm32f4xx_dac.o(i.DAC_SetChannel1Data) for DAC_SetChannel1Data
    adcdac.o(i.Dac_Init) refers to stm32f4xx_rcc.o(i.RCC_AHB1PeriphClockCmd) for RCC_AHB1PeriphClockCmd
    adcdac.o(i.Dac_Init) refers to stm32f4xx_rcc.o(i.RCC_APB1PeriphClockCmd) for RCC_APB1PeriphClockCmd
    adcdac.o(i.Dac_Init) refers to stm32f4xx_gpio.o(i.GPIO_Init) for GPIO_Init
    adcdac.o(i.Dac_Init) refers to stm32f4xx_dac.o(i.DAC_Init) for DAC_Init
    adcdac.o(i.Dac_Init) refers to stm32f4xx_dac.o(i.DAC_Cmd) for DAC_Cmd
    adcdac.o(i.Dac_Init) refers to stm32f4xx_dac.o(i.DAC_SetChannel1Data) for DAC_SetChannel1Data
    adcdac.o(i.GET_ADC_AVE) refers to adcdac.o(i.Get_Adc) for Get_Adc
    adcdac.o(i.GET_ADC_AVE) refers to delay.o(i.Delay_ms) for Delay_ms
    adcdac.o(i.Get_Adc) refers to stm32f4xx_adc.o(i.ADC_RegularChannelConfig) for ADC_RegularChannelConfig
    adcdac.o(i.Get_Adc) refers to stm32f4xx_adc.o(i.ADC_SoftwareStartConv) for ADC_SoftwareStartConv
    adcdac.o(i.Get_Adc) refers to stm32f4xx_adc.o(i.ADC_GetFlagStatus) for ADC_GetFlagStatus
    adcdac.o(i.Get_Adc) refers to stm32f4xx_adc.o(i.ADC_GetConversionValue) for ADC_GetConversionValue
    beep.o(i.Beep_Init) refers to stm32f4xx_rcc.o(i.RCC_AHB1PeriphClockCmd) for RCC_AHB1PeriphClockCmd
    beep.o(i.Beep_Init) refers to stm32f4xx_gpio.o(i.GPIO_Init) for GPIO_Init
    beep.o(i.Beep_Init) refers to stm32f4xx_gpio.o(i.GPIO_ResetBits) for GPIO_ResetBits
[...]
    ..\\MODBUS\\ascii\\mbascii.c             0x00000000   Number         0  mbascii.o ABSOLUTE
    ..\\MODBUS\\functions\\mbfunccoils.c     0x00000000   Number         0  mbfunccoils.o ABSOLUTE
    ..\\MODBUS\\functions\\mbfuncdisc.c      0x00000000   Number         0  mbfuncdisc.o ABSOLUTE
    ..\\MODBUS\\functions\\mbfuncholding.c   0x00000000   Number         0  mbfuncholding.o ABSOLUTE
    ..\\MODBUS\\functions\\mbfuncinput.c     0x00000000   Number         0  mbfuncinput.o ABSOLUTE
    ..\\MODBUS\\functions\\mbfuncother.c     0x00000000   Number         0  mbfuncother.o ABSOLUTE
    ..\\MODBUS\\functions\\mbutils.c         0x00000000   Number         0  mbutils.o ABSOLUTE
    ..\\MODBUS\\mb.c                         0x00000000   Number         0  mb.o ABSOLUTE
    ..\\MODBUS\\port\\port.c                 0x00000000   Number         0  port.o ABSOLUTE
    ..\\MODBUS\\port\\portevent.c            0x00000000   Number         0  portevent.o ABSOLUTE
    ..\\MODBUS\\port\\portserial.c           0x00000000   Number         0  portserial.o ABSOLUTE
    ..\\MODBUS\\port\\porttimer.c            0x00000000   Number         0  porttimer.o ABSOLUTE
    ..\\MODBUS\\rtu\\mbcrc.c                 0x00000000   Number         0  mbcrc.o ABSOLUTE
    ..\\MODBUS\\rtu\\mbrtu.c                 0x00000000   Number         0  mbrtu.o ABSOLUTE
    ..\\MODBUS\\tcp\\mbtcp.c                 0x00000000   Number         0  mbtcp.o ABSOLUTE
    ..\\SYSTEM\\delay\\delay.c               0x00000000   Number         0  delay.o ABSOLUTE
    ..\\SYSTEM\\sys\\sys.c                   0x00000000   Number         0  sys.o ABSOLUTE
    ..\\SYSTEM\\usart\\usart.c               0x00000000   Number         0  usart.o ABSOLUTE
    dc.s                                     0x00000000   Number         0  dc.o ABSOLUTE
    main.c                                   0x00000000   Number         0  main.o ABSOLUTE
    main.c                                   0x00000000   Number         0  main.o ABSOLUTE
    stm32f4xx_it.c                           0x00000000   Number         0  stm32f4xx_it.o ABSOLUTE
    stm32f4xx_it.c                           0x00000000   Number         0  stm32f4xx_it.o ABSOLUTE
    system_stm32f4xx.c                       0x00000000   Number         0  system_stm32f4xx.o ABSOLUTE
    system_stm32f4xx.c                       0x00000000   Number         0  system_stm32f4xx.o ABSOLUTE
    RESET                                    0x08000000   Section      392  startup_stm32f40_41xxx.o(RESET)
    !!!main                                  0x08000188   Section        8  __main.o(!!!main)
    !!!scatter                               0x08000190   Section       52  __scatter.o(!!!scatter)
    !!handler_copy                           0x080001c4   Section       26  __scatter_copy.o(!!handler_copy)
    !!handler_zi                             0x080001e0   Section       28  __scatter_zi.o(!!handler_zi)
    .ARM.Collect$$_printf_percent$$00000000  0x080001fc   Section        0  _printf_percent.o(.ARM.Collect$$_printf_percent$$00000000)
    .ARM.Collect$$_printf_percent$$00000003  0x080001fc   Section        6  _printf_f.o(.ARM.Collect$$_printf_percent$$00000003)
    .ARM.Collect$$_printf_percent$$00000017  0x08000202   Section        4  _printf_percent_end.o(.ARM.Collect$$_printf_percent$$00000017)
    .ARM.Collect$$libinit$$00000000          0x08000206   Section        2  libinit.o(.ARM.Collect$$libinit$$00000000)
    .ARM.Collect$$libinit$$00000001          0x08000208   Section        4  libinit2.o(.ARM.Collect$$libinit$$00000001)
    .ARM.Collect$$libinit$$00000004          0x0800020c   Section        0  libinit2.o(.ARM.Collect$$libinit$$00000004)
    .ARM.Collect$$libinit$$0000000A          0x0800020c   Section        0  libinit2.o(.ARM.Collect$$libinit$$0000000A)
    .ARM.Collect$$libinit$$0000000C          0x0800020c   Section        0  libinit2.o(.ARM.Collect$$libinit$$0000000C)
    .ARM.Collect$$libinit$$0000000E          0x0800020c   Section        0  libinit2.o(.ARM.Collect$$libinit$$0000000E)
    .ARM.Collect$$libinit$$0000000F          0x0800020c   Section        6  libinit2.o(.ARM.Collect$$libinit$$0000000F)
    .ARM.Collect$$libinit$$00000011          0x08000212   Section        0  libinit2.o(.ARM.Collect$$libinit$$00000011)
    .ARM.Collect$$libinit$$00000013          0x08000212   Section        0  libinit2.o(.ARM.Collect$$libinit$$00000013)
    .ARM.Collect$$libinit$$00000015          0x08000212   Section        0  libinit2.o(.ARM.Collect$$libinit$$00000015)
    .ARM.Collect$$libinit$$00000016          0x08000212   Section       10  libinit2.o(.ARM.Collect$$libinit$$00000016)
    .ARM.Collect$$libinit$$00000017          0x0800021c   Section        0  libinit2.o(.ARM.Collect$$libinit$$00000017)
    .ARM.Collect$$libinit$$00000019          0x0800021c   Section        0  libinit2.o(.ARM.Collect$$libinit$$00000019)
    .ARM.Collect$$libinit$$0000001B          0x0800021c   Section        0  libinit2.o(.ARM.Collect$$libinit$$0000001B)
    .ARM.Collect$$libinit$$0000001D          0x0800021c   Section        0  libinit2.o(.ARM.Collect$$libinit$$0000001D)
    .ARM.Collect$$libinit$$0000001F          0x0800021c   Section        0  libinit2.o(.ARM.Collect$$libinit$$0000001F)
    .ARM.Collect$$libinit$$00000021          0x0800021c   Section        0  libinit2.o(.ARM.Collect$$libinit$$00000021)
    .ARM.Collect$$libinit$$00000023          0x0800021c   Section        0  libinit2.o(.ARM.Collect$$libinit$$00000023)
    .ARM.Collect$$libinit$$00000025          0x0800021c   Section        0  libinit2.o(.ARM.Collect$$libinit$$00000025)
    .ARM.Collect$$libinit$$0000002C          0x0800021c   Section        0  libinit2.o(.ARM.Collect$$libinit$$0000002C)
    .ARM.Collect$$libinit$$0000002E          0x0800021c   Section        0  libinit2.o(.ARM.Collect$$libinit$$0000002E)
    .ARM.Collect$$libinit$$00000030          0x0800021c   Section        0  libinit2.o(.ARM.Collect$$libinit$$00000030)
    .ARM.Collect$$libinit$$00000032          0x0800021c   Section        0  libinit2.o(.ARM.Collect$$libinit$$00000032)
    .ARM.Collect$$libinit$$00000033          0x0800021c   Section        2  libinit2.o(.ARM.Collect$$libinit$$00000033)
    .ARM.Collect$$libshutdown$$00000000      0x0800021e   Section        2  libshutdown.o(.ARM.Collect$$libshutdown$$00000000)
    .ARM.Collect$$libshutdown$$00000002      0x08000220   Section        0  libshutdown2.o(.ARM.Collect$$libshutdown$$00000002)
    .ARM.Collect$$libshutdown$$00000004      0x08000220   Section        0  libshutdown2.o(.ARM.Collect$$libshutdown$$00000004)
    .ARM.Collect$$libshutdown$$00000007      0x08000220   Section        0  libshutdown2.o(.ARM.Collect$$libshutdown$$00000007)
    .ARM.Collect$$libshutdown$$0000000A      0x08000220   Section        0  libshutdown2.o(.ARM.Collect$$libshutdown$$0000000A)
    .ARM.Collect$$libshutdown$$0000000C      0x08000220   Section        0  libshutdown2.o(.ARM.Collect$$libshutdown$$0000000C)
    .ARM.Collect$$libshutdown$$0000000F      0x08000220   Section        0  libshutdown2.o(.ARM.Collect$$libshutdown$$0000000F)
    .ARM.Collect$$libshutdown$$00000010      0x08000220   Section        2  libshutdown2.o(.ARM.Collect$$libshutdown$$00000010)
    .ARM.Collect$$rtentry$$00000000          0x08000222   Section        0  __rtentry.o(.ARM.Collect$$rtentry$$00000000)
    .ARM.Collect$$rtentry$$00000002          0x08000222   Section        0  __rtentry2.o(.ARM.Collect$$rtentry$$00000002)
    .ARM.Collect$$rtentry$$00000004          0x08000222   Section        6  __rtentry4.o(.ARM.Collect$$rtentry$$00000004)
    .ARM.Collect$$rtentry$$00000009          0x08000228   Section        0  __rtentry2.o(.ARM.Collect$$rtentry$$00000009)
    .ARM.Collect$$rtentry$$0000000A          0x08000228   Section        4  __rtentry2.o(.ARM.Collect$$rtentry$$0000000A)
    .ARM.Collect$$rtentry$$0000000C          0x0800022c   Section        0  __rtentry2.o(.ARM.Collect$$rtentry$$0000000C)
    .ARM.Collect$$rtentry$$0000000D          0x0800022c   Section        8  __rtentry2.o(.ARM.Collect$$rtentry$$0000000D)
    .ARM.Collect$$rtexit$$00000000           0x08000234   Section        2  rtexit.o(.ARM.Collect$$rtexit$$00000000)
    .ARM.Collect$$rtexit$$00000002           0x08000236   Section        0  rtexit2.o(.ARM.Collect$$rtexit$$00000002)
    .ARM.Collect$$rtexit$$00000003           0x08000236   Section        4  rtexit2.o(.ARM.Collect$$rtexit$$00000003)
    .ARM.Collect$$rtexit$$00000004           0x0800023a   Section        6  rtexit2.o(.ARM.Collect$$rtexit$$00000004)
    .text                                    0x08000240   Section       64  startup_stm32f40_41xxx.o(.text)
    $v0                                      0x08000240   Number         0  startup_stm32f40_41xxx.o(.text)
    .text                                    0x08000280   Section        2  use_no_semi_2.o(.text)
    .text                                    0x08000284   Section        0  noretval__2sprintf.o(.text)
    .text                                    0x080002ac   Section        0  __printf_flags_wp.o(.text)
    .text                                    0x080003e4   Section      138  rt_memcpy_v6.o(.text)
    .text                                    0x0800046e   Section        0  heapauxi.o(.text)
    .text                                    0x08000474   Section        2  use_no_semi.o(.text)
    .text                                    0x08000476   Section        0  _printf_fp_dec.o(.text)
    _fp_digits                               0x08000479   Thumb Code   432  _printf_fp_dec.o(.text)
    .text                                    0x08000894   Section        0  _printf_char_common.o(.text)
    _printf_input_char                       0x08000895   Thumb Code    10  _printf_char_common.o(.text)
    .text                                    0x080008c4   Section        0  _sputc.o(.text)
    .text                                    0x080008ce   Section      100  rt_memcpy_w.o(.text)
    .text                                    0x08000934   Section        8  rt_locale_intlibspace.o(.text)
    .text                                    0x0800093c   Section      138  lludiv10.o(.text)
    .text                                    0x080009c8   Section        0  _printf_fp_infnan.o(.text)
    .text                                    0x08000a48   Section        0  bigflt0.o(.text)
    .text                                    0x08000b2c   Section        8  libspace.o(.text)
    .text                                    0x08000b34   Section       74  sys_stackheap_outer.o(.text)
    .text                                    0x08000b7e   Section        0  exit.o(.text)
    .text                                    0x08000b90   Section      128  strcmpv7m.o(.text)
    CL$$btod_d2e                             0x08000c10   Section       62  btod.o(CL$$btod_d2e)
    CL$$btod_d2e_denorm_low                  0x08000c4e   Section       70  btod.o(CL$$btod_d2e_denorm_low)
    CL$$btod_d2e_norm_op1                    0x08000c94   Section       96  btod.o(CL$$btod_d2e_norm_op1)
    CL$$btod_div_common                      0x08000cf4   Section      824  btod.o(CL$$btod_div_common)
    CL$$btod_e2e                             0x0800102c   Section      220  btod.o(CL$$btod_e2e)
    CL$$btod_ediv                            0x08001108   Section       42  btod.o(CL$$btod_ediv)
    CL$$btod_emul                            0x08001132   Section       42  btod.o(CL$$btod_emul)
    CL$$btod_mult_common                     0x0800115c   Section      580  btod.o(CL$$btod_mult_common)
    i.ADC_Cmd                                0x080013a0   Section        0  stm32f4xx_adc.o(i.ADC_Cmd)
    i.ADC_CommonInit                         0x080013b8   Section        0  stm32f4xx_adc.o(i.ADC_CommonInit)
    i.ADC_GetConversionValue                 0x080013e8   Section        0  stm32f4xx_adc.o(i.ADC_GetConversionValue)
    i.ADC_GetFlagStatus                      0x080013f0   Section        0  stm32f4xx_adc.o(i.ADC_GetFlagStatus)
    i.ADC_Init                               0x08001404   Section        0  stm32f4xx_adc.o(i.ADC_Init)
    i.ADC_RegularChannelConfig               0x08001458   Section        0  stm32f4xx_adc.o(i.ADC_RegularChannelConfig)
    i.ADC_SoftwareStartConv                  0x08001510   Section        0  stm32f4xx_adc.o(i.ADC_SoftwareStartConv)
    i.Adc_Init                               0x0800151c   Section        0  adcdac.o(i.Adc_Init)
    i.Beep_Init                              0x080015a0   Section        0  beep.o(i.Beep_Init)
    i.BusFault_Handler                       0x080015e0   Section        0  stm32f4xx_it.o(i.BusFault_Handler)
    i.DAC_Cmd                                0x080015e4   Section        0  stm32f4xx_dac.o(i.DAC_Cmd)
    i.DAC_Init                               0x0800160c   Section        0  stm32f4xx_dac.o(i.DAC_Init)
    i.DAC_SetChannel1Data                    0x08001640   Section        0  stm32f4xx_dac.o(i.DAC_SetChannel1Data)
    i.Dac_Init                               0x08001660   Section        0  adcdac.o(i.Dac_Init)
    i.DebugMon_Handler                       0x080016b8   Section        0  stm32f4xx_it.o(i.DebugMon_Handler)
    i.Delay_Init                             0x080016bc   Section        0  delay.o(i.Delay_Init)
    Delay_Init                               0x080016bd   Thumb Code    38  delay.o(i.Delay_Init)
    i.Delay_ms                               0x080016e8   Section        0  delay.o(i.Delay_ms)
    i.GPIO_Init                              0x080017c0   Section        0  stm32f4xx_gpio.o(i.GPIO_Init)
    i.GPIO_PinAFConfig                       0x08001850   Section        0  stm32f4xx_gpio.o(i.GPIO_PinAFConfig)
    i.GPIO_ReadInputDataBit                  0x08001896   Section        0  stm32f4xx_gpio.o(i.GPIO_ReadInputDataBit)
    i.GPIO_ResetBits                         0x080018a8   Section        0  stm32f4xx_gpio.o(i.GPIO_ResetBits)
    i.GPIO_SetBits                           0x080018ac   Section        0  stm32f4xx_gpio.o(i.GPIO_SetBits)
    i.Get_Adc                                0x080018b0   Section        0  adcdac.o(i.Get_Adc)
    i.HardFault_Handler                      0x080018e0   Section        0  stm32f4xx_it.o(i.HardFault_Handler)
    i.KEY_SCAN                               0x080018e4   Section        0  key.o(i.KEY_SCAN)
    i.Key_Init                               0x0800195c   Section        0  key.o(i.Key_Init)
    i.LED_Init                               0x0800198c   Section        0  led.o(i.LED_Init)
    i.MemManage_Handler                      0x080019cc   Section        0  stm32f4xx_it.o(i.MemManage_Handler)
    i.NMI_Handler                            0x080019d0   Section        0  stm32f4xx_it.o(i.NMI_Handler)
    i.NVIC_Init                              0x080019d4   Section        0  misc.o(i.NVIC_Init)
    i.NVIC_PriorityGroupConfig               0x08001a4c   Section        0  misc.o(i.NVIC_PriorityGroupConfig)
    i.OLED_Clear                             0x08001a60   Section        0  oled.o(i.OLED_Clear)
    i.OLED_DrawPoint                         0x08001a90   Section        0  oled.o(i.OLED_DrawPoint)
    i.OLED_Init                              0x08001af8   Section        0  oled.o(i.OLED_Init)
    i.OLED_Refresh_Gram                      0x08001c34   Section        0  oled.o(i.OLED_Refresh_Gram)
    i.OLED_ShowChar                          0x08001c80   Section        0  oled.o(i.OLED_ShowChar)
    i.OLED_ShowFloat                         0x08001d8c   Section        0  oled.o(i.OLED_ShowFloat)
    i.OLED_ShowString                        0x08001dec   Section        0  oled.o(i.OLED_ShowString)
    i.OLED_WR_Byte                           0x08001e4c   Section        0  oled.o(i.OLED_WR_Byte)
    i.PendSV_Handler                         0x08001eac   Section        0  stm32f4xx_it.o(i.PendSV_Handler)
    i.RCC_AHB1PeriphClockCmd                 0x08001eb0   Section        0  stm32f4xx_rcc.o(i.RCC_AHB1PeriphClockCmd)
    i.RCC_APB1PeriphClockCmd                 0x08001ed0   Section        0  stm32f4xx_rcc.o(i.RCC_APB1PeriphClockCmd)
    i.RCC_APB2PeriphClockCmd                 0x08001ef0   Section        0  stm32f4xx_rcc.o(i.RCC_APB2PeriphClockCmd)
    i.RCC_APB2PeriphResetCmd                 0x08001f10   Section        0  stm32f4xx_rcc.o(i.RCC_APB2PeriphResetCmd)
    i.RCC_GetClocksFreq                      0x08001f30   Section        0  stm32f4xx_rcc.o(i.RCC_GetClocksFreq)
    i.RS485_Init                             0x08002018   Section        0  rs485.o(i.RS485_Init)
    i.RS485_Receive_Data                     0x08002100   Section        0  rs485.o(i.RS485_Receive_Data)
    i.RS485_Send_Data                        0x08002150   Section        0  rs485.o(i.RS485_Send_Data)
    i.SVC_Handler                            0x080021a0   Section        0  stm32f4xx_it.o(i.SVC_Handler)
    i.SetSysClock                            0x080021a4   Section        0  system_stm32f4xx.o(i.SetSysClock)
    SetSysClock                              0x080021a5   Thumb Code   220  system_stm32f4xx.o(i.SetSysClock)
    i.SysTick_CLKSourceConfig                0x08002290   Section        0  misc.o(i.SysTick_CLKSourceConfig)
    i.SysTick_Handler                        0x080022b8   Section        0  stm32f4xx_it.o(i.SysTick_Handler)
    i.SystemInit                             0x080022bc   Section        0  system_stm32f4xx.o(i.SystemInit)
    i.TIM2_IRQHandler                        0x08002324   Section        0  porttimer.o(i.TIM2_IRQHandler)
    i.TIM_ClearITPendingBit                  0x0800233e   Section        0  stm32f4xx_tim.o(i.TIM_ClearITPendingBit)
    i.TIM_GetITStatus                        0x08002344   Section        0  stm32f4xx_tim.o(i.TIM_GetITStatus)
    i.USART2_IRQHandler                      0x08002368   Section        0  rs485.o(i.USART2_IRQHandler)
    i.USART6_IRQHandler                      0x080023a8   Section        0  usart.o(i.USART6_IRQHandler)
    i.USART_ClearFlag                        0x08002430   Section        0  stm32f4xx_usart.o(i.USART_ClearFlag)
    i.USART_Cmd                              0x08002442   Section        0  stm32f4xx_usart.o(i.USART_Cmd)
    i.USART_GetFlagStatus                    0x0800245a   Section        0  stm32f4xx_usart.o(i.USART_GetFlagStatus)
    i.USART_GetITStatus                      0x08002474   Section        0  stm32f4xx_usart.o(i.USART_GetITStatus)
    i.USART_ITConfig                         0x080024c8   Section        0  stm32f4xx_usart.o(i.USART_ITConfig)
    i.USART_Init                             0x08002514   Section        0  stm32f4xx_usart.o(i.USART_Init)
    i.USART_ReceiveData                      0x080025e8   Section        0  stm32f4xx_usart.o(i.USART_ReceiveData)
    i.USART_SendData                         0x080025f2   Section        0  stm32f4xx_usart.o(i.USART_SendData)
    i.UsageFault_Handler                     0x080025fa   Section        0  stm32f4xx_it.o(i.UsageFault_Handler)
    i.__ARM_fpclassify                       0x080025fe   Section        0  fpclassify.o(i.__ARM_fpclassify)
    i._is_digit                              0x0800262e   Section        0  __printf_wp.o(i._is_digit)
    i._sys_exit                              0x0800263c   Section        0  usart.o(i._sys_exit)
    i.eMBFuncReadCoils                       0x08002640   Section        0  mbfunccoils.o(i.eMBFuncReadCoils)
    i.eMBFuncReadDiscreteInputs              0x080026ee   Section        0  mbfuncdisc.o(i.eMBFuncReadDiscreteInputs)
    i.eMBFuncReadHoldingRegister             0x0800279a   Section        0  mbfuncholding.o(i.eMBFuncReadHoldingRegister)
    i.eMBFuncReadInputRegister               0x08002826   Section        0  mbfuncinput.o(i.eMBFuncReadInputRegister)
    i.eMBFuncReadWriteMultipleHoldingRegister 0x080028b2   Section        0  mbfuncholding.o(i.eMBFuncReadWriteMultipleHoldingRegister)
    i.eMBFuncReportSlaveID                   0x08002988   Section        0  mbfuncother.o(i.eMBFuncReportSlaveID)
    i.eMBFuncWriteCoil                       0x080029b0   Section        0  mbfunccoils.o(i.eMBFuncWriteCoil)
    i.eMBFuncWriteHoldingRegister            0x08002a20   Section        0  mbfuncholding.o(i.eMBFuncWriteHoldingRegister)
    i.eMBFuncWriteMultipleCoils              0x08002a62   Section        0  mbfunccoils.o(i.eMBFuncWriteMultipleCoils)
    i.eMBFuncWriteMultipleHoldingRegister    0x08002af2   Section        0  mbfuncholding.o(i.eMBFuncWriteMultipleHoldingRegister)
    i.eMBRegCoilsCB                          0x08002b60   Section        0  port.o(i.eMBRegCoilsCB)
    i.eMBRegDiscreteCB                       0x08002be0   Section        0  port.o(i.eMBRegDiscreteCB)
    i.eMBRegHoldingCB                        0x08002be8   Section        0  port.o(i.eMBRegHoldingCB)
    i.eMBRegInputCB                          0x08002c68   Section        0  port.o(i.eMBRegInputCB)
    i.main                                   0x08002cb0   Section        0  main.o(i.main)
    i.prveMBError2Exception                  0x08002e84   Section        0  mbutils.o(i.prveMBError2Exception)
    i.prvvTIMERExpiredISR                    0x08002ea8   Section        0  porttimer.o(i.prvvTIMERExpiredISR)
    i.uart_Init                              0x08002eb8   Section        0  usart.o(i.uart_Init)
    locale$$code                             0x08002f6c   Section       44  lc_numeric_c.o(locale$$code)
    x$fpl$d2f                                0x08002f98   Section       98  d2f.o(x$fpl$d2f)
    $v0                                      0x08002f98   Number         0  d2f.o(x$fpl$d2f)
    x$fpl$dmul                               0x08002ffc   Section      340  dmul.o(x$fpl$dmul)
    $v0                                      0x08002ffc   Number         0  dmul.o(x$fpl$dmul)
    x$fpl$dnaninf                            0x08003150   Section      156  dnaninf.o(x$fpl$dnaninf)
    $v0                                      0x08003150   Number         0  dnaninf.o(x$fpl$dnaninf)
    x$fpl$dretinf                            0x080031ec   Section       12  dretinf.o(x$fpl$dretinf)
    $v0                                      0x080031ec   Number         0  dretinf.o(x$fpl$dretinf)
    x$fpl$f2d                                0x080031f8   Section       86  f2d.o(x$fpl$f2d)
    $v0                                      0x080031f8   Number         0  f2d.o(x$fpl$f2d)
    x$fpl$fnaninf                            0x0800324e   Section      140  fnaninf.o(x$fpl$fnaninf)
    $v0                                      0x0800324e   Number         0  fnaninf.o(x$fpl$fnaninf)
    x$fpl$fpinit                             0x080032da   Section       10  fpinit.o(x$fpl$fpinit)
    $v0                                      0x080032da   Number         0  fpinit.o(x$fpl$fpinit)
    x$fpl$fretinf                            0x080032e4   Section       10  fretinf.o(x$fpl$fretinf)
    $v0                                      0x080032e4   Number         0  fretinf.o(x$fpl$fretinf)
    x$fpl$printf1                            0x080032ee   Section        4  printf1.o(x$fpl$printf1)
    $v0                                      0x080032ee   Number         0  printf1.o(x$fpl$printf1)
    .constdata                               0x080032f2   Section     6080  oled.o(.constdata)
    x$fpl$usenofp                            0x080032f2   Section        0  usenofp.o(x$fpl$usenofp)
    .constdata                               0x08004ab2   Section       17  __printf_flags_wp.o(.constdata)
    maptable                                 0x08004ab2   Data          17  __printf_flags_wp.o(.constdata)
    .constdata                               0x08004ac4   Section      148  bigflt0.o(.constdata)
    tenpwrs_x                                0x08004ac4   Data          60  bigflt0.o(.constdata)
    tenpwrs_i                                0x08004b00   Data          64  bigflt0.o(.constdata)
    locale$$data                             0x08004b78   Section       28  lc_numeric_c.o(locale$$data)
    __lcnum_c_name                           0x08004b7c   Data           2  lc_numeric_c.o(locale$$data)
    __lcnum_c_start                          0x08004b84   Data           0  lc_numeric_c.o(locale$$data)
    __lcnum_c_point                          0x08004b90   Data           0  lc_numeric_c.o(locale$$data)
    __lcnum_c_thousands                      0x08004b92   Data           0  lc_numeric_c.o(locale$$data)
    __lcnum_c_grouping                       0x08004b93   Data           0  lc_numeric_c.o(locale$$data)
    __lcnum_c_end                            0x08004b94   Data           0  lc_numeric_c.o(locale$$data)
    .data                                    0x20000000   Section       20  system_stm32f4xx.o(.data)
    .data                                    0x20000014   Section        1  key.o(.data)
    key_up                                   0x20000014   Data           1  key.o(.data)
    .data                                    0x20000015   Section        1  rs485.o(.data)
    .data                                    0x20000016   Section        1  delay.o(.data)
    first                                    0x20000016   Data           1  delay.o(.data)
    .data                                    0x20000018   Section        6  usart.o(.data)
    .data                                    0x2000001e   Section       16  stm32f4xx_rcc.o(.data)
    APBAHBPrescTable                         0x2000001e   Data          16  stm32f4xx_rcc.o(.data)
    .data                                    0x2000002e   Section        2  mbfuncother.o(.data)
    usMBSlaveIDLen                           0x2000002e   Data           2  mbfuncother.o(.data)
    .data                                    0x20000030   Section      181  mb.o(.data)
    ucMBAddress                              0x20000030   Data           1  mb.o(.data)
    eMBCurrentMode                           0x20000031   Data           1  mb.o(.data)
    eMBState                                 0x20000032   Data           1  mb.o(.data)
    peMBFrameSendCur                         0x20000034   Data           4  mb.o(.data)
    pvMBFrameStartCur                        0x20000038   Data           4  mb.o(.data)
    pvMBFrameStopCur                         0x2000003c   Data           4  mb.o(.data)
    peMBFrameReceiveCur                      0x20000040   Data           4  mb.o(.data)
    pvMBFrameCloseCur                        0x20000044   Data           4  mb.o(.data)
    xFuncHandlers                            0x2000005c   Data         128  mb.o(.data)
    ucMBFrame                                0x200000dc   Data           4  mb.o(.data)
    ucRcvAddress                             0x200000e0   Data           1  mb.o(.data)
    ucFunctionCode                           0x200000e1   Data           1  mb.o(.data)
    usLength                                 0x200000e2   Data           2  mb.o(.data)
    eException                               0x200000e4   Data           1  mb.o(.data)
    .data                                    0x200000e6   Section       20  port.o(.data)
    .bss                                     0x200000fc   Section     1024  oled.o(.bss)
    .bss                                     0x200004fc   Section       64  rs485.o(.bss)
    .bss                                     0x2000053c   Section      200  usart.o(.bss)
    .bss                                     0x20000604   Section       32  mbfuncother.o(.bss)
    ucMBSlaveID                              0x20000604   Data          32  mbfuncother.o(.bss)
    .bss                                     0x20000624   Section       96  libspace.o(.bss)
    HEAP                                     0x20000688   Section      512  startup_stm32f40_41xxx.o(HEAP)
    Heap_Mem                                 0x20000688   Data         512  startup_stm32f40_41xxx.o(HEAP)
    STACK                                    0x20000888   Section     1024  startup_stm32f40_41xxx.o(STACK)
    Stack_Mem                                0x20000888   Data        1024  startup_stm32f40_41xxx.o(STACK)
    __initial_sp                             0x20000c88   Data           0  startup_stm32f40_41xxx.o(STACK)

    Global Symbols

    Symbol Name                              Value     Ov Type        Size  Object(Section)

    BuildAttributes$$THM_ISAv4$E$P$D$K$B$S$7EM$VFPi3$EXTD16$VFPS$VFMA$PE$A:L22UL41UL21$X:L11$S22US41US21$IEEE1$IW$USESV6$~STKCKD$USESV7$~SHL$OTIME$ROPI$IEEEJ$EBA8$UX$STANDARDLIB$REQ8$PRES8$EABIv2 0x00000000   Number         0  anon$$obj.o ABSOLUTE
    __ARM_use_no_argv                        0x00000000   Number         0  main.o ABSOLUTE
    _printf_flags                            0x00000000   Number         0  printf_stubs.o ABSOLUTE
    _printf_return_value                     0x00000000   Number         0  printf_stubs.o ABSOLUTE
    _printf_sizespec                         0x00000000   Number         0  printf_stubs.o ABSOLUTE
    _printf_widthprec                        0x00000000   Number         0  printf_stubs.o ABSOLUTE
    __ARM_exceptions_init                     - Undefined Weak Reference
    __alloca_initialize                       - Undefined Weak Reference
    __arm_preinit_                            - Undefined Weak Reference
    __cpp_initialize__aeabi_                  - Undefined Weak Reference
    __cxa_finalize                            - Undefined Weak Reference
    __sigvec_lookup                           - Undefined Weak Reference
    _atexit_init                              - Undefined Weak Reference
    _call_atexit_fns                          - Undefined Weak Reference
    _clock_init                               - Undefined Weak Reference
    _fp_trap_init                             - Undefined Weak Reference
    _fp_trap_shutdown                         - Undefined Weak Reference
    _get_lc_collate                           - Undefined Weak Reference
    _get_lc_ctype                             - Undefined Weak Reference
    _get_lc_monetary                          - Undefined Weak Reference
    _get_lc_time                              - Undefined Weak Reference
    _getenv_init                              - Undefined Weak Reference
    _handle_redirection                       - Undefined Weak Reference
    _init_alloc                               - Undefined Weak Reference
    _init_user_alloc                          - Undefined Weak Reference
    _initio                                   - Undefined Weak Reference
    _printf_post_padding                      - Undefined Weak Reference
    _printf_pre_padding                       - Undefined Weak Reference
    _rand_init                                - Undefined Weak Reference
    _signal_finish                            - Undefined Weak Reference
    _signal_init                              - Undefined Weak Reference
    _terminate_alloc                          - Undefined Weak Reference
    _terminate_user_alloc                     - Undefined Weak Reference
    _terminateio                              - Undefined Weak Reference
    __Vectors_Size                           0x00000188   Number         0  startup_stm32f40_41xxx.o ABSOLUTE
    __Vectors                                0x08000000   Data           4  startup_stm32f40_41xxx.o(RESET)
    __Vectors_End                            0x08000188   Data           0  startup_stm32f40_41xxx.o(RESET)
    __main                                   0x08000189   Thumb Code     8  __main.o(!!!main)
    __scatterload                            0x08000191   Thumb Code     0  __scatter.o(!!!scatter)
    __scatterload_rt2                        0x08000191   Thumb Code    44  __scatter.o(!!!scatter)
    __scatterload_rt2_thumb_only             0x08000191   Thumb Code     0  __scatter.o(!!!scatter)
    __scatterload_null                       0x0800019f   Thumb Code     0  __scatter.o(!!!scatter)
    __scatterload_copy                       0x080001c5   Thumb Code    26  __scatter_copy.o(!!handler_copy)
    __scatterload_zeroinit                   0x080001e1   Thumb Code    28  __scatter_zi.o(!!handler_zi)
    _printf_f                                0x080001fd   Thumb Code     0  _printf_f.o(.ARM.Collect$$_printf_percent$$00000003)
    _printf_percent                          0x080001fd   Thumb Code     0  _printf_percent.o(.ARM.Collect$$_printf_percent$$00000000)
    _printf_percent_end                      0x08000203   Thumb Code     0  _printf_percent_end.o(.ARM.Collect$$_printf_percent$$00000017)
    __rt_lib_init                            0x08000207   Thumb Code     0  libinit.o(.ARM.Collect$$libinit$$00000000)
    __rt_lib_init_fp_1                       0x08000209   Thumb Code     0  libinit2.o(.ARM.Collect$$libinit$$00000001)
    __rt_lib_init_heap_1                     0x0800020d   Thumb Code     0  libinit2.o(.ARM.Collect$$libinit$$0000000A)
    __rt_lib_init_lc_common                  0x0800020d   Thumb Code     0  libinit2.o(.ARM.Collect$$libinit$$0000000F)
    __rt_lib_init_preinit_1                  0x0800020d   Thumb Code     0  libinit2.o(.ARM.Collect$$libinit$$00000004)
    __rt_lib_init_rand_1                     0x0800020d   Thumb Code     0  libinit2.o(.ARM.Collect$$libinit$$0000000E)
    __rt_lib_init_user_alloc_1               0x0800020d   Thumb Code     0  libinit2.o(.ARM.Collect$$libinit$$0000000C)
    __rt_lib_init_lc_collate_1               0x08000213   Thumb Code     0  libinit2.o(.ARM.Collect$$libinit$$00000011)
    __rt_lib_init_lc_ctype_1                 0x08000213   Thumb Code     0  libinit2.o(.ARM.Collect$$libinit$$00000013)
    __rt_lib_init_lc_monetary_1              0x08000213   Thumb Code     0  libinit2.o(.ARM.Collect$$libinit$$00000015)
    __rt_lib_init_lc_numeric_2               0x08000213   Thumb Code     0  libinit2.o(.ARM.Collect$$libinit$$00000016)
    __rt_lib_init_alloca_1                   0x0800021d   Thumb Code     0  libinit2.o(.ARM.Collect$$libinit$$0000002E)
    __rt_lib_init_argv_1                     0x0800021d   Thumb Code     0  libinit2.o(.ARM.Collect$$libinit$$0000002C)
    __rt_lib_init_atexit_1                   0x0800021d   Thumb Code     0  libinit2.o(.ARM.Collect$$libinit$$0000001B)
    __rt_lib_init_clock_1                    0x0800021d   Thumb Code     0  libinit2.o(.ARM.Collect$$libinit$$00000021)
    __rt_lib_init_cpp_1                      0x0800021d   Thumb Code     0  libinit2.o(.ARM.Collect$$libinit$$00000032)
    __rt_lib_init_exceptions_1               0x0800021d   Thumb Code     0  libinit2.o(.ARM.Collect$$libinit$$00000030)
    __rt_lib_init_fp_trap_1                  0x0800021d   Thumb Code     0  libinit2.o(.ARM.Collect$$libinit$$0000001F)
    __rt_lib_init_getenv_1                   0x0800021d   Thumb Code     0  libinit2.o(.ARM.Collect$$libinit$$00000023)
    __rt_lib_init_lc_numeric_1               0x0800021d   Thumb Code     0  libinit2.o(.ARM.Collect$$libinit$$00000017)
    __rt_lib_init_lc_time_1                  0x0800021d   Thumb Code     0  libinit2.o(.ARM.Collect$$libinit$$00000019)
    __rt_lib_init_return                     0x0800021d   Thumb Code     0  libinit2.o(.ARM.Collect$$libinit$$00000033)
    __rt_lib_init_signal_1                   0x0800021d   Thumb Code     0  libinit2.o(.ARM.Collect$$libinit$$0000001D)
    __rt_lib_init_stdio_1                    0x0800021d   Thumb Code     0  libinit2.o(.ARM.Collect$$libinit$$00000025)
    __rt_lib_shutdown                        0x0800021f   Thumb Code     0  libshutdown.o(.ARM.Collect$$libshutdown$$00000000)
    __rt_lib_shutdown_cpp_1                  0x08000221   Thumb Code     0  libshutdown2.o(.ARM.Collect$$libshutdown$$00000002)
    __rt_lib_shutdown_fp_trap_1              0x08000221   Thumb Code     0  libshutdown2.o(.ARM.Collect$$libshutdown$$00000007)
    __rt_lib_shutdown_heap_1                 0x08000221   Thumb Code     0  libshutdown2.o(.ARM.Collect$$libshutdown$$0000000F)
    __rt_lib_shutdown_return                 0x08000221   Thumb Code     0  libshutdown2.o(.ARM.Collect$$libshutdown$$00000010)
    __rt_lib_shutdown_signal_1               0x08000221   Thumb Code     0  libshutdown2.o(.ARM.Collect$$libshutdown$$0000000A)
    __rt_lib_shutdown_stdio_1                0x08000221   Thumb Code     0  libshutdown2.o(.ARM.Collect$$libshutdown$$00000004)
    __rt_lib_shutdown_user_alloc_1           0x08000221   Thumb Code     0  libshutdown2.o(.ARM.Collect$$libshutdown$$0000000C)
    __rt_entry                               0x08000223   Thumb Code     0  __rtentry.o(.ARM.Collect$$rtentry$$00000000)
    __rt_entry_presh_1                       0x08000223   Thumb Code     0  __rtentry2.o(.ARM.Collect$$rtentry$$00000002)
    __rt_entry_sh                            0x08000223   Thumb Code     0  __rtentry4.o(.ARM.Collect$$rtentry$$00000004)
    __rt_entry_li                            0x08000229   Thumb Code     0  __rtentry2.o(.ARM.Collect$$rtentry$$0000000A)
    __rt_entry_postsh_1                      0x08000229   Thumb Code     0  __rtentry2.o(.ARM.Collect$$rtentry$$00000009)
    __rt_entry_main                          0x0800022d   Thumb Code     0  __rtentry2.o(.ARM.Collect$$rtentry$$0000000D)
    __rt_entry_postli_1                      0x0800022d   Thumb Code     0  __rtentry2.o(.ARM.Collect$$rtentry$$0000000C)
    __rt_exit                                0x08000235   Thumb Code     0  rtexit.o(.ARM.Collect$$rtexit$$00000000)
    __rt_exit_ls                             0x08000237   Thumb Code     0  rtexit2.o(.ARM.Collect$$rtexit$$00000003)
    __rt_exit_prels_1                        0x08000237   Thumb Code     0  rtexit2.o(.ARM.Collect$$rtexit$$00000002)
    __rt_exit_exit                           0x0800023b   Thumb Code     0  rtexit2.o(.ARM.Collect$$rtexit$$00000004)
    Reset_Handler                            0x08000241   Thumb Code     8  startup_stm32f40_41xxx.o(.text)
    ADC_IRQHandler                           0x0800025b   Thumb Code     0  startup_stm32f40_41xxx.o(.text)
    CAN1_RX0_IRQHandler                      0x0800025b   Thumb Code     0  startup_stm32f40_41xxx.o(.text)
    CAN1_RX1_IRQHandler                      0x0800025b   Thumb Code     0  startup_stm32f40_41xxx.o(.text)
    CAN1_SCE_IRQHandler                      0x0800025b   Thumb Code     0  startup_stm32f40_41xxx.o(.text)
    CAN1_TX_IRQHandler                       0x0800025b   Thumb Code     0  startup_stm32f40_41xxx.o(.text)
    CAN2_RX0_IRQHandler                      0x0800025b   Thumb Code     0  startup_stm32f40_41xxx.o(.text)
    CAN2_RX1_IRQHandler                      0x0800025b   Thumb Code     0  startup_stm32f40_41xxx.o(.text)
    CAN2_SCE_IRQHandler                      0x0800025b   Thumb Code     0  startup_stm32f40_41xxx.o(.text)
    CAN2_TX_IRQHandler                       0x0800025b   Thumb Code     0  startup_stm32f40_41xxx.o(.text)
    CRYP_IRQHandler                          0x0800025b   Thumb Code     0  startup_stm32f40_41xxx.o(.text)
    DCMI_IRQHandler                          0x0800025b   Thumb Code     0  startup_stm32f40_41xxx.o(.text)
    DMA1_Stream0_IRQHandler                  0x0800025b   Thumb Code     0  startup_stm32f40_41xxx.o(.text)
    DMA1_Stream1_IRQHandler                  0x0800025b   Thumb Code     0  startup_stm32f40_41xxx.o(.text)
    DMA1_Stream2_IRQHandler                  0x0800025b   Thumb Code     0  startup_stm32f40_41xxx.o(.text)
    DMA1_Stream3_IRQHandler                  0x0800025b   Thumb Code     0  startup_stm32f40_41xxx.o(.text)
    DMA1_Stream4_IRQHandler                  0x0800025b   Thumb Code     0  startup_stm32f40_41xxx.o(.text)
    DMA1_Stream5_IRQHandler                  0x0800025b   Thumb Code     0  startup_stm32f40_41xxx.o(.text)
    DMA1_Stream6_IRQHandler                  0x0800025b   Thumb Code     0  startup_stm32f40_41xxx.o(.text)
    DMA1_Stream7_IRQHandler                  0x0800025b   Thumb Code     0  startup_stm32f40_41xxx.o(.text)
    DMA2_Stream0_IRQHandler                  0x0800025b   Thumb Code     0  startup_stm32f40_41xxx.o(.text)
    DMA2_Stream1_IRQHandler                  0x0800025b   Thumb Code     0  startup_stm32f40_41xxx.o(.text)
    DMA2_Stream2_IRQHandler                  0x0800025b   Thumb Code     0  startup_stm32f40_41xxx.o(.text)
    DMA2_Stream3_IRQHandler                  0x0800025b   Thumb Code     0  startup_stm32f40_41xxx.o(.text)
    DMA2_Stream4_IRQHandler                  0x0800025b   Thumb Code     0  startup_stm32f40_41xxx.o(.text)
    DMA2_Stream5_IRQHandler                  0x0800025b   Thumb Code     0  startup_stm32f40_41xxx.o(.text)
    DMA2_Stream6_IRQHandler                  0x0800025b   Thumb Code     0  startup_stm32f40_41xxx.o(.text)
    DMA2_Stream7_IRQHandler                  0x0800025b   Thumb Code     0  startup_stm32f40_41xxx.o(.text)
    ETH_IRQHandler                           0x0800025b   Thumb Code     0  startup_stm32f40_41xxx.o(.text)
    ETH_WKUP_IRQHandler                      0x0800025b   Thumb Code     0  startup_stm32f40_41xxx.o(.text)
    EXTI0_IRQHandler                         0x0800025b   Thumb Code     0  startup_stm32f40_41xxx.o(.text)
    EXTI15_10_IRQHandler                     0x0800025b   Thumb Code     0  startup_stm32f40_41xxx.o(.text)
    EXTI1_IRQHandler                         0x0800025b   Thumb Code     0  startup_stm32f40_41xxx.o(.text)
    EXTI2_IRQHandler                         0x0800025b   Thumb Code     0  startup_stm32f40_41xxx.o(.text)
    EXTI3_IRQHandler                         0x0800025b   Thumb Code     0  startup_stm32f40_41xxx.o(.text)
    EXTI4_IRQHandler                         0x0800025b   Thumb Code     0  startup_stm32f40_41xxx.o(.text)
    EXTI9_5_IRQHandler                       0x0800025b   Thumb Code     0  startup_stm32f40_41xxx.o(.text)
    FLASH_IRQHandler                         0x0800025b   Thumb Code     0  startup_stm32f40_41xxx.o(.text)
    FPU_IRQHandler                           0x0800025b   Thumb Code     0  startup_stm32f40_41xxx.o(.text)
    FSMC_IRQHandler                          0x0800025b   Thumb Code     0  startup_stm32f40_41xxx.o(.text)
    HASH_RNG_IRQHandler                      0x0800025b   Thumb Code     0  startup_stm32f40_41xxx.o(.text)
    I2C1_ER_IRQHandler                       0x0800025b   Thumb Code     0  startup_stm32f40_41xxx.o(.text)
    I2C1_EV_IRQHandler                       0x0800025b   Thumb Code     0  startup_stm32f40_41xxx.o(.text)
    I2C2_ER_IRQHandler                       0x0800025b   Thumb Code     0  startup_stm32f40_41xxx.o(.text)
    I2C2_EV_IRQHandler                       0x0800025b   Thumb Code     0  startup_stm32f40_41xxx.o(.text)
    I2C3_ER_IRQHandler                       0x0800025b   Thumb Code     0  startup_stm32f40_41xxx.o(.text)
    I2C3_EV_IRQHandler                       0x0800025b   Thumb Code     0  startup_stm32f40_41xxx.o(.text)
    OTG_FS_IRQHandler                        0x0800025b   Thumb Code     0  startup_stm32f40_41xxx.o(.text)
    OTG_FS_WKUP_IRQHandler                   0x0800025b   Thumb Code     0  startup_stm32f40_41xxx.o(.text)
    OTG_HS_EP1_IN_IRQHandler                 0x0800025b   Thumb Code     0  startup_stm32f40_41xxx.o(.text)
    OTG_HS_EP1_OUT_IRQHandler                0x0800025b   Thumb Code     0  startup_stm32f40_41xxx.o(.text)
    OTG_HS_IRQHandler                        0x0800025b   Thumb Code     0  startup_stm32f40_41xxx.o(.text)
    OTG_HS_WKUP_IRQHandler                   0x0800025b   Thumb Code     0  startup_stm32f40_41xxx.o(.text)
    PVD_IRQHandler                           0x0800025b   Thumb Code     0  startup_stm32f40_41xxx.o(.text)
    RCC_IRQHandler                           0x0800025b   Thumb Code     0  startup_stm32f40_41xxx.o(.text)
    RTC_Alarm_IRQHandler                     0x0800025b   Thumb Code     0  startup_stm32f40_41xxx.o(.text)
    RTC_WKUP_IRQHandler                      0x0800025b   Thumb Code     0  startup_stm32f40_41xxx.o(.text)
    SDIO_IRQHandler                          0x0800025b   Thumb Code     0  startup_stm32f40_41xxx.o(.text)
    SPI1_IRQHandler                          0x0800025b   Thumb Code     0  startup_stm32f40_41xxx.o(.text)
    SPI2_IRQHandler                          0x0800025b   Thumb Code     0  startup_stm32f40_41xxx.o(.text)
    SPI3_IRQHandler                          0x0800025b   Thumb Code     0  startup_stm32f40_41xxx.o(.text)
    TAMP_STAMP_IRQHandler                    0x0800025b   Thumb Code     0  startup_stm32f40_41xxx.o(.text)
    TIM1_BRK_TIM9_IRQHandler                 0x0800025b   Thumb Code     0  startup_stm32f40_41xxx.o(.text)
    TIM1_CC_IRQHandler                       0x0800025b   Thumb Code     0  startup_stm32f40_41xxx.o(.text)
    TIM1_TRG_COM_TIM11_IRQHandler            0x0800025b   Thumb Code     0  startup_stm32f40_41xxx.o(.text)
    TIM1_UP_TIM10_IRQHandler                 0x0800025b   Thumb Code     0  startup_stm32f40_41xxx.o(.text)
    TIM3_IRQHandler                          0x0800025b   Thumb Code     0  startup_stm32f40_41xxx.o(.text)
    TIM4_IRQHandler                          0x0800025b   Thumb Code     0  startup_stm32f40_41xxx.o(.text)
    TIM5_IRQHandler                          0x0800025b   Thumb Code     0  startup_stm32f40_41xxx.o(.text)
    TIM6_DAC_IRQHandler                      0x0800025b   Thumb Code     0  startup_stm32f40_41xxx.o(.text)
    TIM7_IRQHandler                          0x0800025b   Thumb Code     0  startup_stm32f40_41xxx.o(.text)
    TIM8_BRK_TIM12_IRQHandler                0x0800025b   Thumb Code     0  startup_stm32f40_41xxx.o(.text)
    TIM8_CC_IRQHandler                       0x0800025b   Thumb Code     0  startup_stm32f40_41xxx.o(.text)
    TIM8_TRG_COM_TIM14_IRQHandler            0x0800025b   Thumb Code     0  startup_stm32f40_41xxx.o(.text)
    TIM8_UP_TIM13_IRQHandler                 0x0800025b   Thumb Code     0  startup_stm32f40_41xxx.o(.text)
    UART4_IRQHandler                         0x0800025b   Thumb Code     0  startup_stm32f40_41xxx.o(.text)
    UART5_IRQHandler                         0x0800025b   Thumb Code     0  startup_stm32f40_41xxx.o(.text)
    USART1_IRQHandler                        0x0800025b   Thumb Code     0  startup_stm32f40_41xxx.o(.text)
    USART3_IRQHandler                        0x0800025b   Thumb Code     0  startup_stm32f40_41xxx.o(.text)
    WWDG_IRQHandler                          0x0800025b   Thumb Code     0  startup_stm32f40_41xxx.o(.text)
    __user_initial_stackheap                 0x0800025d   Thumb Code     0  startup_stm32f40_41xxx.o(.text)
    __use_no_semihosting                     0x08000281   Thumb Code     2  use_no_semi_2.o(.text)
    __2sprintf                               0x08000285   Thumb Code    34  noretval__2sprintf.o(.text)
    __printf                                 0x080002ad   Thumb Code   308  __printf_flags_wp.o(.text)
    __aeabi_memcpy                           0x080003e5   Thumb Code     0  rt_memcpy_v6.o(.text)
    __rt_memcpy                              0x080003e5   Thumb Code   138  rt_memcpy_v6.o(.text)
    _memcpy_lastbytes                        0x0800044b   Thumb Code     0  rt_memcpy_v6.o(.text)
    __use_two_region_memory                  0x0800046f   Thumb Code     2  heapauxi.o(.text)
    __rt_heap_escrow$2region                 0x08000471   Thumb Code     2  heapauxi.o(.text)
    __rt_heap_expand$2region                 0x08000473   Thumb Code     2  heapauxi.o(.text)
    __I$use$semihosting                      0x08000475   Thumb Code     0  use_no_semi.o(.text)
    __use_no_semihosting_swi                 0x08000475   Thumb Code     2  use_no_semi.o(.text)
    __lib_sel_fp_printf                      0x08000477   Thumb Code     2  _printf_fp_dec.o(.text)
    _printf_fp_dec_real                      0x08000629   Thumb Code   620  _printf_fp_dec.o(.text)
    _printf_char_common                      0x0800089f   Thumb Code    32  _printf_char_common.o(.text)
    _sputc                                   0x080008c5   Thumb Code    10  _sputc.o(.text)
    __aeabi_memcpy4                          0x080008cf   Thumb Code     0  rt_memcpy_w.o(.text)
    __aeabi_memcpy8                          0x080008cf   Thumb Code     0  rt_memcpy_w.o(.text)
    __rt_memcpy_w                            0x080008cf   Thumb Code   100  rt_memcpy_w.o(.text)
    _memcpy_lastbytes_aligned                0x08000917   Thumb Code     0  rt_memcpy_w.o(.text)
    __rt_locale                              0x08000935   Thumb Code     8  rt_locale_intlibspace.o(.text)
    _ll_udiv10                               0x0800093d   Thumb Code   138  lludiv10.o(.text)
    _printf_fp_infnan                        0x080009c9   Thumb Code   112  _printf_fp_infnan.o(.text)
    _btod_etento                             0x08000a49   Thumb Code   224  bigflt0.o(.text)
    __user_libspace                          0x08000b2d   Thumb Code     8  libspace.o(.text)
    __user_perproc_libspace                  0x08000b2d   Thumb Code     0  libspace.o(.text)
    __user_perthread_libspace                0x08000b2d   Thumb Code     0  libspace.o(.text)
    __user_setup_stackheap                   0x08000b35   Thumb Code    74  sys_stackheap_outer.o(.text)
    exit                                     0x08000b7f   Thumb Code    18  exit.o(.text)
    strcmp                                   0x08000b91   Thumb Code   128  strcmpv7m.o(.text)
    _btod_d2e                                0x08000c11   Thumb Code    62  btod.o(CL$$btod_d2e)
    _d2e_denorm_low                          0x08000c4f   Thumb Code    70  btod.o(CL$$btod_d2e_denorm_low)
    _d2e_norm_op1                            0x08000c95   Thumb Code    96  btod.o(CL$$btod_d2e_norm_op1)
    __btod_div_common                        0x08000cf5   Thumb Code   696  btod.o(CL$$btod_div_common)
    _e2e                                     0x0800102d   Thumb Code   220  btod.o(CL$$btod_e2e)
    _btod_ediv                               0x08001109   Thumb Code    42  btod.o(CL$$btod_ediv)
    _btod_emul                               0x08001133   Thumb Code    42  btod.o(CL$$btod_emul)
    __btod_mult_common                       0x0800115d   Thumb Code   580  btod.o(CL$$btod_mult_common)
    ADC_Cmd                                  0x080013a1   Thumb Code    22  stm32f4xx_adc.o(i.ADC_Cmd)
    ADC_CommonInit                           0x080013b9   Thumb Code    34  stm32f4xx_adc.o(i.ADC_CommonInit)
    ADC_GetConversionValue                   0x080013e9   Thumb Code     8  stm32f4xx_adc.o(i.ADC_GetConversionValue)
    ADC_GetFlagStatus                        0x080013f1   Thumb Code    18  stm32f4xx_adc.o(i.ADC_GetFlagStatus)
    ADC_Init                                 0x08001405   Thumb Code    74  stm32f4xx_adc.o(i.ADC_Init)
    ADC_RegularChannelConfig                 0x08001459   Thumb Code   184  stm32f4xx_adc.o(i.ADC_RegularChannelConfig)
    ADC_SoftwareStartConv                    0x08001511   Thumb Code    10  stm32f4xx_adc.o(i.ADC_SoftwareStartConv)
    Adc_Init                                 0x0800151d   Thumb Code   122  adcdac.o(i.Adc_Init)
    Beep_Init                                0x080015a1   Thumb Code    60  beep.o(i.Beep_Init)
    BusFault_Handler                         0x080015e1   Thumb Code     4  stm32f4xx_it.o(i.BusFault_Handler)
    DAC_Cmd                                  0x080015e5   Thumb Code    34  stm32f4xx_dac.o(i.DAC_Cmd)
    DAC_Init                                 0x0800160d   Thumb Code    46  stm32f4xx_dac.o(i.DAC_Init)
    DAC_SetChannel1Data                      0x08001641   Thumb Code    26  stm32f4xx_dac.o(i.DAC_SetChannel1Data)
    Dac_Init                                 0x08001661   Thumb Code    84  adcdac.o(i.Dac_Init)
    DebugMon_Handler                         0x080016b9   Thumb Code     2  stm32f4xx_it.o(i.DebugMon_Handler)
    Delay_ms                                 0x080016e9   Thumb Code   210  delay.o(i.Delay_ms)
    GPIO_Init                                0x080017c1   Thumb Code   144  stm32f4xx_gpio.o(i.GPIO_Init)
    GPIO_PinAFConfig                         0x08001851   Thumb Code    70  stm32f4xx_gpio.o(i.GPIO_PinAFConfig)
    GPIO_ReadInputDataBit                    0x08001897   Thumb Code    18  stm32f4xx_gpio.o(i.GPIO_ReadInputDataBit)
    GPIO_ResetBits                           0x080018a9   Thumb Code     4  stm32f4xx_gpio.o(i.GPIO_ResetBits)
    GPIO_SetBits                             0x080018ad   Thumb Code     4  stm32f4xx_gpio.o(i.GPIO_SetBits)
    Get_Adc                                  0x080018b1   Thumb Code    44  adcdac.o(i.Get_Adc)
    HardFault_Handler                        0x080018e1   Thumb Code     4  stm32f4xx_it.o(i.HardFault_Handler)
    KEY_SCAN                                 0x080018e5   Thumb Code   112  key.o(i.KEY_SCAN)
    Key_Init                                 0x0800195d   Thumb Code    42  key.o(i.Key_Init)
    LED_Init                                 0x0800198d   Thumb Code    60  led.o(i.LED_Init)
    MemManage_Handler                        0x080019cd   Thumb Code     4  stm32f4xx_it.o(i.MemManage_Handler)
    NMI_Handler                              0x080019d1   Thumb Code     2  stm32f4xx_it.o(i.NMI_Handler)
    NVIC_Init                                0x080019d5   Thumb Code   106  misc.o(i.NVIC_Init)
    NVIC_PriorityGroupConfig                 0x08001a4d   Thumb Code    10  misc.o(i.NVIC_PriorityGroupConfig)
    OLED_Clear                               0x08001a61   Thumb Code    42  oled.o(i.OLED_Clear)
    OLED_DrawPoint                           0x08001a91   Thumb Code   100  oled.o(i.OLED_DrawPoint)
    OLED_Init                                0x08001af9   Thumb Code   302  oled.o(i.OLED_Init)
    OLED_Refresh_Gram                        0x08001c35   Thumb Code    70  oled.o(i.OLED_Refresh_Gram)
    OLED_ShowChar                            0x08001c81   Thumb Code   254  oled.o(i.OLED_ShowChar)
    OLED_ShowFloat                           0x08001d8d   Thumb Code    82  oled.o(i.OLED_ShowFloat)
    OLED_ShowString                          0x08001ded   Thumb Code    94  oled.o(i.OLED_ShowString)
    OLED_WR_Byte                             0x08001e4d   Thumb Code    86  oled.o(i.OLED_WR_Byte)
    PendSV_Handler                           0x08001ead   Thumb Code     2  stm32f4xx_it.o(i.PendSV_Handler)
    RCC_AHB1PeriphClockCmd                   0x08001eb1   Thumb Code    26  stm32f4xx_rcc.o(i.RCC_AHB1PeriphClockCmd)
    RCC_APB1PeriphClockCmd                   0x08001ed1   Thumb Code    26  stm32f4xx_rcc.o(i.RCC_APB1PeriphClockCmd)
    RCC_APB2PeriphClockCmd                   0x08001ef1   Thumb Code    26  stm32f4xx_rcc.o(i.RCC_APB2PeriphClockCmd)
    RCC_APB2PeriphResetCmd                   0x08001f11   Thumb Code    26  stm32f4xx_rcc.o(i.RCC_APB2PeriphResetCmd)
    RCC_GetClocksFreq                        0x08001f31   Thumb Code   214  stm32f4xx_rcc.o(i.RCC_GetClocksFreq)
    RS485_Init                               0x08002019   Thumb Code   216  rs485.o(i.RS485_Init)
    RS485_Receive_Data                       0x08002101   Thumb Code    70  rs485.o(i.RS485_Receive_Data)
    RS485_Send_Data                          0x08002151   Thumb Code    66  rs485.o(i.RS485_Send_Data)
    SVC_Handler                              0x080021a1   Thumb Code     2  stm32f4xx_it.o(i.SVC_Handler)
    SysTick_CLKSourceConfig                  0x08002291   Thumb Code    40  misc.o(i.SysTick_CLKSourceConfig)
    SysTick_Handler                          0x080022b9   Thumb Code     2  stm32f4xx_it.o(i.SysTick_Handler)
    SystemInit                               0x080022bd   Thumb Code    88  system_stm32f4xx.o(i.SystemInit)
    TIM2_IRQHandler                          0x08002325   Thumb Code    26  porttimer.o(i.TIM2_IRQHandler)
    TIM_ClearITPendingBit                    0x0800233f   Thumb Code     6  stm32f4xx_tim.o(i.TIM_ClearITPendingBit)
    TIM_GetITStatus                          0x08002345   Thumb Code    34  stm32f4xx_tim.o(i.TIM_GetITStatus)
    USART2_IRQHandler                        0x08002369   Thumb Code    50  rs485.o(i.USART2_IRQHandler)
    USART6_IRQHandler                        0x080023a9   Thumb Code   122  usart.o(i.USART6_IRQHandler)
    USART_ClearFlag                          0x08002431   Thumb Code    18  stm32f4xx_usart.o(i.USART_ClearFlag)
    USART_Cmd                                0x08002443   Thumb Code    24  stm32f4xx_usart.o(i.USART_Cmd)
    USART_GetFlagStatus                      0x0800245b   Thumb Code    26  stm32f4xx_usart.o(i.USART_GetFlagStatus)
    USART_GetITStatus                        0x08002475   Thumb Code    84  stm32f4xx_usart.o(i.USART_GetITStatus)
    USART_ITConfig                           0x080024c9   Thumb Code    74  stm32f4xx_usart.o(i.USART_ITConfig)
    USART_Init                               0x08002515   Thumb Code   204  stm32f4xx_usart.o(i.USART_Init)
    USART_ReceiveData                        0x080025e9   Thumb Code    10  stm32f4xx_usart.o(i.USART_ReceiveData)
    USART_SendData                           0x080025f3   Thumb Code     8  stm32f4xx_usart.o(i.USART_SendData)
    UsageFault_Handler                       0x080025fb   Thumb Code     4  stm32f4xx_it.o(i.UsageFault_Handler)
    __ARM_fpclassify                         0x080025ff   Thumb Code    48  fpclassify.o(i.__ARM_fpclassify)
    _is_digit                                0x0800262f   Thumb Code    14  __printf_wp.o(i._is_digit)
    _sys_exit                                0x0800263d   Thumb Code     4  usart.o(i._sys_exit)
    eMBFuncReadCoils                         0x08002641   Thumb Code   174  mbfunccoils.o(i.eMBFuncReadCoils)
    eMBFuncReadDiscreteInputs                0x080026ef   Thumb Code   172  mbfuncdisc.o(i.eMBFuncReadDiscreteInputs)
    eMBFuncReadHoldingRegister               0x0800279b   Thumb Code   140  mbfuncholding.o(i.eMBFuncReadHoldingRegister)
    eMBFuncReadInputRegister                 0x08002827   Thumb Code   140  mbfuncinput.o(i.eMBFuncReadInputRegister)
    eMBFuncReadWriteMultipleHoldingRegister  0x080028b3   Thumb Code   212  mbfuncholding.o(i.eMBFuncReadWriteMultipleHoldingRegister)
    eMBFuncReportSlaveID                     0x08002989   Thumb Code    30  mbfuncother.o(i.eMBFuncReportSlaveID)
    eMBFuncWriteCoil                         0x080029b1   Thumb Code   112  mbfunccoils.o(i.eMBFuncWriteCoil)
    eMBFuncWriteHoldingRegister              0x08002a21   Thumb Code    66  mbfuncholding.o(i.eMBFuncWriteHoldingRegister)
    eMBFuncWriteMultipleCoils                0x08002a63   Thumb Code   144  mbfunccoils.o(i.eMBFuncWriteMultipleCoils)
    eMBFuncWriteMultipleHoldingRegister      0x08002af3   Thumb Code   110  mbfuncholding.o(i.eMBFuncWriteMultipleHoldingRegister)
    eMBRegCoilsCB                            0x08002b61   Thumb Code   118  port.o(i.eMBRegCoilsCB)
    eMBRegDiscreteCB                         0x08002be1   Thumb Code     8  port.o(i.eMBRegDiscreteCB)
    eMBRegHoldingCB                          0x08002be9   Thumb Code   118  port.o(i.eMBRegHoldingCB)
    eMBRegInputCB                            0x08002c69   Thumb Code    64  port.o(i.eMBRegInputCB)
    main                                     0x08002cb1   Thumb Code   372  main.o(i.main)
    prveMBError2Exception                    0x08002e85   Thumb Code    34  mbutils.o(i.prveMBError2Exception)
    prvvTIMERExpiredISR                      0x08002ea9   Thumb Code    10  porttimer.o(i.prvvTIMERExpiredISR)
    uart_Init                                0x08002eb9   Thumb Code   170  usart.o(i.uart_Init)
    _get_lc_numeric                          0x08002f6d   Thumb Code    44  lc_numeric_c.o(locale$$code)
    __aeabi_d2f                              0x08002f99   Thumb Code     0  d2f.o(x$fpl$d2f)
    _d2f                                     0x08002f99   Thumb Code    98  d2f.o(x$fpl$d2f)
    __aeabi_dmul                             0x08002ffd   Thumb Code     0  dmul.o(x$fpl$dmul)
    _dmul                                    0x08002ffd   Thumb Code   332  dmul.o(x$fpl$dmul)
    __fpl_dnaninf                            0x08003151   Thumb Code   156  dnaninf.o(x$fpl$dnaninf)
    __fpl_dretinf                            0x080031ed   Thumb Code    12  dretinf.o(x$fpl$dretinf)
    __aeabi_f2d                              0x080031f9   Thumb Code     0  f2d.o(x$fpl$f2d)
    _f2d                                     0x080031f9   Thumb Code    86  f2d.o(x$fpl$f2d)
    __fpl_fnaninf                            0x0800324f   Thumb Code   140  fnaninf.o(x$fpl$fnaninf)
    _fp_init                                 0x080032db   Thumb Code    10  fpinit.o(x$fpl$fpinit)
    __fplib_config_fpu_vfp                   0x080032e3   Thumb Code     0  fpinit.o(x$fpl$fpinit)
    __fplib_config_pureend_doubles           0x080032e3   Thumb Code     0  fpinit.o(x$fpl$fpinit)
    __fpl_fretinf                            0x080032e5   Thumb Code    10  fretinf.o(x$fpl$fretinf)
    _printf_fp_dec                           0x080032ef   Thumb Code     4  printf1.o(x$fpl$printf1)
    __I$use$fp                               0x080032f2   Number         0  usenofp.o(x$fpl$usenofp)
    asc2_1206                                0x080032f2   Data        1140  oled.o(.constdata)
    asc2_1608                                0x08003766   Data        1520  oled.o(.constdata)
    asc2_2412                                0x08003d56   Data        3420  oled.o(.constdata)
    Region$$Table$$Base                      0x08004b58   Number         0  anon$$obj.o(Region$$Table)
    Region$$Table$$Limit                     0x08004b78   Number         0  anon$$obj.o(Region$$Table)
    SystemCoreClock                          0x20000000   Data           4  system_stm32f4xx.o(.data)
    AHBPrescTable                            0x20000004   Data          16  system_stm32f4xx.o(.data)
    RS485_RX_CNT                             0x20000015   Data           1  rs485.o(.data)
    __stdout                                 0x20000018   Data           4  usart.o(.data)
    USART_RX_STA                             0x2000001c   Data           2  usart.o(.data)
    pxMBFrameCBByteReceived                  0x20000048   Data           4  mb.o(.data)
    pxMBFrameCBTransmitterEmpty              0x2000004c   Data           4  mb.o(.data)
    pxMBPortCBTimerExpired                   0x20000050   Data           4  mb.o(.data)
    pxMBFrameCBReceiveFSMCur                 0x20000054   Data           4  mb.o(.data)
    pxMBFrameCBTransmitFSMCur                0x20000058   Data           4  mb.o(.data)
    usRegInputStart                          0x200000e6   Data           2  port.o(.data)
    usRegInputBuf                            0x200000e8   Data           8  port.o(.data)
    usRegHoldingStart                        0x200000f0   Data           2  port.o(.data)
    usRegHoldingBuf                          0x200000f2   Data           8  port.o(.data)
    OLED_GRAM                                0x200000fc   Data        1024  oled.o(.bss)
    RS485_RX_BUF                             0x200004fc   Data          64  rs485.o(.bss)
    USART_RX_BUF                             0x2000053c   Data         200  usart.o(.bss)
    __libspace_start                         0x20000624   Data          96  libspace.o(.bss)
    __temporary_stack_top$libspace           0x20000684   Data           0  libspace.o(.bss)



==============================================================================

Memory Map of the image

  Image Entry point : 0x08000189

  Load Region LR_IROM1 (Base: 0x08000000, Size: 0x00004c90, Max: 0x00100000, ABSOLUTE)

    Execution Region ER_IROM1 (Exec base: 0x08000000, Load base: 0x08000000, Size: 0x00004b94, Max: 0x00100000, ABSOLUTE)

    Exec Addr    Load Addr    Size         Type   Attr      Idx    E Section Name        Object

    0x08000000   0x08000000   0x00000188   Data   RO          667    RESET               startup_stm32f40_41xxx.o
    0x08000188   0x08000188   0x00000008   Code   RO         5965  * !!!main             c_w.l(__main.o)
    0x08000190   0x08000190   0x00000034   Code   RO         6223    !!!scatter          c_w.l(__scatter.o)
    0x080001c4   0x080001c4   0x0000001a   Code   RO         6225    !!handler_copy      c_w.l(__scatter_copy.o)
    0x080001de   0x080001de   0x00000002   PAD
    0x080001e0   0x080001e0   0x0000001c   Code   RO         6227    !!handler_zi        c_w.l(__scatter_zi.o)
    0x080001fc   0x080001fc   0x00000000   Code   RO         5958    .ARM.Collect$$_printf_percent$$00000000  c_w.l(_printf_percent.o)
    0x080001fc   0x080001fc   0x00000006   Code   RO         5957    .ARM.Collect$$_printf_percent$$00000003  c_w.l(_printf_f.o)
    0x08000202   0x08000202   0x00000004   Code   RO         6002    .ARM.Collect$$_printf_percent$$00000017  c_w.l(_printf_percent_end.o)
    0x08000206   0x08000206   0x00000002   Code   RO         6109    .ARM.Collect$$libinit$$00000000  c_w.l(libinit.o)
    0x08000208   0x08000208   0x00000004   Code   RO         6110    .ARM.Collect$$libinit$$00000001  c_w.l(libinit2.o)
    0x0800020c   0x0800020c   0x00000000   Code   RO         6113    .ARM.Collect$$libinit$$00000004  c_w.l(libinit2.o)
    0x0800020c   0x0800020c   0x00000000   Code   RO         6116    .ARM.Collect$$libinit$$0000000A  c_w.l(libinit2.o)
    0x0800020c   0x0800020c   0x00000000   Code   RO         6118    .ARM.Collect$$libinit$$0000000C  c_w.l(libinit2.o)
    0x0800020c   0x0800020c   0x00000000   Code   RO         6120    .ARM.Collect$$libinit$$0000000E  c_w.l(libinit2.o)
    0x0800020c   0x0800020c   0x00000006   Code   RO         6121    .ARM.Collect$$libinit$$0000000F  c_w.l(libinit2.o)
    0x08000212   0x08000212   0x00000000   Code   RO         6123    .ARM.Collect$$libinit$$00000011  c_w.l(libinit2.o)
    0x08000212   0x08000212   0x00000000   Code   RO         6125    .ARM.Collect$$libinit$$00000013  c_w.l(libinit2.o)
    0x08000212   0x08000212   0x00000000   Code   RO         6127    .ARM.Collect$$libinit$$00000015  c_w.l(libinit2.o)
    0x08000212   0x08000212   0x0000000a   Code   RO         6128    .ARM.Collect$$libinit$$00000016  c_w.l(libinit2.o)
    0x0800021c   0x0800021c   0x00000000   Code   RO         6129    .ARM.Collect$$libinit$$00000017  c_w.l(libinit2.o)
    0x0800021c   0x0800021c   0x00000000   Code   RO         6131    .ARM.Collect$$libinit$$00000019  c_w.l(libinit2.o)
    0x0800021c   0x0800021c   0x00000000   Code   RO         6133    .ARM.Collect$$libinit$$0000001B  c_w.l(libinit2.o)
    0x0800021c   0x0800021c   0x00000000   Code   RO         6135    .ARM.Collect$$libinit$$0000001D  c_w.l(libinit2.o)
    0x0800021c   0x0800021c   0x00000000   Code   RO         6137    .ARM.Collect$$libinit$$0000001F  c_w.l(libinit2.o)
    0x0800021c   0x0800021c   0x00000000   Code   RO         6139    .ARM.Collect$$libinit$$00000021  c_w.l(libinit2.o)
    0x0800021c   0x0800021c   0x00000000   Code   RO         6141    .ARM.Collect$$libinit$$00000023  c_w.l(libinit2.o)
    0x0800021c   0x0800021c   0x00000000   Code   RO         6143    .ARM.Collect$$libinit$$00000025  c_w.l(libinit2.o)
    0x0800021c   0x0800021c   0x00000000   Code   RO         6147    .ARM.Collect$$libinit$$0000002C  c_w.l(libinit2.o)
    0x0800021c   0x0800021c   0x00000000   Code   RO         6149    .ARM.Collect$$libinit$$0000002E  c_w.l(libinit2.o)
    0x0800021c   0x0800021c   0x00000000   Code   RO         6151    .ARM.Collect$$libinit$$00000030  c_w.l(libinit2.o)
    0x0800021c   0x0800021c   0x00000000   Code   RO         6153    .ARM.Collect$$libinit$$00000032  c_w.l(libinit2.o)
    0x0800021c   0x0800021c   0x00000002   Code   RO         6154    .ARM.Collect$$libinit$$00000033  c_w.l(libinit2.o)
    0x0800021e   0x0800021e   0x00000002   Code   RO         6204    .ARM.Collect$$libshutdown$$00000000  c_w.l(libshutdown.o)
    0x08000220   0x08000220   0x00000000   Code   RO         6206    .ARM.Collect$$libshutdown$$00000002  c_w.l(libshutdown2.o)
    0x08000220   0x08000220   0x00000000   Code   RO         6208    .ARM.Collect$$libshutdown$$00000004  c_w.l(libshutdown2.o)
    0x08000220   0x08000220   0x00000000   Code   RO         6211    .ARM.Collect$$libshutdown$$00000007  c_w.l(libshutdown2.o)
    0x08000220   0x08000220   0x00000000   Code   RO         6214    .ARM.Collect$$libshutdown$$0000000A  c_w.l(libshutdown2.o)
    0x08000220   0x08000220   0x00000000   Code   RO         6216    .ARM.Collect$$libshutdown$$0000000C  c_w.l(libshutdown2.o)
    0x08000220   0x08000220   0x00000000   Code   RO         6219    .ARM.Collect$$libshutdown$$0000000F  c_w.l(libshutdown2.o)
    0x08000220   0x08000220   0x00000002   Code   RO         6220    .ARM.Collect$$libshutdown$$00000010  c_w.l(libshutdown2.o)
    0x08000222   0x08000222   0x00000000   Code   RO         5991    .ARM.Collect$$rtentry$$00000000  c_w.l(__rtentry.o)
    0x08000222   0x08000222   0x00000000   Code   RO         6021    .ARM.Collect$$rtentry$$00000002  c_w.l(__rtentry2.o)
    0x08000222   0x08000222   0x00000006   Code   RO         6033    .ARM.Collect$$rtentry$$00000004  c_w.l(__rtentry4.o)
    0x08000228   0x08000228   0x00000000   Code   RO         6023    .ARM.Collect$$rtentry$$00000009  c_w.l(__rtentry2.o)
    0x08000228   0x08000228   0x00000004   Code   RO         6024    .ARM.Collect$$rtentry$$0000000A  c_w.l(__rtentry2.o)
    0x0800022c   0x0800022c   0x00000000   Code   RO         6026    .ARM.Collect$$rtentry$$0000000C  c_w.l(__rtentry2.o)
    0x0800022c   0x0800022c   0x00000008   Code   RO         6027    .ARM.Collect$$rtentry$$0000000D  c_w.l(__rtentry2.o)
    0x08000234   0x08000234   0x00000002   Code   RO         6155    .ARM.Collect$$rtexit$$00000000  c_w.l(rtexit.o)
    0x08000236   0x08000236   0x00000000   Code   RO         6168    .ARM.Collect$$rtexit$$00000002  c_w.l(rtexit2.o)
    0x08000236   0x08000236   0x00000004   Code   RO         6169    .ARM.Collect$$rtexit$$00000003  c_w.l(rtexit2.o)
    0x0800023a   0x0800023a   0x00000006   Code   RO         6170    .ARM.Collect$$rtexit$$00000004  c_w.l(rtexit2.o)
    0x08000240   0x08000240   0x00000040   Code   RO          668    .text               startup_stm32f40_41xxx.o
    0x08000280   0x08000280   0x00000002   Code   RO         5927    .text               c_w.l(use_no_semi_2.o)
    0x08000282   0x08000282   0x00000002   PAD
    0x08000284   0x08000284   0x00000028   Code   RO         5933    .text               c_w.l(noretval__2sprintf.o)
    0x080002ac   0x080002ac   0x00000138   Code   RO         5949    .text               c_w.l(__printf_flags_wp.o)
    0x080003e4   0x080003e4   0x0000008a   Code   RO         5961    .text               c_w.l(rt_memcpy_v6.o)
    0x0800046e   0x0800046e   0x00000006   Code   RO         5963    .text               c_w.l(heapauxi.o)
    0x08000474   0x08000474   0x00000002   Code   RO         5989    .text               c_w.l(use_no_semi.o)
    0x08000476   0x08000476   0x0000041e   Code   RO         5996    .text               c_w.l(_printf_fp_dec.o)
    0x08000894   0x08000894   0x00000030   Code   RO         5998    .text               c_w.l(_printf_char_common.o)
    0x080008c4   0x080008c4   0x0000000a   Code   RO         6000    .text               c_w.l(_sputc.o)
    0x080008ce   0x080008ce   0x00000064   Code   RO         6007    .text               c_w.l(rt_memcpy_w.o)
    0x08000932   0x08000932   0x00000002   PAD
    0x08000934   0x08000934   0x00000008   Code   RO         6040    .text               c_w.l(rt_locale_intlibspace.o)
    0x0800093c   0x0800093c   0x0000008a   Code   RO         6042    .text               c_w.l(lludiv10.o)
    0x080009c6   0x080009c6   0x00000002   PAD
    0x080009c8   0x080009c8   0x00000080   Code   RO         6044    .text               c_w.l(_printf_fp_infnan.o)
    0x08000a48   0x08000a48   0x000000e4   Code   RO         6048    .text               c_w.l(bigflt0.o)
    0x08000b2c   0x08000b2c   0x00000008   Code   RO         6084    .text               c_w.l(libspace.o)
    0x08000b34   0x08000b34   0x0000004a   Code   RO         6088    .text               c_w.l(sys_stackheap_outer.o)
    0x08000b7e   0x08000b7e   0x00000012   Code   RO         6092    .text               c_w.l(exit.o)
    0x08000b90   0x08000b90   0x00000080   Code   RO         6102    .text               c_w.l(strcmpv7m.o)
    0x08000c10   0x08000c10   0x0000003e   Code   RO         6051    CL$$btod_d2e        c_w.l(btod.o)
    0x08000c4e   0x08000c4e   0x00000046   Code   RO         6053    CL$$btod_d2e_denorm_low  c_w.l(btod.o)
    0x08000c94   0x08000c94   0x00000060   Code   RO         6052    CL$$btod_d2e_norm_op1  c_w.l(btod.o)
    0x08000cf4   0x08000cf4   0x00000338   Code   RO         6061    CL$$btod_div_common  c_w.l(btod.o)
    0x0800102c   0x0800102c   0x000000dc   Code   RO         6058    CL$$btod_e2e        c_w.l(btod.o)
    0x08001108   0x08001108   0x0000002a   Code   RO         6055    CL$$btod_ediv       c_w.l(btod.o)
    0x08001132   0x08001132   0x0000002a   Code   RO         6054    CL$$btod_emul       c_w.l(btod.o)
    0x0800115c   0x0800115c   0x00000244   Code   RO         6060    CL$$btod_mult_common  c_w.l(btod.o)
    0x080013a0   0x080013a0   0x00000016   Code   RO          724    i.ADC_Cmd           stm32f4xx_adc.o
    0x080013b6   0x080013b6   0x00000002   PAD
    0x080013b8   0x080013b8   0x00000030   Code   RO          725    i.ADC_CommonInit    stm32f4xx_adc.o
    0x080013e8   0x080013e8   0x00000008   Code   RO          736    i.ADC_GetConversionValue  stm32f4xx_adc.o
    0x080013f0   0x080013f0   0x00000012   Code   RO          737    i.ADC_GetFlagStatus  stm32f4xx_adc.o
    0x08001402   0x08001402   0x00000002   PAD
    0x08001404   0x08001404   0x00000054   Code   RO          744    i.ADC_Init          stm32f4xx_adc.o
    0x08001458   0x08001458   0x000000b8   Code   RO          749    i.ADC_RegularChannelConfig  stm32f4xx_adc.o
    0x08001510   0x08001510   0x0000000a   Code   RO          751    i.ADC_SoftwareStartConv  stm32f4xx_adc.o
    0x0800151a   0x0800151a   0x00000002   PAD
    0x0800151c   0x0800151c   0x00000084   Code   RO          350    i.Adc_Init          adcdac.o
    0x080015a0   0x080015a0   0x00000040   Code   RO          394    i.Beep_Init         beep.o
    0x080015e0   0x080015e0   0x00000004   Code   RO            3    i.BusFault_Handler  stm32f4xx_it.o
    0x080015e4   0x080015e4   0x00000028   Code   RO         1399    i.DAC_Cmd           stm32f4xx_dac.o
    0x0800160c   0x0800160c   0x00000034   Code   RO         1407    i.DAC_Init          stm32f4xx_dac.o
    0x08001640   0x08001640   0x00000020   Code   RO         1408    i.DAC_SetChannel1Data  stm32f4xx_dac.o
    0x08001660   0x08001660   0x00000058   Code   RO          352    i.Dac_Init          adcdac.o
    0x080016b8   0x080016b8   0x00000002   Code   RO            4    i.DebugMon_Handler  stm32f4xx_it.o
    0x080016ba   0x080016ba   0x00000002   PAD
    0x080016bc   0x080016bc   0x0000002c   Code   RO          565    i.Delay_Init        delay.o
    0x080016e8   0x080016e8   0x000000d8   Code   RO          566    i.Delay_ms          delay.o
    0x080017c0   0x080017c0   0x00000090   Code   RO         2266    i.GPIO_Init         stm32f4xx_gpio.o
    0x08001850   0x08001850   0x00000046   Code   RO         2267    i.GPIO_PinAFConfig  stm32f4xx_gpio.o
    0x08001896   0x08001896   0x00000012   Code   RO         2270    i.GPIO_ReadInputDataBit  stm32f4xx_gpio.o
    0x080018a8   0x080018a8   0x00000004   Code   RO         2273    i.GPIO_ResetBits    stm32f4xx_gpio.o
    0x080018ac   0x080018ac   0x00000004   Code   RO         2274    i.GPIO_SetBits      stm32f4xx_gpio.o
    0x080018b0   0x080018b0   0x00000030   Code   RO          354    i.Get_Adc           adcdac.o
    0x080018e0   0x080018e0   0x00000004   Code   RO            5    i.HardFault_Handler  stm32f4xx_it.o
    0x080018e4   0x080018e4   0x00000078   Code   RO          323    i.KEY_SCAN          key.o
    0x0800195c   0x0800195c   0x00000030   Code   RO          324    i.Key_Init          key.o
    0x0800198c   0x0800198c   0x00000040   Code   RO          274    i.LED_Init          led.o
    0x080019cc   0x080019cc   0x00000004   Code   RO            6    i.MemManage_Handler  stm32f4xx_it.o
    0x080019d0   0x080019d0   0x00000002   Code   RO            7    i.NMI_Handler       stm32f4xx_it.o
    0x080019d2   0x080019d2   0x00000002   PAD
    0x080019d4   0x080019d4   0x00000078   Code   RO          674    i.NVIC_Init         misc.o
    0x08001a4c   0x08001a4c   0x00000014   Code   RO          675    i.NVIC_PriorityGroupConfig  misc.o
    0x08001a60   0x08001a60   0x00000030   Code   RO          414    i.OLED_Clear        oled.o
    0x08001a90   0x08001a90   0x00000068   Code   RO          417    i.OLED_DrawPoint    oled.o
    0x08001af8   0x08001af8   0x0000013c   Code   RO          419    i.OLED_Init         oled.o
    0x08001c34   0x08001c34   0x0000004c   Code   RO          420    i.OLED_Refresh_Gram  oled.o
    0x08001c80   0x08001c80   0x0000010c   Code   RO          421    i.OLED_ShowChar     oled.o
    0x08001d8c   0x08001d8c   0x00000060   Code   RO          422    i.OLED_ShowFloat    oled.o
    0x08001dec   0x08001dec   0x0000005e   Code   RO          424    i.OLED_ShowString   oled.o
    0x08001e4a   0x08001e4a   0x00000002   PAD
    0x08001e4c   0x08001e4c   0x00000060   Code   RO          425    i.OLED_WR_Byte      oled.o
    0x08001eac   0x08001eac   0x00000002   Code   RO            8    i.PendSV_Handler    stm32f4xx_it.o
    0x08001eae   0x08001eae   0x00000002   PAD
    0x08001eb0   0x08001eb0   0x00000020   Code   RO         3130    i.RCC_AHB1PeriphClockCmd  stm32f4xx_rcc.o
    0x08001ed0   0x08001ed0   0x00000020   Code   RO         3139    i.RCC_APB1PeriphClockCmd  stm32f4xx_rcc.o
    0x08001ef0   0x08001ef0   0x00000020   Code   RO         3142    i.RCC_APB2PeriphClockCmd  stm32f4xx_rcc.o
    0x08001f10   0x08001f10   0x00000020   Code   RO         3144    i.RCC_APB2PeriphResetCmd  stm32f4xx_rcc.o
    0x08001f30   0x08001f30   0x000000e8   Code   RO         3151    i.RCC_GetClocksFreq  stm32f4xx_rcc.o
    0x08002018   0x08002018   0x000000e8   Code   RO          520    i.RS485_Init        rs485.o
    0x08002100   0x08002100   0x00000050   Code   RO          521    i.RS485_Receive_Data  rs485.o
    0x08002150   0x08002150   0x00000050   Code   RO          522    i.RS485_Send_Data   rs485.o
    0x080021a0   0x080021a0   0x00000002   Code   RO            9    i.SVC_Handler       stm32f4xx_it.o
    0x080021a2   0x080021a2   0x00000002   PAD
    0x080021a4   0x080021a4   0x000000ec   Code   RO          181    i.SetSysClock       system_stm32f4xx.o
    0x08002290   0x08002290   0x00000028   Code   RO          678    i.SysTick_CLKSourceConfig  misc.o
    0x080022b8   0x080022b8   0x00000002   Code   RO           10    i.SysTick_Handler   stm32f4xx_it.o
    0x080022ba   0x080022ba   0x00000002   PAD
    0x080022bc   0x080022bc   0x00000068   Code   RO          183    i.SystemInit        system_stm32f4xx.o
    0x08002324   0x08002324   0x0000001a   Code   RO         5660    i.TIM2_IRQHandler   porttimer.o
    0x0800233e   0x0800233e   0x00000006   Code   RO         4472    i.TIM_ClearITPendingBit  stm32f4xx_tim.o
    0x08002344   0x08002344   0x00000022   Code   RO         4498    i.TIM_GetITStatus   stm32f4xx_tim.o
    0x08002366   0x08002366   0x00000002   PAD
    0x08002368   0x08002368   0x00000040   Code   RO          523    i.USART2_IRQHandler  rs485.o
    0x080023a8   0x080023a8   0x00000088   Code   RO          600    i.USART6_IRQHandler  usart.o
    0x08002430   0x08002430   0x00000012   Code   RO         5023    i.USART_ClearFlag   stm32f4xx_usart.o
    0x08002442   0x08002442   0x00000018   Code   RO         5027    i.USART_Cmd         stm32f4xx_usart.o
    0x0800245a   0x0800245a   0x0000001a   Code   RO         5030    i.USART_GetFlagStatus  stm32f4xx_usart.o
    0x08002474   0x08002474   0x00000054   Code   RO         5031    i.USART_GetITStatus  stm32f4xx_usart.o
    0x080024c8   0x080024c8   0x0000004a   Code   RO         5033    i.USART_ITConfig    stm32f4xx_usart.o
    0x08002512   0x08002512   0x00000002   PAD
    0x08002514   0x08002514   0x000000d4   Code   RO         5034    i.USART_Init        stm32f4xx_usart.o
    0x080025e8   0x080025e8   0x0000000a   Code   RO         5041    i.USART_ReceiveData  stm32f4xx_usart.o
    0x080025f2   0x080025f2   0x00000008   Code   RO         5044    i.USART_SendData    stm32f4xx_usart.o
    0x080025fa   0x080025fa   0x00000004   Code   RO           11    i.UsageFault_Handler  stm32f4xx_it.o
    0x080025fe   0x080025fe   0x00000030   Code   RO         6082    i.__ARM_fpclassify  m_wm.l(fpclassify.o)
    0x0800262e   0x0800262e   0x0000000e   Code   RO         5947    i._is_digit         c_w.l(__printf_wp.o)
    0x0800263c   0x0800263c   0x00000004   Code   RO          601    i._sys_exit         usart.o
    0x08002640   0x08002640   0x000000ae   Code   RO         5273    i.eMBFuncReadCoils  mbfunccoils.o
    0x080026ee   0x080026ee   0x000000ac   Code   RO         5339    i.eMBFuncReadDiscreteInputs  mbfuncdisc.o
    0x0800279a   0x0800279a   0x0000008c   Code   RO         5359    i.eMBFuncReadHoldingRegister  mbfuncholding.o
    0x08002826   0x08002826   0x0000008c   Code   RO         5397    i.eMBFuncReadInputRegister  mbfuncinput.o
    0x080028b2   0x080028b2   0x000000d4   Code   RO         5360    i.eMBFuncReadWriteMultipleHoldingRegister  mbfuncholding.o
    0x08002986   0x08002986   0x00000002   PAD
    0x08002988   0x08002988   0x00000028   Code   RO         5417    i.eMBFuncReportSlaveID  mbfuncother.o
    0x080029b0   0x080029b0   0x00000070   Code   RO         5274    i.eMBFuncWriteCoil  mbfunccoils.o
    0x08002a20   0x08002a20   0x00000042   Code   RO         5361    i.eMBFuncWriteHoldingRegister  mbfuncholding.o
    0x08002a62   0x08002a62   0x00000090   Code   RO         5275    i.eMBFuncWriteMultipleCoils  mbfunccoils.o
    0x08002af2   0x08002af2   0x0000006e   Code   RO         5362    i.eMBFuncWriteMultipleHoldingRegister  mbfuncholding.o
    0x08002b60   0x08002b60   0x00000080   Code   RO         5866    i.eMBRegCoilsCB     port.o
    0x08002be0   0x08002be0   0x00000008   Code   RO         5867    i.eMBRegDiscreteCB  port.o
    0x08002be8   0x08002be8   0x00000080   Code   RO         5868    i.eMBRegHoldingCB   port.o
    0x08002c68   0x08002c68   0x00000048   Code   RO         5869    i.eMBRegInputCB     port.o
    0x08002cb0   0x08002cb0   0x000001d4   Code   RO          218    i.main              main.o
    0x08002e84   0x08002e84   0x00000022   Code   RO         5446    i.prveMBError2Exception  mbutils.o
    0x08002ea6   0x08002ea6   0x00000002   PAD
    0x08002ea8   0x08002ea8   0x00000010   Code   RO         5661    i.prvvTIMERExpiredISR  porttimer.o
    0x08002eb8   0x08002eb8   0x000000b4   Code   RO          603    i.uart_Init         usart.o
    0x08002f6c   0x08002f6c   0x0000002c   Code   RO         6074    locale$$code        c_w.l(lc_numeric_c.o)
    0x08002f98   0x08002f98   0x00000062   Code   RO         5967    x$fpl$d2f           fz_wm.l(d2f.o)
    0x08002ffa   0x08002ffa   0x00000002   PAD
    0x08002ffc   0x08002ffc   0x00000154   Code   RO         5983    x$fpl$dmul          fz_wm.l(dmul.o)
    0x08003150   0x08003150   0x0000009c   Code   RO         6009    x$fpl$dnaninf       fz_wm.l(dnaninf.o)
    0x080031ec   0x080031ec   0x0000000c   Code   RO         6011    x$fpl$dretinf       fz_wm.l(dretinf.o)
    0x080031f8   0x080031f8   0x00000056   Code   RO         5985    x$fpl$f2d           fz_wm.l(f2d.o)
    0x0800324e   0x0800324e   0x0000008c   Code   RO         6013    x$fpl$fnaninf       fz_wm.l(fnaninf.o)
    0x080032da   0x080032da   0x0000000a   Code   RO         6165    x$fpl$fpinit        fz_wm.l(fpinit.o)
    0x080032e4   0x080032e4   0x0000000a   Code   RO         6015    x$fpl$fretinf       fz_wm.l(fretinf.o)
    0x080032ee   0x080032ee   0x00000004   Code   RO         5987    x$fpl$printf1       fz_wm.l(printf1.o)
    0x080032f2   0x080032f2   0x00000000   Code   RO         6017    x$fpl$usenofp       fz_wm.l(usenofp.o)
    0x080032f2   0x080032f2   0x000017c0   Data   RO          428    .constdata          oled.o
    0x08004ab2   0x08004ab2   0x00000011   Data   RO         5950    .constdata          c_w.l(__printf_flags_wp.o)
    0x08004ac3   0x08004ac3   0x00000001   PAD
    0x08004ac4   0x08004ac4   0x00000094   Data   RO         6049    .constdata          c_w.l(bigflt0.o)
    0x08004b58   0x08004b58   0x00000020   Data   RO         6221    Region$$Table       anon$$obj.o
    0x08004b78   0x08004b78   0x0000001c   Data   RO         6073    locale$$data        c_w.l(lc_numeric_c.o)


    Execution Region RW_IRAM1 (Exec base: 0x20000000, Load base: 0x08004b94, Size: 0x00000c88, Max: 0x00020000, ABSOLUTE)

    Exec Addr    Load Addr    Size         Type   Attr      Idx    E Section Name        Object

    0x20000000   0x08004b94   0x00000014   Data   RW          184    .data               system_stm32f4xx.o
    0x20000014   0x08004ba8   0x00000001   Data   RW          325    .data               key.o
    0x20000015   0x08004ba9   0x00000001   Data   RW          525    .data               rs485.o
    0x20000016   0x08004baa   0x00000001   Data   RW          568    .data               delay.o
    0x20000017   0x08004bab   0x00000001   PAD
    0x20000018   0x08004bac   0x00000006   Data   RW          605    .data               usart.o
    0x2000001e   0x08004bb2   0x00000010   Data   RW         3183    .data               stm32f4xx_rcc.o
    0x2000002e   0x08004bc2   0x00000002   Data   RW         5420    .data               mbfuncother.o
    0x20000030   0x08004bc4   0x000000b5   Data   RW         5710    .data               mb.o
    0x200000e5   0x08004c79   0x00000001   PAD
    0x200000e6   0x08004c7a   0x00000014   Data   RW         5870    .data               port.o
    0x200000fa   0x08004c8e   0x00000002   PAD
    0x200000fc        -       0x00000400   Zero   RW          427    .bss                oled.o
    0x200004fc        -       0x00000040   Zero   RW          524    .bss                rs485.o
    0x2000053c        -       0x000000c8   Zero   RW          604    .bss                usart.o
    0x20000604        -       0x00000020   Zero   RW         5419    .bss                mbfuncother.o
    0x20000624        -       0x00000060   Zero   RW         6085    .bss                c_w.l(libspace.o)
    0x20000684   0x08004c8e   0x00000004   PAD
    0x20000688        -       0x00000200   Zero   RW          666    HEAP                startup_stm32f40_41xxx.o
    0x20000888        -       0x00000400   Zero   RW          665    STACK               startup_stm32f40_41xxx.o


==============================================================================

Image component sizes


      Code (inc. data)   RO Data    RW Data    ZI Data      Debug   Object Name

       268         18          0          0          0       1960   adcdac.o
        64          4          0          0          0        564   beep.o
       260         12          0          1          0       1207   delay.o
       168         14          0          1          0       1246   key.o
        64          4          0          0          0     243639   led.o
       468         96          0          0          0        915   main.o
         0          0          0        181          0       2842   mb.o
       430          0          0          0          0       7498   mbfunccoils.o
       172          0          0          0          0       1776   mbfuncdisc.o
       528          0          0          0          0       5343   mbfuncholding.o
       140          0          0          0          0       1723   mbfuncinput.o
        40         10          0          2         32       1567   mbfuncother.o
        34          0          0          0          0        636   mbutils.o
       180         24          0          0          0       2301   misc.o
      1098         68       6080          0       1024       7326   oled.o
       336         28          0         20          0       4835   port.o
        42          6          0          0          0       1076   porttimer.o
       456         54          0          1         64       3648   rs485.o
        64         26        392          0       1536        864   startup_stm32f40_41xxx.o
       374         24          0          0          0       5882   stm32f4xx_adc.o
       124         18          0          0          0       2663   stm32f4xx_dac.o
       240          0          0          0          0       3791   stm32f4xx_gpio.o
        26          0          0          0          0     289138   stm32f4xx_it.o
       360         42          0         16          0       5512   stm32f4xx_rcc.o
        40          0          0          0          0       2030   stm32f4xx_tim.o
       456          8          0          0          0       6391   stm32f4xx_usart.o
       340         32          0         20          0       1969   system_stm32f4xx.o
       320         24          0          6        200       3924   usart.o

    ----------------------------------------------------------------------
      7118        512       6504        252       2856     612266   Object Totals
         0          0         32          0          0          0   (incl. Generated)
        26          0          0          4          0          0   (incl. Padding)

    ----------------------------------------------------------------------

      Code (inc. data)   RO Data    RW Data    ZI Data      Debug   Library Member Name

         8          0          0          0          0         68   __main.o
       312          4         17          0          0         92   __printf_flags_wp.o
        14          0          0          0          0         68   __printf_wp.o
         0          0          0          0          0          0   __rtentry.o
        12          0          0          0          0          0   __rtentry2.o
         6          0          0          0          0          0   __rtentry4.o
        52          8          0          0          0          0   __scatter.o
        26          0          0          0          0          0   __scatter_copy.o
        28          0          0          0          0          0   __scatter_zi.o
        48          6          0          0          0         96   _printf_char_common.o
         6          0          0          0          0          0   _printf_f.o
      1054          0          0          0          0        216   _printf_fp_dec.o
       128         16          0          0          0         84   _printf_fp_infnan.o
         0          0          0          0          0          0   _printf_percent.o
         4          0          0          0          0          0   _printf_percent_end.o
        10          0          0          0          0         68   _sputc.o
       228          4        148          0          0         96   bigflt0.o
      1936        128          0          0          0        672   btod.o
        18          0          0          0          0         80   exit.o
         6          0          0          0          0        152   heapauxi.o
        44         10         28          0          0         76   lc_numeric_c.o
         2          0          0          0          0          0   libinit.o
        22          0          0          0          0          0   libinit2.o
         2          0          0          0          0          0   libshutdown.o
         2          0          0          0          0          0   libshutdown2.o
         8          4          0          0         96         68   libspace.o
       138          0          0          0          0         80   lludiv10.o
        40          6          0          0          0         84   noretval__2sprintf.o
         8          4          0          0          0         68   rt_locale_intlibspace.o
       138          0          0          0          0         68   rt_memcpy_v6.o
       100          0          0          0          0         80   rt_memcpy_w.o
         2          0          0          0          0          0   rtexit.o
        10          0          0          0          0          0   rtexit2.o
       128          0          0          0          0         68   strcmpv7m.o
        74          0          0          0          0         80   sys_stackheap_outer.o
         2          0          0          0          0         68   use_no_semi.o
         2          0          0          0          0         68   use_no_semi_2.o
        98          4          0          0          0        140   d2f.o
       340         12          0          0          0        152   dmul.o
       156          4          0          0          0        140   dnaninf.o
        12          0          0          0          0        116   dretinf.o
        86          4          0          0          0        132   f2d.o
       140          4          0          0          0        132   fnaninf.o
        10          0          0          0          0        116   fpinit.o
        10          0          0          0          0        116   fretinf.o
         4          0          0          0          0        116   printf1.o
         0          0          0          0          0          0   usenofp.o
        48          0          0          0          0        124   fpclassify.o

    ----------------------------------------------------------------------
      5532        218        194          0        100       3784   Library Totals
        10          0          1          0          4          0   (incl. Padding)

    ----------------------------------------------------------------------

      Code (inc. data)   RO Data    RW Data    ZI Data      Debug   Library Name

      4618        190        193          0         96       2500   c_w.l
       856         28          0          0          0       1160   fz_wm.l
        48          0          0          0          0        124   m_wm.l

    ----------------------------------------------------------------------
      5532        218        194          0        100       3784   Library Totals

    ----------------------------------------------------------------------

==============================================================================


      Code (inc. data)   RO Data    RW Data    ZI Data      Debug   

     12650        730       6698        252       2956     605798   Grand Totals
     12650        730       6698        252       2956     605798   ELF Image Totals
     12650        730       6698        252          0          0   ROM Totals

==============================================================================

    Total RO  Size (Code + RO Data)                19348 (  18.89kB)
    Total RW  Size (RW Data + ZI Data)              3208 (   3.13kB)
    Total ROM Size (Code + RO Data + RW Data)      19600 (  19.14kB)

==============================================================================

