Component: ARM Compiler 5.06 update 6 (build 750) Tool: armlink [4d35ed]

==============================================================================

Section Cross References

    system_stm32f4xx.o(i.SystemCoreClockUpdate) refers to system_stm32f4xx.o(.data) for SystemCoreClock
    system_stm32f4xx.o(i.SystemInit) refers to system_stm32f4xx.o(i.SetSysClock) for SetSysClock
    main.o(i.main) refers to misc.o(i.NVIC_PriorityGroupConfig) for NVIC_PriorityGroupConfig
    main.o(i.main) refers to led.o(i.LED_Init) for LED_Init
    main.o(i.main) refers to key.o(i.Key_Init) for Key_Init
    main.o(i.main) refers to oled.o(i.OLED_Init) for OLED_Init
    main.o(i.main) refers to adcdac.o(i.Dac_Init) for Dac_Init
    main.o(i.main) refers to adcdac.o(i.Adc_Init) for Adc_Init
    main.o(i.main) refers to rs485.o(i.RS485_Init) for RS485_Init
    main.o(i.main) refers to oled.o(i.OLED_ShowString) for OLED_ShowString
    main.o(i.main) refers to oled.o(i.OLED_Refresh_Gram) for OLED_Refresh_Gram
    main.o(i.main) refers to modbus.o(i.RS485_service) for RS485_service
    led.o(i.LED_Init) refers to stm32f4xx_rcc.o(i.RCC_AHB1PeriphClockCmd) for RCC_AHB1PeriphClockCmd
    led.o(i.LED_Init) refers to stm32f4xx_gpio.o(i.GPIO_Init) for GPIO_Init
    led.o(i.LED_Init) refers to stm32f4xx_gpio.o(i.GPIO_SetBits) for GPIO_SetBits
    key.o(i.KEY_SCAN) refers to stm32f4xx_gpio.o(i.GPIO_ReadInputDataBit) for GPIO_ReadInputDataBit
    key.o(i.KEY_SCAN) refers to delay.o(i.Delay_ms) for Delay_ms
    key.o(i.KEY_SCAN) refers to key.o(.data) for key_up
    key.o(i.Key_Init) refers to stm32f4xx_rcc.o(i.RCC_AHB1PeriphClockCmd) for RCC_AHB1PeriphClockCmd
    key.o(i.Key_Init) refers to stm32f4xx_gpio.o(i.GPIO_Init) for GPIO_Init
    adcdac.o(i.Adc_Init) refers to stm32f4xx_rcc.o(i.RCC_AHB1PeriphClockCmd) for RCC_AHB1PeriphClockCmd
    adcdac.o(i.Adc_Init) refers to stm32f4xx_rcc.o(i.RCC_APB2PeriphClockCmd) for RCC_APB2PeriphClockCmd
    adcdac.o(i.Adc_Init) refers to stm32f4xx_gpio.o(i.GPIO_Init) for GPIO_Init
    adcdac.o(i.Adc_Init) refers to stm32f4xx_rcc.o(i.RCC_APB2PeriphResetCmd) for RCC_APB2PeriphResetCmd
    adcdac.o(i.Adc_Init) refers to stm32f4xx_adc.o(i.ADC_CommonInit) for ADC_CommonInit
    adcdac.o(i.Adc_Init) refers to stm32f4xx_adc.o(i.ADC_Init) for ADC_Init
    adcdac.o(i.Adc_Init) refers to stm32f4xx_adc.o(i.ADC_Cmd) for ADC_Cmd
    adcdac.o(i.DAC_Set_Vol) refers to dflt_clz.o(x$fpl$dfltu) for __aeabi_ui2d
    adcdac.o(i.DAC_Set_Vol) refers to ddiv.o(x$fpl$ddiv) for __aeabi_ddiv
    adcdac.o(i.DAC_Set_Vol) refers to dmul.o(x$fpl$dmul) for __aeabi_dmul
    adcdac.o(i.DAC_Set_Vol) refers to dfixu.o(x$fpl$dfixu) for __aeabi_d2uiz
    adcdac.o(i.DAC_Set_Vol) refers to stm32f4xx_dac.o(i.DAC_SetChannel1Data) for DAC_SetChannel1Data
    adcdac.o(i.Dac_Init) refers to stm32f4xx_rcc.o(i.RCC_AHB1PeriphClockCmd) for RCC_AHB1PeriphClockCmd
    adcdac.o(i.Dac_Init) refers to stm32f4xx_rcc.o(i.RCC_APB1PeriphClockCmd) for RCC_APB1PeriphClockCmd
    adcdac.o(i.Dac_Init) refers to stm32f4xx_gpio.o(i.GPIO_Init) for GPIO_Init
    adcdac.o(i.Dac_Init) refers to stm32f4xx_dac.o(i.DAC_Init) for DAC_Init
    adcdac.o(i.Dac_Init) refers to stm32f4xx_dac.o(i.DAC_Cmd) for DAC_Cmd
    adcdac.o(i.Dac_Init) refers to stm32f4xx_dac.o(i.DAC_SetChannel1Data) for DAC_SetChannel1Data
    adcdac.o(i.GET_ADC_AVE) refers to adcdac.o(i.Get_Adc) for Get_Adc
    adcdac.o(i.GET_ADC_AVE) refers to delay.o(i.Delay_ms) for Delay_ms
    adcdac.o(i.Get_Adc) refers to stm32f4xx_adc.o(i.ADC_RegularChannelConfig) for ADC_RegularChannelConfig
    adcdac.o(i.Get_Adc) refers to stm32f4xx_adc.o(i.ADC_SoftwareStartConv) for ADC_SoftwareStartConv
    adcdac.o(i.Get_Adc) refers to stm32f4xx_adc.o(i.ADC_GetFlagStatus) for ADC_GetFlagStatus
    adcdac.o(i.Get_Adc) refers to stm32f4xx_adc.o(i.ADC_GetConversionValue) for ADC_GetConversionValue
    beep.o(i.Beep_Init) refers to stm32f4xx_rcc.o(i.RCC_AHB1PeriphClockCmd) for RCC_AHB1PeriphClockCmd
    beep.o(i.Beep_Init) refers to stm32f4xx_gpio.o(i.GPIO_Init) for GPIO_Init
    beep.o(i.Beep_Init) refers to stm32f4xx_gpio.o(i.GPIO_ResetBits) for GPIO_ResetBits
    oled.o(i.OLED_Clear) refers to oled.o(i.OLED_Refresh_Gram) for OLED_Refresh_Gram
    oled.o(i.OLED_Clear) refers to oled.o(.bss) for OLED_GRAM
    oled.o(i.OLED_Display_Off) refers to oled.o(i.OLED_WR_Byte) for OLED_WR_Byte
    oled.o(i.OLED_Display_On) refers to oled.o(i.OLED_WR_Byte) for OLED_WR_Byte
    oled.o(i.OLED_DrawPoint) refers to oled.o(.bss) for OLED_GRAM
    oled.o(i.OLED_Fill) refers to oled.o(i.OLED_DrawPoint) for OLED_DrawPoint
    oled.o(i.OLED_Fill) refers to oled.o(i.OLED_Refresh_Gram) for OLED_Refresh_Gram
    oled.o(i.OLED_Init) refers to stm32f4xx_rcc.o(i.RCC_AHB1PeriphClockCmd) for RCC_AHB1PeriphClockCmd
    oled.o(i.OLED_Init) refers to stm32f4xx_gpio.o(i.GPIO_Init) for GPIO_Init
    oled.o(i.OLED_Init) refers to delay.o(i.Delay_ms) for Delay_ms
    oled.o(i.OLED_Init) refers to oled.o(i.OLED_WR_Byte) for OLED_WR_Byte
[...]
    Removing stm32f4xx_usart.o(i.USART_StructInit), (24 bytes).
    Removing stm32f4xx_usart.o(i.USART_WakeUpConfig), (18 bytes).
    Removing stm32f4xx_wwdg.o(.rev16_text), (4 bytes).
    Removing stm32f4xx_wwdg.o(.revsh_text), (4 bytes).
    Removing stm32f4xx_wwdg.o(i.WWDG_ClearFlag), (12 bytes).
    Removing stm32f4xx_wwdg.o(i.WWDG_DeInit), (22 bytes).
    Removing stm32f4xx_wwdg.o(i.WWDG_Enable), (16 bytes).
    Removing stm32f4xx_wwdg.o(i.WWDG_EnableIT), (12 bytes).
    Removing stm32f4xx_wwdg.o(i.WWDG_GetFlagStatus), (20 bytes).
    Removing stm32f4xx_wwdg.o(i.WWDG_SetCounter), (16 bytes).
    Removing stm32f4xx_wwdg.o(i.WWDG_SetPrescaler), (24 bytes).
    Removing stm32f4xx_wwdg.o(i.WWDG_SetWindowValue), (40 bytes).

761 unused section(s) (total 33593 bytes) removed from the image.

==============================================================================

Image Symbol Table

    Local Symbols

    Symbol Name                              Value     Ov Type        Size  Object(Section)

    ../clib/angel/boardlib.s                 0x00000000   Number         0  boardinit3.o ABSOLUTE
    ../clib/angel/boardlib.s                 0x00000000   Number         0  boardinit1.o ABSOLUTE
    ../clib/angel/boardlib.s                 0x00000000   Number         0  boardshut.o ABSOLUTE
    ../clib/angel/boardlib.s                 0x00000000   Number         0  boardinit2.o ABSOLUTE
    ../clib/angel/handlers.s                 0x00000000   Number         0  __scatter_zi.o ABSOLUTE
    ../clib/angel/handlers.s                 0x00000000   Number         0  __scatter_copy.o ABSOLUTE
    ../clib/angel/kernel.s                   0x00000000   Number         0  rtexit2.o ABSOLUTE
    ../clib/angel/kernel.s                   0x00000000   Number         0  __rtentry.o ABSOLUTE
    ../clib/angel/kernel.s                   0x00000000   Number         0  rtexit.o ABSOLUTE
    ../clib/angel/kernel.s                   0x00000000   Number         0  __rtentry2.o ABSOLUTE
    ../clib/angel/kernel.s                   0x00000000   Number         0  __rtentry4.o ABSOLUTE
    ../clib/angel/rt.s                       0x00000000   Number         0  rt_div0.o ABSOLUTE
    ../clib/angel/rt.s                       0x00000000   Number         0  rt_locale.o ABSOLUTE
    ../clib/angel/rt.s                       0x00000000   Number         0  rt_locale_intlibspace.o ABSOLUTE
    ../clib/angel/rt.s                       0x00000000   Number         0  aeabi_ldiv0_sigfpe.o ABSOLUTE
    ../clib/angel/rt.s                       0x00000000   Number         0  aeabi_ldiv0.o ABSOLUTE
    ../clib/angel/rt.s                       0x00000000   Number         0  rt_raise.o ABSOLUTE
    ../clib/angel/scatter.s                  0x00000000   Number         0  __scatter.o ABSOLUTE
    ../clib/angel/startup.s                  0x00000000   Number         0  __main.o ABSOLUTE
    ../clib/angel/sys.s                      0x00000000   Number         0  use_no_semi_2.o ABSOLUTE
    ../clib/angel/sys.s                      0x00000000   Number         0  use_no_semi.o ABSOLUTE
    ../clib/angel/sys.s                      0x00000000   Number         0  libspace.o ABSOLUTE
    ../clib/angel/sys.s                      0x00000000   Number         0  sys_stackheap_outer.o ABSOLUTE
    ../clib/angel/sys.s                      0x00000000   Number         0  indicate_semi.o ABSOLUTE
    ../clib/angel/sysapp.c                   0x00000000   Number         0  sys_wrch.o ABSOLUTE
    ../clib/angel/sysapp.c                   0x00000000   Number         0  sys_command.o ABSOLUTE
    ../clib/armsys.c                         0x00000000   Number         0  argv_veneer.o ABSOLUTE
    ../clib/armsys.c                         0x00000000   Number         0  no_argv.o ABSOLUTE
    ../clib/armsys.c                         0x00000000   Number         0  argv_veneer.o ABSOLUTE
    ../clib/armsys.c                         0x00000000   Number         0  _get_argv_nomalloc.o ABSOLUTE
    ../clib/bigflt.c                         0x00000000   Number         0  bigflt0.o ABSOLUTE
    ../clib/btod.s                           0x00000000   Number         0  btod.o ABSOLUTE
    ../clib/heapalloc.c                      0x00000000   Number         0  hrguard.o ABSOLUTE
    ../clib/heapaux.c                        0x00000000   Number         0  heapauxi.o ABSOLUTE
    ../clib/libinit.s                        0x00000000   Number         0  libinit.o ABSOLUTE
    ../clib/libinit.s                        0x00000000   Number         0  libinit2.o ABSOLUTE
    ../clib/libinit.s                        0x00000000   Number         0  libshutdown.o ABSOLUTE
    ../clib/libinit.s                        0x00000000   Number         0  libshutdown2.o ABSOLUTE
    ../clib/locale.s                         0x00000000   Number         0  lc_numeric_c.o ABSOLUTE
    ../clib/longlong.s                       0x00000000   Number         0  lludivv7m.o ABSOLUTE
    ../clib/longlong.s                       0x00000000   Number         0  lludiv10.o ABSOLUTE
    ../clib/memcpset.s                       0x00000000   Number         0  strcmpv7m.o ABSOLUTE
    ../clib/misc.s                           0x00000000   Number         0  printf_stubs.o ABSOLUTE
    ../clib/printf.c                         0x00000000   Number         0  _printf_fp_dec.o ABSOLUTE
    ../clib/printf.c                         0x00000000   Number         0  __printf_flags_ss.o ABSOLUTE
    ../clib/printf.c                         0x00000000   Number         0  __printf_wp.o ABSOLUTE
    ../clib/printf.c                         0x00000000   Number         0  _sputc.o ABSOLUTE
    ../clib/printf.c                         0x00000000   Number         0  __printf_ss_wp.o ABSOLUTE
    ../clib/printf.c                         0x00000000   Number         0  __printf_flags_ss_wp.o ABSOLUTE
    ../clib/printf.c                         0x00000000   Number         0  __printf_nopercent.o ABSOLUTE
    ../clib/printf.c                         0x00000000   Number         0  _printf_char_common.o ABSOLUTE
    ../clib/printf.c                         0x00000000   Number         0  __printf_flags.o ABSOLUTE
    ../clib/printf.c                         0x00000000   Number         0  __printf_flags_wp.o ABSOLUTE
    ../clib/printf.c                         0x00000000   Number         0  noretval__2sprintf.o ABSOLUTE
    ../clib/printf.c                         0x00000000   Number         0  __printf.o ABSOLUTE
    ../clib/printf.c                         0x00000000   Number         0  __printf_ss.o ABSOLUTE
    ../clib/printf.c                         0x00000000   Number         0  __2sprintf.o ABSOLUTE
    ../clib/printf.c                         0x00000000   Number         0  _printf_fp_infnan.o ABSOLUTE
    ../clib/printf_percent.s                 0x00000000   Number         0  _printf_f.o ABSOLUTE
    ../clib/printf_percent.s                 0x00000000   Number         0  _printf_percent.o ABSOLUTE
    ../clib/printf_percent.s                 0x00000000   Number         0  _printf_percent_end.o ABSOLUTE
    ../clib/signal.c                         0x00000000   Number         0  defsig_other.o ABSOLUTE
    ../clib/signal.c                         0x00000000   Number         0  defsig_segv_inner.o ABSOLUTE
    ../clib/signal.c                         0x00000000   Number         0  defsig_cppl_inner.o ABSOLUTE
    ../clib/signal.c                         0x00000000   Number         0  defsig_pvfn_inner.o ABSOLUTE
    ../clib/signal.c                         0x00000000   Number         0  defsig_stak_inner.o ABSOLUTE
    ../clib/signal.c                         0x00000000   Number         0  defsig_rtmem_inner.o ABSOLUTE
    ../clib/signal.c                         0x00000000   Number         0  defsig_rtred_inner.o ABSOLUTE
    ../clib/signal.c                         0x00000000   Number         0  __raise.o ABSOLUTE
    ../clib/signal.c                         0x00000000   Number         0  defsig_abrt_inner.o ABSOLUTE
    ../clib/signal.c                         0x00000000   Number         0  defsig_fpe_formal.o ABSOLUTE
    ../clib/signal.c                         0x00000000   Number         0  defsig_fpe_outer.o ABSOLUTE
    ../clib/signal.c                         0x00000000   Number         0  defsig_rtmem_formal.o ABSOLUTE
    ../clib/signal.c                         0x00000000   Number         0  defsig_rtmem_outer.o ABSOLUTE
    ../clib/signal.c                         0x00000000   Number         0  defsig_general.o ABSOLUTE
    ../clib/signal.c                         0x00000000   Number         0  defsig_fpe_inner.o ABSOLUTE
    ../clib/signal.c                         0x00000000   Number         0  defsig_exit.o ABSOLUTE
    ../clib/signal.s                         0x00000000   Number         0  defsig.o ABSOLUTE
    ../clib/stdlib.c                         0x00000000   Number         0  exit.o ABSOLUTE
    ../fplib/ddiv.s                          0x00000000   Number         0  ddiv.o ABSOLUTE
    ../fplib/dfixu.s                         0x00000000   Number         0  dfixu.o ABSOLUTE
    ../fplib/dflt.s                          0x00000000   Number         0  dflt_clz.o ABSOLUTE
    ../fplib/dmul.s                          0x00000000   Number         0  dmul.o ABSOLUTE
    ../fplib/dnaninf.s                       0x00000000   Number         0  dnaninf.o ABSOLUTE
    ../fplib/dretinf.s                       0x00000000   Number         0  dretinf.o ABSOLUTE
    ../fplib/f2d.s                           0x00000000   Number         0  f2d.o ABSOLUTE
    ../fplib/fnaninf.s                       0x00000000   Number         0  fnaninf.o ABSOLUTE
    ../fplib/fpinit.s                        0x00000000   Number         0  fpinit.o ABSOLUTE
    ../fplib/istatus.s                       0x00000000   Number         0  istatus.o ABSOLUTE
    ../fplib/printf1.s                       0x00000000   Number         0  printf1.o ABSOLUTE
    ../fplib/usenofp.s                       0x00000000   Number         0  usenofp.o ABSOLUTE
    ../mathlib/fpclassify.c                  0x00000000   Number         0  fpclassify.o ABSOLUTE
    ..\CORE\startup_stm32f40_41xxx.s         0x00000000   Number         0  startup_stm32f40_41xxx.o ABSOLUTE
    ..\FWLIB\src\misc.c                      0x00000000   Number         0  misc.o ABSOLUTE
    ..\FWLIB\src\stm32f4xx_adc.c             0x00000000   Number         0  stm32f4xx_adc.o ABSOLUTE
    ..\FWLIB\src\stm32f4xx_can.c             0x00000000   Number         0  stm32f4xx_can.o ABSOLUTE
    ..\FWLIB\src\stm32f4xx_crc.c             0x00000000   Number         0  stm32f4xx_crc.o ABSOLUTE
    ..\FWLIB\src\stm32f4xx_cryp.c            0x00000000   Number         0  stm32f4xx_cryp.o ABSOLUTE
    ..\FWLIB\src\stm32f4xx_cryp_aes.c        0x00000000   Number         0  stm32f4xx_cryp_aes.o ABSOLUTE
    ..\FWLIB\src\stm32f4xx_cryp_des.c        0x00000000   Number         0  stm32f4xx_cryp_des.o ABSOLUTE
    ..\FWLIB\src\stm32f4xx_cryp_tdes.c       0x00000000   Number         0  stm32f4xx_cryp_tdes.o ABSOLUTE
    ..\FWLIB\src\stm32f4xx_dac.c             0x00000000   Number         0  stm32f4xx_dac.o ABSOLUTE
    ..\FWLIB\src\stm32f4xx_dbgmcu.c          0x00000000   Number         0  stm32f4xx_dbgmcu.o ABSOLUTE
    ..\FWLIB\src\stm32f4xx_dcmi.c            0x00000000   Number         0  stm32f4xx_dcmi.o ABSOLUTE
    ..\FWLIB\src\stm32f4xx_dma.c             0x00000000   Number         0  stm32f4xx_dma.o ABSOLUTE
    ..\FWLIB\src\stm32f4xx_dma2d.c           0x00000000   Number         0  stm32f4xx_dma2d.o ABSOLUTE
    ..\FWLIB\src\stm32f4xx_exti.c            0x00000000   Number         0  stm32f4xx_exti.o ABSOLUTE
    ..\FWLIB\src\stm32f4xx_flash.c           0x00000000   Number         0  stm32f4xx_flash.o ABSOLUTE
    ..\FWLIB\src\stm32f4xx_flash_ramfunc.c   0x00000000   Number         0  stm32f4xx_flash_ramfunc.o ABSOLUTE
    ..\FWLIB\src\stm32f4xx_gpio.c            0x00000000   Number         0  stm32f4xx_gpio.o ABSOLUTE
    ..\FWLIB\src\stm32f4xx_hash.c            0x00000000   Number         0  stm32f4xx_hash.o ABSOLUTE
    ..\FWLIB\src\stm32f4xx_hash_md5.c        0x00000000   Number         0  stm32f4xx_hash_md5.o ABSOLUTE
    ..\FWLIB\src\stm32f4xx_hash_sha1.c       0x00000000   Number         0  stm32f4xx_hash_sha1.o ABSOLUTE
    ..\FWLIB\src\stm32f4xx_i2c.c             0x00000000   Number         0  stm32f4xx_i2c.o ABSOLUTE
    ..\FWLIB\src\stm32f4xx_iwdg.c            0x00000000   Number         0  stm32f4xx_iwdg.o ABSOLUTE
    ..\FWLIB\src\stm32f4xx_ltdc.c            0x00000000   Number         0  stm32f4xx_ltdc.o ABSOLUTE
    ..\FWLIB\src\stm32f4xx_pwr.c             0x00000000   Number         0  stm32f4xx_pwr.o ABSOLUTE
    ..\FWLIB\src\stm32f4xx_rcc.c             0x00000000   Number         0  stm32f4xx_rcc.o ABSOLUTE
    ..\FWLIB\src\stm32f4xx_rng.c             0x00000000   Number         0  stm32f4xx_rng.o ABSOLUTE
    ..\FWLIB\src\stm32f4xx_rtc.c             0x00000000   Number         0  stm32f4xx_rtc.o ABSOLUTE
    ..\FWLIB\src\stm32f4xx_sai.c             0x00000000   Number         0  stm32f4xx_sai.o ABSOLUTE
    ..\FWLIB\src\stm32f4xx_sdio.c            0x00000000   Number         0  stm32f4xx_sdio.o ABSOLUTE
    ..\FWLIB\src\stm32f4xx_spi.c             0x00000000   Number         0  stm32f4xx_spi.o ABSOLUTE
    ..\FWLIB\src\stm32f4xx_syscfg.c          0x00000000   Number         0  stm32f4xx_syscfg.o ABSOLUTE
    ..\FWLIB\src\stm32f4xx_tim.c             0x00000000   Number         0  stm32f4xx_tim.o ABSOLUTE
    ..\FWLIB\src\stm32f4xx_usart.c           0x00000000   Number         0  stm32f4xx_usart.o ABSOLUTE
    ..\FWLIB\src\stm32f4xx_wwdg.c            0x00000000   Number         0  stm32f4xx_wwdg.o ABSOLUTE
    ..\HARDWARE\ADCDAC\ADCDAC.c              0x00000000   Number         0  adcdac.o ABSOLUTE
    ..\HARDWARE\BEEP\beep.c                  0x00000000   Number         0  beep.o ABSOLUTE
    ..\HARDWARE\LED\LED.c                    0x00000000   Number         0  led.o ABSOLUTE
    ..\HARDWARE\OLED\oled.c                  0x00000000   Number         0  oled.o ABSOLUTE
    ..\HARDWARE\RS485\rs485.c                0x00000000   Number         0  rs485.o ABSOLUTE
    ..\HARDWARE\key\key.c                    0x00000000   Number         0  key.o ABSOLUTE
    ..\SYSTEM\TIMER\timer.c                  0x00000000   Number         0  timer.o ABSOLUTE
    ..\SYSTEM\delay\delay.c                  0x00000000   Number         0  delay.o ABSOLUTE
    ..\SYSTEM\modbus\mbcrc.c                 0x00000000   Number         0  mbcrc.o ABSOLUTE
    ..\SYSTEM\modbus\modbus.c                0x00000000   Number         0  modbus.o ABSOLUTE
    ..\SYSTEM\sys\sys.c                      0x00000000   Number         0  sys.o ABSOLUTE
    ..\SYSTEM\usart\usart.c                  0x00000000   Number         0  usart.o ABSOLUTE
    ..\\FWLIB\\src\\misc.c                   0x00000000   Number         0  misc.o ABSOLUTE
    ..\\FWLIB\\src\\stm32f4xx_adc.c          0x00000000   Number         0  stm32f4xx_adc.o ABSOLUTE
    ..\\FWLIB\\src\\stm32f4xx_can.c          0x00000000   Number         0  stm32f4xx_can.o ABSOLUTE
    ..\\FWLIB\\src\\stm32f4xx_crc.c          0x00000000   Number         0  stm32f4xx_crc.o ABSOLUTE
    ..\\FWLIB\\src\\stm32f4xx_cryp.c         0x00000000   Number         0  stm32f4xx_cryp.o ABSOLUTE
    ..\\FWLIB\\src\\stm32f4xx_cryp_aes.c     0x00000000   Number         0  stm32f4xx_cryp_aes.o ABSOLUTE
    ..\\FWLIB\\src\\stm32f4xx_cryp_des.c     0x00000000   Number         0  stm32f4xx_cryp_des.o ABSOLUTE
    ..\\FWLIB\\src\\stm32f4xx_cryp_tdes.c    0x00000000   Number         0  stm32f4xx_cryp_tdes.o ABSOLUTE
    ..\\FWLIB\\src\\stm32f4xx_dac.c          0x00000000   Number         0  stm32f4xx_dac.o ABSOLUTE
    ..\\FWLIB\\src\\stm32f4xx_dbgmcu.c       0x00000000   Number         0  stm32f4xx_dbgmcu.o ABSOLUTE
    ..\\FWLIB\\src\\stm32f4xx_dcmi.c         0x00000000   Number         0  stm32f4xx_dcmi.o ABSOLUTE
    ..\\FWLIB\\src\\stm32f4xx_dma.c          0x00000000   Number         0  stm32f4xx_dma.o ABSOLUTE
    ..\\FWLIB\\src\\stm32f4xx_dma2d.c        0x00000000   Number         0  stm32f4xx_dma2d.o ABSOLUTE
    ..\\FWLIB\\src\\stm32f4xx_exti.c         0x00000000   Number         0  stm32f4xx_exti.o ABSOLUTE
    ..\\FWLIB\\src\\stm32f4xx_flash.c        0x00000000   Number         0  stm32f4xx_flash.o ABSOLUTE
    ..\\FWLIB\\src\\stm32f4xx_flash_ramfunc.c 0x00000000   Number         0  stm32f4xx_flash_ramfunc.o ABSOLUTE
    ..\\FWLIB\\src\\stm32f4xx_gpio.c         0x00000000   Number         0  stm32f4xx_gpio.o ABSOLUTE
    ..\\FWLIB\\src\\stm32f4xx_hash.c         0x00000000   Number         0  stm32f4xx_hash.o ABSOLUTE
    ..\\FWLIB\\src\\stm32f4xx_hash_md5.c     0x00000000   Number         0  stm32f4xx_hash_md5.o ABSOLUTE
    ..\\FWLIB\\src\\stm32f4xx_hash_sha1.c    0x00000000   Number         0  stm32f4xx_hash_sha1.o ABSOLUTE
    ..\\FWLIB\\src\\stm32f4xx_i2c.c          0x00000000   Number         0  stm32f4xx_i2c.o ABSOLUTE
    ..\\FWLIB\\src\\stm32f4xx_iwdg.c         0x00000000   Number         0  stm32f4xx_iwdg.o ABSOLUTE
    ..\\FWLIB\\src\\stm32f4xx_ltdc.c         0x00000000   Number         0  stm32f4xx_ltdc.o ABSOLUTE
    ..\\FWLIB\\src\\stm32f4xx_pwr.c          0x00000000   Number         0  stm32f4xx_pwr.o ABSOLUTE
    ..\\FWLIB\\src\\stm32f4xx_rcc.c          0x00000000   Number         0  stm32f4xx_rcc.o ABSOLUTE
    ..\\FWLIB\\src\\stm32f4xx_rng.c          0x00000000   Number         0  stm32f4xx_rng.o ABSOLUTE
    ..\\FWLIB\\src\\stm32f4xx_rtc.c          0x00000000   Number         0  stm32f4xx_rtc.o ABSOLUTE
    ..\\FWLIB\\src\\stm32f4xx_sai.c          0x00000000   Number         0  stm32f4xx_sai.o ABSOLUTE
    ..\\FWLIB\\src\\stm32f4xx_sdio.c         0x00000000   Number         0  stm32f4xx_sdio.o ABSOLUTE
    ..\\FWLIB\\src\\stm32f4xx_spi.c          0x00000000   Number         0  stm32f4xx_spi.o ABSOLUTE
    ..\\FWLIB\\src\\stm32f4xx_syscfg.c       0x00000000   Number         0  stm32f4xx_syscfg.o ABSOLUTE
    ..\\FWLIB\\src\\stm32f4xx_tim.c          0x00000000   Number         0  stm32f4xx_tim.o ABSOLUTE
    ..\\FWLIB\\src\\stm32f4xx_usart.c        0x00000000   Number         0  stm32f4xx_usart.o ABSOLUTE
    ..\\FWLIB\\src\\stm32f4xx_wwdg.c         0x00000000   Number         0  stm32f4xx_wwdg.o ABSOLUTE
    ..\\HARDWARE\\ADCDAC\\ADCDAC.c           0x00000000   Number         0  adcdac.o ABSOLUTE
    ..\\HARDWARE\\BEEP\\beep.c               0x00000000   Number         0  beep.o ABSOLUTE
    ..\\HARDWARE\\LED\\LED.c                 0x00000000   Number         0  led.o ABSOLUTE
    ..\\HARDWARE\\OLED\\oled.c               0x00000000   Number         0  oled.o ABSOLUTE
    ..\\HARDWARE\\RS485\\rs485.c             0x00000000   Number         0  rs485.o ABSOLUTE
    ..\\HARDWARE\\key\\key.c                 0x00000000   Number         0  key.o ABSOLUTE
    ..\\SYSTEM\\TIMER\\timer.c               0x00000000   Number         0  timer.o ABSOLUTE
    ..\\SYSTEM\\delay\\delay.c               0x00000000   Number         0  delay.o ABSOLUTE
    ..\\SYSTEM\\modbus\\modbus.c             0x00000000   Number         0  modbus.o ABSOLUTE
    ..\\SYSTEM\\sys\\sys.c                   0x00000000   Number         0  sys.o ABSOLUTE
    ..\\SYSTEM\\usart\\usart.c               0x00000000   Number         0  usart.o ABSOLUTE
    dc.s                                     0x00000000   Number         0  dc.o ABSOLUTE
    main.c                                   0x00000000   Number         0  main.o ABSOLUTE
    main.c                                   0x00000000   Number         0  main.o ABSOLUTE
    stm32f4xx_it.c                           0x00000000   Number         0  stm32f4xx_it.o ABSOLUTE
    stm32f4xx_it.c                           0x00000000   Number         0  stm32f4xx_it.o ABSOLUTE
    system_stm32f4xx.c                       0x00000000   Number         0  system_stm32f4xx.o ABSOLUTE
    system_stm32f4xx.c                       0x00000000   Number         0  system_stm32f4xx.o ABSOLUTE
    RESET                                    0x08000000   Section      392  startup_stm32f40_41xxx.o(RESET)
    !!!main                                  0x08000188   Section        8  __main.o(!!!main)
    !!!scatter                               0x08000190   Section       52  __scatter.o(!!!scatter)
    !!handler_copy                           0x080001c4   Section       26  __scatter_copy.o(!!handler_copy)
    !!handler_zi                             0x080001e0   Section       28  __scatter_zi.o(!!handler_zi)
    .ARM.Collect$$libinit$$00000000          0x080001fc   Section        2  libinit.o(.ARM.Collect$$libinit$$00000000)
    .ARM.Collect$$libinit$$00000001          0x080001fe   Section        4  libinit2.o(.ARM.Collect$$libinit$$00000001)
    .ARM.Collect$$libinit$$00000004          0x08000202   Section        0  libinit2.o(.ARM.Collect$$libinit$$00000004)
    .ARM.Collect$$libinit$$0000000A          0x08000202   Section        0  libinit2.o(.ARM.Collect$$libinit$$0000000A)
    .ARM.Collect$$libinit$$0000000C          0x08000202   Section        0  libinit2.o(.ARM.Collect$$libinit$$0000000C)
    .ARM.Collect$$libinit$$0000000E          0x08000202   Section        0  libinit2.o(.ARM.Collect$$libinit$$0000000E)
    .ARM.Collect$$libinit$$00000011          0x08000202   Section        0  libinit2.o(.ARM.Collect$$libinit$$00000011)
    .ARM.Collect$$libinit$$00000013          0x08000202   Section        0  libinit2.o(.ARM.Collect$$libinit$$00000013)
    .ARM.Collect$$libinit$$00000015          0x08000202   Section        0  libinit2.o(.ARM.Collect$$libinit$$00000015)
    .ARM.Collect$$libinit$$00000017          0x08000202   Section        0  libinit2.o(.ARM.Collect$$libinit$$00000017)
    .ARM.Collect$$libinit$$00000019          0x08000202   Section        0  libinit2.o(.ARM.Collect$$libinit$$00000019)
    .ARM.Collect$$libinit$$0000001B          0x08000202   Section        0  libinit2.o(.ARM.Collect$$libinit$$0000001B)
    .ARM.Collect$$libinit$$0000001D          0x08000202   Section        0  libinit2.o(.ARM.Collect$$libinit$$0000001D)
    .ARM.Collect$$libinit$$0000001F          0x08000202   Section        0  libinit2.o(.ARM.Collect$$libinit$$0000001F)
    .ARM.Collect$$libinit$$00000021          0x08000202   Section        0  libinit2.o(.ARM.Collect$$libinit$$00000021)
    .ARM.Collect$$libinit$$00000023          0x08000202   Section        0  libinit2.o(.ARM.Collect$$libinit$$00000023)
    .ARM.Collect$$libinit$$00000025          0x08000202   Section        0  libinit2.o(.ARM.Collect$$libinit$$00000025)
    .ARM.Collect$$libinit$$0000002C          0x08000202   Section        0  libinit2.o(.ARM.Collect$$libinit$$0000002C)
    .ARM.Collect$$libinit$$0000002E          0x08000202   Section        0  libinit2.o(.ARM.Collect$$libinit$$0000002E)
    .ARM.Collect$$libinit$$00000030          0x08000202   Section        0  libinit2.o(.ARM.Collect$$libinit$$00000030)
    .ARM.Collect$$libinit$$00000032          0x08000202   Section        0  libinit2.o(.ARM.Collect$$libinit$$00000032)
    .ARM.Collect$$libinit$$00000033          0x08000202   Section        2  libinit2.o(.ARM.Collect$$libinit$$00000033)
    .ARM.Collect$$libshutdown$$00000000      0x08000204   Section        2  libshutdown.o(.ARM.Collect$$libshutdown$$00000000)
    .ARM.Collect$$libshutdown$$00000002      0x08000206   Section        0  libshutdown2.o(.ARM.Collect$$libshutdown$$00000002)
    .ARM.Collect$$libshutdown$$00000004      0x08000206   Section        0  libshutdown2.o(.ARM.Collect$$libshutdown$$00000004)
    .ARM.Collect$$libshutdown$$00000007      0x08000206   Section        0  libshutdown2.o(.ARM.Collect$$libshutdown$$00000007)
    .ARM.Collect$$libshutdown$$0000000A      0x08000206   Section        0  libshutdown2.o(.ARM.Collect$$libshutdown$$0000000A)
    .ARM.Collect$$libshutdown$$0000000C      0x08000206   Section        0  libshutdown2.o(.ARM.Collect$$libshutdown$$0000000C)
    .ARM.Collect$$libshutdown$$0000000F      0x08000206   Section        0  libshutdown2.o(.ARM.Collect$$libshutdown$$0000000F)
    .ARM.Collect$$libshutdown$$00000010      0x08000206   Section        2  libshutdown2.o(.ARM.Collect$$libshutdown$$00000010)
    .ARM.Collect$$rtentry$$00000000          0x08000208   Section        0  __rtentry.o(.ARM.Collect$$rtentry$$00000000)
    .ARM.Collect$$rtentry$$00000002          0x08000208   Section        0  __rtentry2.o(.ARM.Collect$$rtentry$$00000002)
    .ARM.Collect$$rtentry$$00000004          0x08000208   Section        6  __rtentry4.o(.ARM.Collect$$rtentry$$00000004)
    .ARM.Collect$$rtentry$$00000009          0x0800020e   Section        0  __rtentry2.o(.ARM.Collect$$rtentry$$00000009)
    .ARM.Collect$$rtentry$$0000000A          0x0800020e   Section        4  __rtentry2.o(.ARM.Collect$$rtentry$$0000000A)
    .ARM.Collect$$rtentry$$0000000C          0x08000212   Section        0  __rtentry2.o(.ARM.Collect$$rtentry$$0000000C)
    .ARM.Collect$$rtentry$$0000000D          0x08000212   Section        8  __rtentry2.o(.ARM.Collect$$rtentry$$0000000D)
    .ARM.Collect$$rtexit$$00000000           0x0800021a   Section        2  rtexit.o(.ARM.Collect$$rtexit$$00000000)
    .ARM.Collect$$rtexit$$00000002           0x0800021c   Section        0  rtexit2.o(.ARM.Collect$$rtexit$$00000002)
    .ARM.Collect$$rtexit$$00000003           0x0800021c   Section        4  rtexit2.o(.ARM.Collect$$rtexit$$00000003)
    .ARM.Collect$$rtexit$$00000004           0x08000220   Section        6  rtexit2.o(.ARM.Collect$$rtexit$$00000004)
    .text                                    0x08000228   Section       64  startup_stm32f40_41xxx.o(.text)
    $v0                                      0x08000228   Number         0  startup_stm32f40_41xxx.o(.text)
    .text                                    0x08000268   Section        2  use_no_semi_2.o(.text)
    .text                                    0x0800026a   Section        0  heapauxi.o(.text)
    .text                                    0x08000270   Section        2  use_no_semi.o(.text)
    .text                                    0x08000274   Section        8  libspace.o(.text)
    .text                                    0x0800027c   Section       74  sys_stackheap_outer.o(.text)
    .text                                    0x080002c6   Section        0  exit.o(.text)
    i.ADC_Cmd                                0x080002d8   Section        0  stm32f4xx_adc.o(i.ADC_Cmd)
    i.ADC_CommonInit                         0x080002f0   Section        0  stm32f4xx_adc.o(i.ADC_CommonInit)
    i.ADC_GetConversionValue                 0x08000320   Section        0  stm32f4xx_adc.o(i.ADC_GetConversionValue)
    i.ADC_GetFlagStatus                      0x08000328   Section        0  stm32f4xx_adc.o(i.ADC_GetFlagStatus)
    i.ADC_Init                               0x0800033c   Section        0  stm32f4xx_adc.o(i.ADC_Init)
    i.ADC_RegularChannelConfig               0x08000390   Section        0  stm32f4xx_adc.o(i.ADC_RegularChannelConfig)
    i.ADC_SoftwareStartConv                  0x08000448   Section        0  stm32f4xx_adc.o(i.ADC_SoftwareStartConv)
    i.Adc_Init                               0x08000454   Section        0  adcdac.o(i.Adc_Init)
    i.BusFault_Handler                       0x080004d8   Section        0  stm32f4xx_it.o(i.BusFault_Handler)
    i.CalCRC                                 0x080004dc   Section        0  mbcrc.o(i.CalCRC)
    i.DAC_Cmd                                0x08000514   Section        0  stm32f4xx_dac.o(i.DAC_Cmd)
    i.DAC_Init                               0x0800053c   Section        0  stm32f4xx_dac.o(i.DAC_Init)
    i.DAC_SetChannel1Data                    0x08000570   Section        0  stm32f4xx_dac.o(i.DAC_SetChannel1Data)
    i.DAC_Set_Vol                            0x08000590   Section        0  adcdac.o(i.DAC_Set_Vol)
    i.Dac_Init                               0x0800060c   Section        0  adcdac.o(i.Dac_Init)
    i.DebugMon_Handler                       0x08000664   Section        0  stm32f4xx_it.o(i.DebugMon_Handler)
    i.Delay_Init                             0x08000668   Section        0  delay.o(i.Delay_Init)
    Delay_Init                               0x08000669   Thumb Code    38  delay.o(i.Delay_Init)
    i.Delay_ms                               0x08000694   Section        0  delay.o(i.Delay_ms)
    i.GPIO_Init                              0x0800076c   Section        0  stm32f4xx_gpio.o(i.GPIO_Init)
    i.GPIO_PinAFConfig                       0x080007fc   Section        0  stm32f4xx_gpio.o(i.GPIO_PinAFConfig)
    i.GPIO_SetBits                           0x08000842   Section        0  stm32f4xx_gpio.o(i.GPIO_SetBits)
    i.Get_Adc                                0x08000848   Section        0  adcdac.o(i.Get_Adc)
    i.HardFault_Handler                      0x08000878   Section        0  stm32f4xx_it.o(i.HardFault_Handler)
    i.Key_Init                               0x0800087c   Section        0  key.o(i.Key_Init)
    i.LED_Init                               0x080008ac   Section        0  led.o(i.LED_Init)
    i.MemManage_Handler                      0x080008ec   Section        0  stm32f4xx_it.o(i.MemManage_Handler)
    i.Modbus_01_Solve                        0x080008f0   Section        0  modbus.o(i.Modbus_01_Solve)
    i.Modbus_02_Solve                        0x08000a7c   Section        0  modbus.o(i.Modbus_02_Solve)
    i.Modbus_03_Solve                        0x08000c04   Section        0  modbus.o(i.Modbus_03_Solve)
    i.Modbus_05_Solve                        0x08000d00   Section        0  modbus.o(i.Modbus_05_Solve)
    i.Modbus_06_Solve                        0x08000dc4   Section        0  modbus.o(i.Modbus_06_Solve)
    i.Modbus_0f_Solve                        0x08000e7c   Section        0  modbus.o(i.Modbus_0f_Solve)
    i.Modbus_10_Solve                        0x08000f80   Section        0  modbus.o(i.Modbus_10_Solve)
    i.Modbus_RegMap                          0x08001070   Section        0  modbus.o(i.Modbus_RegMap)
    i.NMI_Handler                            0x080010cc   Section        0  stm32f4xx_it.o(i.NMI_Handler)
    i.NVIC_Init                              0x080010d0   Section        0  misc.o(i.NVIC_Init)
    i.NVIC_PriorityGroupConfig               0x08001148   Section        0  misc.o(i.NVIC_PriorityGroupConfig)
    i.OLED_Clear                             0x0800115c   Section        0  oled.o(i.OLED_Clear)
    i.OLED_DrawPoint                         0x0800118c   Section        0  oled.o(i.OLED_DrawPoint)
    i.OLED_Init                              0x080011f4   Section        0  oled.o(i.OLED_Init)
    i.OLED_Refresh_Gram                      0x08001330   Section        0  oled.o(i.OLED_Refresh_Gram)
    i.OLED_ShowChar                          0x0800137c   Section        0  oled.o(i.OLED_ShowChar)
    i.OLED_ShowNum                           0x08001488   Section        0  oled.o(i.OLED_ShowNum)
    i.OLED_ShowString                        0x0800151c   Section        0  oled.o(i.OLED_ShowString)
    i.OLED_WR_Byte                           0x0800157c   Section        0  oled.o(i.OLED_WR_Byte)
    i.PendSV_Handler                         0x080015dc   Section        0  stm32f4xx_it.o(i.PendSV_Handler)
    i.RCC_AHB1PeriphClockCmd                 0x080015e0   Section        0  stm32f4xx_rcc.o(i.RCC_AHB1PeriphClockCmd)
    i.RCC_APB1PeriphClockCmd                 0x08001600   Section        0  stm32f4xx_rcc.o(i.RCC_APB1PeriphClockCmd)
    i.RCC_APB2PeriphClockCmd                 0x08001620   Section        0  stm32f4xx_rcc.o(i.RCC_APB2PeriphClockCmd)
    i.RCC_APB2PeriphResetCmd                 0x08001640   Section        0  stm32f4xx_rcc.o(i.RCC_APB2PeriphResetCmd)
    i.RCC_GetClocksFreq                      0x08001660   Section        0  stm32f4xx_rcc.o(i.RCC_GetClocksFreq)
    i.RS485_Init                             0x08001748   Section        0  rs485.o(i.RS485_Init)
    i.RS485_Send_Data                        0x08001840   Section        0  rs485.o(i.RS485_Send_Data)
    i.RS485_service                          0x08001894   Section        0  modbus.o(i.RS485_service)
    i.SVC_Handler                            0x08001aa0   Section        0  stm32f4xx_it.o(i.SVC_Handler)
    i.SetSysClock                            0x08001aa4   Section        0  system_stm32f4xx.o(i.SetSysClock)
    SetSysClock                              0x08001aa5   Thumb Code   220  system_stm32f4xx.o(i.SetSysClock)
    i.SysTick_CLKSourceConfig                0x08001b90   Section        0  misc.o(i.SysTick_CLKSourceConfig)
    i.SysTick_Handler                        0x08001bb8   Section        0  stm32f4xx_it.o(i.SysTick_Handler)
    i.SystemInit                             0x08001bbc   Section        0  system_stm32f4xx.o(i.SystemInit)
    i.TIM3_IRQHandler                        0x08001c24   Section        0  timer.o(i.TIM3_IRQHandler)
    i.TIM3_Init                              0x08001c68   Section        0  timer.o(i.TIM3_Init)
    i.TIM_ClearITPendingBit                  0x08001cd8   Section        0  stm32f4xx_tim.o(i.TIM_ClearITPendingBit)
    i.TIM_Cmd                                0x08001cde   Section        0  stm32f4xx_tim.o(i.TIM_Cmd)
    i.TIM_GetITStatus                        0x08001cf6   Section        0  stm32f4xx_tim.o(i.TIM_GetITStatus)
    i.TIM_ITConfig                           0x08001d18   Section        0  stm32f4xx_tim.o(i.TIM_ITConfig)
    i.TIM_SetCounter                         0x08001d2a   Section        0  stm32f4xx_tim.o(i.TIM_SetCounter)
    i.TIM_TimeBaseInit                       0x08001d30   Section        0  stm32f4xx_tim.o(i.TIM_TimeBaseInit)
    i.USART2_IRQHandler                      0x08001db4   Section        0  rs485.o(i.USART2_IRQHandler)
    i.USART6_IRQHandler                      0x08001e14   Section        0  usart.o(i.USART6_IRQHandler)
    i.USART_ClearFlag                        0x08001e9c   Section        0  stm32f4xx_usart.o(i.USART_ClearFlag)
    i.USART_Cmd                              0x08001eae   Section        0  stm32f4xx_usart.o(i.USART_Cmd)
    i.USART_GetFlagStatus                    0x08001ec6   Section        0  stm32f4xx_usart.o(i.USART_GetFlagStatus)
    i.USART_GetITStatus                      0x08001ee0   Section        0  stm32f4xx_usart.o(i.USART_GetITStatus)
    i.USART_ITConfig                         0x08001f34   Section        0  stm32f4xx_usart.o(i.USART_ITConfig)
    i.USART_Init                             0x08001f80   Section        0  stm32f4xx_usart.o(i.USART_Init)
    i.USART_ReceiveData                      0x08002054   Section        0  stm32f4xx_usart.o(i.USART_ReceiveData)
    i.USART_SendData                         0x0800205e   Section        0  stm32f4xx_usart.o(i.USART_SendData)
    i.UsageFault_Handler                     0x08002066   Section        0  stm32f4xx_it.o(i.UsageFault_Handler)
    i._sys_exit                              0x0800206a   Section        0  usart.o(i._sys_exit)
    i.main                                   0x08002070   Section        0  main.o(i.main)
    i.mypow                                  0x080020c0   Section        0  oled.o(i.mypow)
    x$fpl$ddiv                               0x080020d8   Section      688  ddiv.o(x$fpl$ddiv)
    $v0                                      0x080020d8   Number         0  ddiv.o(x$fpl$ddiv)
    ddiv_entry                               0x080020df   Thumb Code     0  ddiv.o(x$fpl$ddiv)
    x$fpl$dfixu                              0x08002388   Section       90  dfixu.o(x$fpl$dfixu)
    $v0                                      0x08002388   Number         0  dfixu.o(x$fpl$dfixu)
    x$fpl$dfltu                              0x080023e2   Section       38  dflt_clz.o(x$fpl$dfltu)
    $v0                                      0x080023e2   Number         0  dflt_clz.o(x$fpl$dfltu)
    x$fpl$dmul                               0x08002408   Section      340  dmul.o(x$fpl$dmul)
    $v0                                      0x08002408   Number         0  dmul.o(x$fpl$dmul)
    x$fpl$dnaninf                            0x0800255c   Section      156  dnaninf.o(x$fpl$dnaninf)
    $v0                                      0x0800255c   Number         0  dnaninf.o(x$fpl$dnaninf)
    x$fpl$dretinf                            0x080025f8   Section       12  dretinf.o(x$fpl$dretinf)
    $v0                                      0x080025f8   Number         0  dretinf.o(x$fpl$dretinf)
    x$fpl$fpinit                             0x08002604   Section       10  fpinit.o(x$fpl$fpinit)
    $v0                                      0x08002604   Number         0  fpinit.o(x$fpl$fpinit)
    .constdata                               0x0800260e   Section     6080  oled.o(.constdata)
    x$fpl$usenofp                            0x0800260e   Section        0  usenofp.o(x$fpl$usenofp)
    .constdata                               0x08003dce   Section      512  mbcrc.o(.constdata)
    aucCRCHi                                 0x08003dce   Data         256  mbcrc.o(.constdata)
    aucCRCLo                                 0x08003ece   Data         256  mbcrc.o(.constdata)
    .data                                    0x20000000   Section       20  system_stm32f4xx.o(.data)
    .data                                    0x20000014   Section        4  rs485.o(.data)
    .data                                    0x20000018   Section        1  delay.o(.data)
    first                                    0x20000018   Data           1  delay.o(.data)
    .data                                    0x2000001c   Section        6  usart.o(.data)
    .data                                    0x20000024   Section       28  modbus.o(.data)
    .data                                    0x20000040   Section       16  stm32f4xx_rcc.o(.data)
    APBAHBPrescTable                         0x20000040   Data          16  stm32f4xx_rcc.o(.data)
    .bss                                     0x20000050   Section     1024  oled.o(.bss)
    .bss                                     0x20000450   Section      256  rs485.o(.bss)
    .bss                                     0x20000550   Section      200  usart.o(.bss)
    .bss                                     0x20000618   Section     5056  modbus.o(.bss)
    .bss                                     0x200019d8   Section       96  libspace.o(.bss)
    HEAP                                     0x20001a38   Section      512  startup_stm32f40_41xxx.o(HEAP)
    Heap_Mem                                 0x20001a38   Data         512  startup_stm32f40_41xxx.o(HEAP)
    STACK                                    0x20001c38   Section     1024  startup_stm32f40_41xxx.o(STACK)
    Stack_Mem                                0x20001c38   Data        1024  startup_stm32f40_41xxx.o(STACK)
    __initial_sp                             0x20002038   Data           0  startup_stm32f40_41xxx.o(STACK)

    Global Symbols

    Symbol Name                              Value     Ov Type        Size  Object(Section)

    BuildAttributes$$THM_ISAv4$E$P$D$K$B$S$7EM$VFPi3$EXTD16$VFPS$VFMA$PE$A:L22UL41UL21$X:L11$S22US41US21$IEEE1$IW$USESV6$~STKCKD$USESV7$~SHL$OTIME$ROPI$IEEEJ$EBA8$UX$STANDARDLIB$REQ8$PRES8$EABIv2 0x00000000   Number         0  anon$$obj.o ABSOLUTE
    __ARM_use_no_argv                        0x00000000   Number         0  main.o ABSOLUTE
    _printf_flags                            0x00000000   Number         0  printf_stubs.o ABSOLUTE
    _printf_return_value                     0x00000000   Number         0  printf_stubs.o ABSOLUTE
    _printf_sizespec                         0x00000000   Number         0  printf_stubs.o ABSOLUTE
    _printf_widthprec                        0x00000000   Number         0  printf_stubs.o ABSOLUTE
    __ARM_exceptions_init                     - Undefined Weak Reference
    __alloca_initialize                       - Undefined Weak Reference
    __arm_preinit_                            - Undefined Weak Reference
    __cpp_initialize__aeabi_                  - Undefined Weak Reference
    __cxa_finalize                            - Undefined Weak Reference
    __sigvec_lookup                           - Undefined Weak Reference
    _atexit_init                              - Undefined Weak Reference
    _call_atexit_fns                          - Undefined Weak Reference
    _clock_init                               - Undefined Weak Reference
    _fp_trap_init                             - Undefined Weak Reference
    _fp_trap_shutdown                         - Undefined Weak Reference
    _get_lc_collate                           - Undefined Weak Reference
    _get_lc_ctype                             - Undefined Weak Reference
    _get_lc_monetary                          - Undefined Weak Reference
    _get_lc_time                              - Undefined Weak Reference
    _getenv_init                              - Undefined Weak Reference
    _handle_redirection                       - Undefined Weak Reference
    _init_alloc                               - Undefined Weak Reference
    _init_user_alloc                          - Undefined Weak Reference
    _initio                                   - Undefined Weak Reference
    _printf_post_padding                      - Undefined Weak Reference
    _printf_pre_padding                       - Undefined Weak Reference
    _rand_init                                - Undefined Weak Reference
    _signal_finish                            - Undefined Weak Reference
    _signal_init                              - Undefined Weak Reference
    _terminate_alloc                          - Undefined Weak Reference
    _terminate_user_alloc                     - Undefined Weak Reference
    _terminateio                              - Undefined Weak Reference
    __Vectors_Size                           0x00000188   Number         0  startup_stm32f40_41xxx.o ABSOLUTE
    __Vectors                                0x08000000   Data           4  startup_stm32f40_41xxx.o(RESET)
    __Vectors_End                            0x08000188   Data           0  startup_stm32f40_41xxx.o(RESET)
    __main                                   0x08000189   Thumb Code     8  __main.o(!!!main)
    __scatterload                            0x08000191   Thumb Code     0  __scatter.o(!!!scatter)
    __scatterload_rt2                        0x08000191   Thumb Code    44  __scatter.o(!!!scatter)
    __scatterload_rt2_thumb_only             0x08000191   Thumb Code     0  __scatter.o(!!!scatter)
    __scatterload_null                       0x0800019f   Thumb Code     0  __scatter.o(!!!scatter)
    __scatterload_copy                       0x080001c5   Thumb Code    26  __scatter_copy.o(!!handler_copy)
    __scatterload_zeroinit                   0x080001e1   Thumb Code    28  __scatter_zi.o(!!handler_zi)
    __rt_lib_init                            0x080001fd   Thumb Code     0  libinit.o(.ARM.Collect$$libinit$$00000000)
    __rt_lib_init_fp_1                       0x080001ff   Thumb Code     0  libinit2.o(.ARM.Collect$$libinit$$00000001)
    __rt_lib_init_alloca_1                   0x08000203   Thumb Code     0  libinit2.o(.ARM.Collect$$libinit$$0000002E)
    __rt_lib_init_argv_1                     0x08000203   Thumb Code     0  libinit2.o(.ARM.Collect$$libinit$$0000002C)
    __rt_lib_init_atexit_1                   0x08000203   Thumb Code     0  libinit2.o(.ARM.Collect$$libinit$$0000001B)
    __rt_lib_init_clock_1                    0x08000203   Thumb Code     0  libinit2.o(.ARM.Collect$$libinit$$00000021)
    __rt_lib_init_cpp_1                      0x08000203   Thumb Code     0  libinit2.o(.ARM.Collect$$libinit$$00000032)
    __rt_lib_init_exceptions_1               0x08000203   Thumb Code     0  libinit2.o(.ARM.Collect$$libinit$$00000030)
    __rt_lib_init_fp_trap_1                  0x08000203   Thumb Code     0  libinit2.o(.ARM.Collect$$libinit$$0000001F)
    __rt_lib_init_getenv_1                   0x08000203   Thumb Code     0  libinit2.o(.ARM.Collect$$libinit$$00000023)
    __rt_lib_init_heap_1                     0x08000203   Thumb Code     0  libinit2.o(.ARM.Collect$$libinit$$0000000A)
    __rt_lib_init_lc_collate_1               0x08000203   Thumb Code     0  libinit2.o(.ARM.Collect$$libinit$$00000011)
    __rt_lib_init_lc_ctype_1                 0x08000203   Thumb Code     0  libinit2.o(.ARM.Collect$$libinit$$00000013)
    __rt_lib_init_lc_monetary_1              0x08000203   Thumb Code     0  libinit2.o(.ARM.Collect$$libinit$$00000015)
    __rt_lib_init_lc_numeric_1               0x08000203   Thumb Code     0  libinit2.o(.ARM.Collect$$libinit$$00000017)
    __rt_lib_init_lc_time_1                  0x08000203   Thumb Code     0  libinit2.o(.ARM.Collect$$libinit$$00000019)
    __rt_lib_init_preinit_1                  0x08000203   Thumb Code     0  libinit2.o(.ARM.Collect$$libinit$$00000004)
    __rt_lib_init_rand_1                     0x08000203   Thumb Code     0  libinit2.o(.ARM.Collect$$libinit$$0000000E)
    __rt_lib_init_return                     0x08000203   Thumb Code     0  libinit2.o(.ARM.Collect$$libinit$$00000033)
    __rt_lib_init_signal_1                   0x08000203   Thumb Code     0  libinit2.o(.ARM.Collect$$libinit$$0000001D)
    __rt_lib_init_stdio_1                    0x08000203   Thumb Code     0  libinit2.o(.ARM.Collect$$libinit$$00000025)
    __rt_lib_init_user_alloc_1               0x08000203   Thumb Code     0  libinit2.o(.ARM.Collect$$libinit$$0000000C)
    __rt_lib_shutdown                        0x08000205   Thumb Code     0  libshutdown.o(.ARM.Collect$$libshutdown$$00000000)
    __rt_lib_shutdown_cpp_1                  0x08000207   Thumb Code     0  libshutdown2.o(.ARM.Collect$$libshutdown$$00000002)
    __rt_lib_shutdown_fp_trap_1              0x08000207   Thumb Code     0  libshutdown2.o(.ARM.Collect$$libshutdown$$00000007)
    __rt_lib_shutdown_heap_1                 0x08000207   Thumb Code     0  libshutdown2.o(.ARM.Collect$$libshutdown$$0000000F)
    __rt_lib_shutdown_return                 0x08000207   Thumb Code     0  libshutdown2.o(.ARM.Collect$$libshutdown$$00000010)
    __rt_lib_shutdown_signal_1               0x08000207   Thumb Code     0  libshutdown2.o(.ARM.Collect$$libshutdown$$0000000A)
    __rt_lib_shutdown_stdio_1                0x08000207   Thumb Code     0  libshutdown2.o(.ARM.Collect$$libshutdown$$00000004)
    __rt_lib_shutdown_user_alloc_1           0x08000207   Thumb Code     0  libshutdown2.o(.ARM.Collect$$libshutdown$$0000000C)
    __rt_entry                               0x08000209   Thumb Code     0  __rtentry.o(.ARM.Collect$$rtentry$$00000000)
    __rt_entry_presh_1                       0x08000209   Thumb Code     0  __rtentry2.o(.ARM.Collect$$rtentry$$00000002)
    __rt_entry_sh                            0x08000209   Thumb Code     0  __rtentry4.o(.ARM.Collect$$rtentry$$00000004)
    __rt_entry_li                            0x0800020f   Thumb Code     0  __rtentry2.o(.ARM.Collect$$rtentry$$0000000A)
    __rt_entry_postsh_1                      0x0800020f   Thumb Code     0  __rtentry2.o(.ARM.Collect$$rtentry$$00000009)
    __rt_entry_main                          0x08000213   Thumb Code     0  __rtentry2.o(.ARM.Collect$$rtentry$$0000000D)
    __rt_entry_postli_1                      0x08000213   Thumb Code     0  __rtentry2.o(.ARM.Collect$$rtentry$$0000000C)
    __rt_exit                                0x0800021b   Thumb Code     0  rtexit.o(.ARM.Collect$$rtexit$$00000000)
    __rt_exit_ls                             0x0800021d   Thumb Code     0  rtexit2.o(.ARM.Collect$$rtexit$$00000003)
    __rt_exit_prels_1                        0x0800021d   Thumb Code     0  rtexit2.o(.ARM.Collect$$rtexit$$00000002)
    __rt_exit_exit                           0x08000221   Thumb Code     0  rtexit2.o(.ARM.Collect$$rtexit$$00000004)
    Reset_Handler                            0x08000229   Thumb Code     8  startup_stm32f40_41xxx.o(.text)
    ADC_IRQHandler                           0x08000243   Thumb Code     0  startup_stm32f40_41xxx.o(.text)
    CAN1_RX0_IRQHandler                      0x08000243   Thumb Code     0  startup_stm32f40_41xxx.o(.text)
    CAN1_RX1_IRQHandler                      0x08000243   Thumb Code     0  startup_stm32f40_41xxx.o(.text)
    CAN1_SCE_IRQHandler                      0x08000243   Thumb Code     0  startup_stm32f40_41xxx.o(.text)
    CAN1_TX_IRQHandler                       0x08000243   Thumb Code     0  startup_stm32f40_41xxx.o(.text)
    CAN2_RX0_IRQHandler                      0x08000243   Thumb Code     0  startup_stm32f40_41xxx.o(.text)
    CAN2_RX1_IRQHandler                      0x08000243   Thumb Code     0  startup_stm32f40_41xxx.o(.text)
    CAN2_SCE_IRQHandler                      0x08000243   Thumb Code     0  startup_stm32f40_41xxx.o(.text)
    CAN2_TX_IRQHandler                       0x08000243   Thumb Code     0  startup_stm32f40_41xxx.o(.text)
    CRYP_IRQHandler                          0x08000243   Thumb Code     0  startup_stm32f40_41xxx.o(.text)
    DCMI_IRQHandler                          0x08000243   Thumb Code     0  startup_stm32f40_41xxx.o(.text)
    DMA1_Stream0_IRQHandler                  0x08000243   Thumb Code     0  startup_stm32f40_41xxx.o(.text)
    DMA1_Stream1_IRQHandler                  0x08000243   Thumb Code     0  startup_stm32f40_41xxx.o(.text)
    DMA1_Stream2_IRQHandler                  0x08000243   Thumb Code     0  startup_stm32f40_41xxx.o(.text)
    DMA1_Stream3_IRQHandler                  0x08000243   Thumb Code     0  startup_stm32f40_41xxx.o(.text)
    DMA1_Stream4_IRQHandler                  0x08000243   Thumb Code     0  startup_stm32f40_41xxx.o(.text)
    DMA1_Stream5_IRQHandler                  0x08000243   Thumb Code     0  startup_stm32f40_41xxx.o(.text)
    DMA1_Stream6_IRQHandler                  0x08000243   Thumb Code     0  startup_stm32f40_41xxx.o(.text)
    DMA1_Stream7_IRQHandler                  0x08000243   Thumb Code     0  startup_stm32f40_41xxx.o(.text)
    DMA2_Stream0_IRQHandler                  0x08000243   Thumb Code     0  startup_stm32f40_41xxx.o(.text)
    DMA2_Stream1_IRQHandler                  0x08000243   Thumb Code     0  startup_stm32f40_41xxx.o(.text)
    DMA2_Stream2_IRQHandler                  0x08000243   Thumb Code     0  startup_stm32f40_41xxx.o(.text)
    DMA2_Stream3_IRQHandler                  0x08000243   Thumb Code     0  startup_stm32f40_41xxx.o(.text)
    DMA2_Stream4_IRQHandler                  0x08000243   Thumb Code     0  startup_stm32f40_41xxx.o(.text)
    DMA2_Stream5_IRQHandler                  0x08000243   Thumb Code     0  startup_stm32f40_41xxx.o(.text)
    DMA2_Stream6_IRQHandler                  0x08000243   Thumb Code     0  startup_stm32f40_41xxx.o(.text)
    DMA2_Stream7_IRQHandler                  0x08000243   Thumb Code     0  startup_stm32f40_41xxx.o(.text)
    ETH_IRQHandler                           0x08000243   Thumb Code     0  startup_stm32f40_41xxx.o(.text)
    ETH_WKUP_IRQHandler                      0x08000243   Thumb Code     0  startup_stm32f40_41xxx.o(.text)
    EXTI0_IRQHandler                         0x08000243   Thumb Code     0  startup_stm32f40_41xxx.o(.text)
    EXTI15_10_IRQHandler                     0x08000243   Thumb Code     0  startup_stm32f40_41xxx.o(.text)
    EXTI1_IRQHandler                         0x08000243   Thumb Code     0  startup_stm32f40_41xxx.o(.text)
    EXTI2_IRQHandler                         0x08000243   Thumb Code     0  startup_stm32f40_41xxx.o(.text)
    EXTI3_IRQHandler                         0x08000243   Thumb Code     0  startup_stm32f40_41xxx.o(.text)
    EXTI4_IRQHandler                         0x08000243   Thumb Code     0  startup_stm32f40_41xxx.o(.text)
    EXTI9_5_IRQHandler                       0x08000243   Thumb Code     0  startup_stm32f40_41xxx.o(.text)
    FLASH_IRQHandler                         0x08000243   Thumb Code     0  startup_stm32f40_41xxx.o(.text)
    FPU_IRQHandler                           0x08000243   Thumb Code     0  startup_stm32f40_41xxx.o(.text)
    FSMC_IRQHandler                          0x08000243   Thumb Code     0  startup_stm32f40_41xxx.o(.text)
    HASH_RNG_IRQHandler                      0x08000243   Thumb Code     0  startup_stm32f40_41xxx.o(.text)
    I2C1_ER_IRQHandler                       0x08000243   Thumb Code     0  startup_stm32f40_41xxx.o(.text)
    I2C1_EV_IRQHandler                       0x08000243   Thumb Code     0  startup_stm32f40_41xxx.o(.text)
    I2C2_ER_IRQHandler                       0x08000243   Thumb Code     0  startup_stm32f40_41xxx.o(.text)
    I2C2_EV_IRQHandler                       0x08000243   Thumb Code     0  startup_stm32f40_41xxx.o(.text)
    I2C3_ER_IRQHandler                       0x08000243   Thumb Code     0  startup_stm32f40_41xxx.o(.text)
    I2C3_EV_IRQHandler                       0x08000243   Thumb Code     0  startup_stm32f40_41xxx.o(.text)
    OTG_FS_IRQHandler                        0x08000243   Thumb Code     0  startup_stm32f40_41xxx.o(.text)
    OTG_FS_WKUP_IRQHandler                   0x08000243   Thumb Code     0  startup_stm32f40_41xxx.o(.text)
    OTG_HS_EP1_IN_IRQHandler                 0x08000243   Thumb Code     0  startup_stm32f40_41xxx.o(.text)
    OTG_HS_EP1_OUT_IRQHandler                0x08000243   Thumb Code     0  startup_stm32f40_41xxx.o(.text)
    OTG_HS_IRQHandler                        0x08000243   Thumb Code     0  startup_stm32f40_41xxx.o(.text)
    OTG_HS_WKUP_IRQHandler                   0x08000243   Thumb Code     0  startup_stm32f40_41xxx.o(.text)
    PVD_IRQHandler                           0x08000243   Thumb Code     0  startup_stm32f40_41xxx.o(.text)
    RCC_IRQHandler                           0x08000243   Thumb Code     0  startup_stm32f40_41xxx.o(.text)
    RTC_Alarm_IRQHandler                     0x08000243   Thumb Code     0  startup_stm32f40_41xxx.o(.text)
    RTC_WKUP_IRQHandler                      0x08000243   Thumb Code     0  startup_stm32f40_41xxx.o(.text)
    SDIO_IRQHandler                          0x08000243   Thumb Code     0  startup_stm32f40_41xxx.o(.text)
    SPI1_IRQHandler                          0x08000243   Thumb Code     0  startup_stm32f40_41xxx.o(.text)
    SPI2_IRQHandler                          0x08000243   Thumb Code     0  startup_stm32f40_41xxx.o(.text)
    SPI3_IRQHandler                          0x08000243   Thumb Code     0  startup_stm32f40_41xxx.o(.text)
    TAMP_STAMP_IRQHandler                    0x08000243   Thumb Code     0  startup_stm32f40_41xxx.o(.text)
    TIM1_BRK_TIM9_IRQHandler                 0x08000243   Thumb Code     0  startup_stm32f40_41xxx.o(.text)
    TIM1_CC_IRQHandler                       0x08000243   Thumb Code     0  startup_stm32f40_41xxx.o(.text)
    TIM1_TRG_COM_TIM11_IRQHandler            0x08000243   Thumb Code     0  startup_stm32f40_41xxx.o(.text)
    TIM1_UP_TIM10_IRQHandler                 0x08000243   Thumb Code     0  startup_stm32f40_41xxx.o(.text)
    TIM2_IRQHandler                          0x08000243   Thumb Code     0  startup_stm32f40_41xxx.o(.text)
    TIM4_IRQHandler                          0x08000243   Thumb Code     0  startup_stm32f40_41xxx.o(.text)
    TIM5_IRQHandler                          0x08000243   Thumb Code     0  startup_stm32f40_41xxx.o(.text)
    TIM6_DAC_IRQHandler                      0x08000243   Thumb Code     0  startup_stm32f40_41xxx.o(.text)
    TIM7_IRQHandler                          0x08000243   Thumb Code     0  startup_stm32f40_41xxx.o(.text)
    TIM8_BRK_TIM12_IRQHandler                0x08000243   Thumb Code     0  startup_stm32f40_41xxx.o(.text)
    TIM8_CC_IRQHandler                       0x08000243   Thumb Code     0  startup_stm32f40_41xxx.o(.text)
    TIM8_TRG_COM_TIM14_IRQHandler            0x08000243   Thumb Code     0  startup_stm32f40_41xxx.o(.text)
    TIM8_UP_TIM13_IRQHandler                 0x08000243   Thumb Code     0  startup_stm32f40_41xxx.o(.text)
    UART4_IRQHandler                         0x08000243   Thumb Code     0  startup_stm32f40_41xxx.o(.text)
    UART5_IRQHandler                         0x08000243   Thumb Code     0  startup_stm32f40_41xxx.o(.text)
    USART1_IRQHandler                        0x08000243   Thumb Code     0  startup_stm32f40_41xxx.o(.text)
    USART3_IRQHandler                        0x08000243   Thumb Code     0  startup_stm32f40_41xxx.o(.text)
    WWDG_IRQHandler                          0x08000243   Thumb Code     0  startup_stm32f40_41xxx.o(.text)
    __user_initial_stackheap                 0x08000245   Thumb Code     0  startup_stm32f40_41xxx.o(.text)
    __use_no_semihosting                     0x08000269   Thumb Code     2  use_no_semi_2.o(.text)
    __use_two_region_memory                  0x0800026b   Thumb Code     2  heapauxi.o(.text)
    __rt_heap_escrow$2region                 0x0800026d   Thumb Code     2  heapauxi.o(.text)
    __rt_heap_expand$2region                 0x0800026f   Thumb Code     2  heapauxi.o(.text)
    __I$use$semihosting                      0x08000271   Thumb Code     0  use_no_semi.o(.text)
    __use_no_semihosting_swi                 0x08000271   Thumb Code     2  use_no_semi.o(.text)
    __user_libspace                          0x08000275   Thumb Code     8  libspace.o(.text)
    __user_perproc_libspace                  0x08000275   Thumb Code     0  libspace.o(.text)
    __user_perthread_libspace                0x08000275   Thumb Code     0  libspace.o(.text)
    __user_setup_stackheap                   0x0800027d   Thumb Code    74  sys_stackheap_outer.o(.text)
    exit                                     0x080002c7   Thumb Code    18  exit.o(.text)
    ADC_Cmd                                  0x080002d9   Thumb Code    22  stm32f4xx_adc.o(i.ADC_Cmd)
    ADC_CommonInit                           0x080002f1   Thumb Code    34  stm32f4xx_adc.o(i.ADC_CommonInit)
    ADC_GetConversionValue                   0x08000321   Thumb Code     8  stm32f4xx_adc.o(i.ADC_GetConversionValue)
    ADC_GetFlagStatus                        0x08000329   Thumb Code    18  stm32f4xx_adc.o(i.ADC_GetFlagStatus)
    ADC_Init                                 0x0800033d   Thumb Code    74  stm32f4xx_adc.o(i.ADC_Init)
    ADC_RegularChannelConfig                 0x08000391   Thumb Code   184  stm32f4xx_adc.o(i.ADC_RegularChannelConfig)
    ADC_SoftwareStartConv                    0x08000449   Thumb Code    10  stm32f4xx_adc.o(i.ADC_SoftwareStartConv)
    Adc_Init                                 0x08000455   Thumb Code   122  adcdac.o(i.Adc_Init)
    BusFault_Handler                         0x080004d9   Thumb Code     4  stm32f4xx_it.o(i.BusFault_Handler)
    CalCRC                                   0x080004dd   Thumb Code    48  mbcrc.o(i.CalCRC)
    DAC_Cmd                                  0x08000515   Thumb Code    34  stm32f4xx_dac.o(i.DAC_Cmd)
    DAC_Init                                 0x0800053d   Thumb Code    46  stm32f4xx_dac.o(i.DAC_Init)
    DAC_SetChannel1Data                      0x08000571   Thumb Code    26  stm32f4xx_dac.o(i.DAC_SetChannel1Data)
    DAC_Set_Vol                              0x08000591   Thumb Code    98  adcdac.o(i.DAC_Set_Vol)
    Dac_Init                                 0x0800060d   Thumb Code    84  adcdac.o(i.Dac_Init)
    DebugMon_Handler                         0x08000665   Thumb Code     2  stm32f4xx_it.o(i.DebugMon_Handler)
    Delay_ms                                 0x08000695   Thumb Code   210  delay.o(i.Delay_ms)
    GPIO_Init                                0x0800076d   Thumb Code   144  stm32f4xx_gpio.o(i.GPIO_Init)
    GPIO_PinAFConfig                         0x080007fd   Thumb Code    70  stm32f4xx_gpio.o(i.GPIO_PinAFConfig)
    GPIO_SetBits                             0x08000843   Thumb Code     4  stm32f4xx_gpio.o(i.GPIO_SetBits)
    Get_Adc                                  0x08000849   Thumb Code    44  adcdac.o(i.Get_Adc)
    HardFault_Handler                        0x08000879   Thumb Code     4  stm32f4xx_it.o(i.HardFault_Handler)
    Key_Init                                 0x0800087d   Thumb Code    42  key.o(i.Key_Init)
    LED_Init                                 0x080008ad   Thumb Code    60  led.o(i.LED_Init)
    MemManage_Handler                        0x080008ed   Thumb Code     4  stm32f4xx_it.o(i.MemManage_Handler)
    Modbus_01_Solve                          0x080008f1   Thumb Code   372  modbus.o(i.Modbus_01_Solve)
    Modbus_02_Solve                          0x08000a7d   Thumb Code   366  modbus.o(i.Modbus_02_Solve)
    Modbus_03_Solve                          0x08000c05   Thumb Code   226  modbus.o(i.Modbus_03_Solve)
    Modbus_05_Solve                          0x08000d01   Thumb Code   172  modbus.o(i.Modbus_05_Solve)
    Modbus_06_Solve                          0x08000dc5   Thumb Code   162  modbus.o(i.Modbus_06_Solve)
    Modbus_0f_Solve                          0x08000e7d   Thumb Code   234  modbus.o(i.Modbus_0f_Solve)
    Modbus_10_Solve                          0x08000f81   Thumb Code   216  modbus.o(i.Modbus_10_Solve)
    Modbus_RegMap                            0x08001071   Thumb Code    60  modbus.o(i.Modbus_RegMap)
    NMI_Handler                              0x080010cd   Thumb Code     2  stm32f4xx_it.o(i.NMI_Handler)
    NVIC_Init                                0x080010d1   Thumb Code   106  misc.o(i.NVIC_Init)
    NVIC_PriorityGroupConfig                 0x08001149   Thumb Code    10  misc.o(i.NVIC_PriorityGroupConfig)
    OLED_Clear                               0x0800115d   Thumb Code    42  oled.o(i.OLED_Clear)
    OLED_DrawPoint                           0x0800118d   Thumb Code   100  oled.o(i.OLED_DrawPoint)
    OLED_Init                                0x080011f5   Thumb Code   302  oled.o(i.OLED_Init)
    OLED_Refresh_Gram                        0x08001331   Thumb Code    70  oled.o(i.OLED_Refresh_Gram)
    OLED_ShowChar                            0x0800137d   Thumb Code   254  oled.o(i.OLED_ShowChar)
    OLED_ShowNum                             0x08001489   Thumb Code   148  oled.o(i.OLED_ShowNum)
    OLED_ShowString                          0x0800151d   Thumb Code    94  oled.o(i.OLED_ShowString)
    OLED_WR_Byte                             0x0800157d   Thumb Code    86  oled.o(i.OLED_WR_Byte)
    PendSV_Handler                           0x080015dd   Thumb Code     2  stm32f4xx_it.o(i.PendSV_Handler)
    RCC_AHB1PeriphClockCmd                   0x080015e1   Thumb Code    26  stm32f4xx_rcc.o(i.RCC_AHB1PeriphClockCmd)
    RCC_APB1PeriphClockCmd                   0x08001601   Thumb Code    26  stm32f4xx_rcc.o(i.RCC_APB1PeriphClockCmd)
    RCC_APB2PeriphClockCmd                   0x08001621   Thumb Code    26  stm32f4xx_rcc.o(i.RCC_APB2PeriphClockCmd)
    RCC_APB2PeriphResetCmd                   0x08001641   Thumb Code    26  stm32f4xx_rcc.o(i.RCC_APB2PeriphResetCmd)
    RCC_GetClocksFreq                        0x08001661   Thumb Code   214  stm32f4xx_rcc.o(i.RCC_GetClocksFreq)
    RS485_Init                               0x08001749   Thumb Code   228  rs485.o(i.RS485_Init)
    RS485_Send_Data                          0x08001841   Thumb Code    72  rs485.o(i.RS485_Send_Data)
    RS485_service                            0x08001895   Thumb Code   466  modbus.o(i.RS485_service)
    SVC_Handler                              0x08001aa1   Thumb Code     2  stm32f4xx_it.o(i.SVC_Handler)
    SysTick_CLKSourceConfig                  0x08001b91   Thumb Code    40  misc.o(i.SysTick_CLKSourceConfig)
    SysTick_Handler                          0x08001bb9   Thumb Code     2  stm32f4xx_it.o(i.SysTick_Handler)
    SystemInit                               0x08001bbd   Thumb Code    88  system_stm32f4xx.o(i.SystemInit)
    TIM3_IRQHandler                          0x08001c25   Thumb Code    50  timer.o(i.TIM3_IRQHandler)
    TIM3_Init                                0x08001c69   Thumb Code   102  timer.o(i.TIM3_Init)
    TIM_ClearITPendingBit                    0x08001cd9   Thumb Code     6  stm32f4xx_tim.o(i.TIM_ClearITPendingBit)
    TIM_Cmd                                  0x08001cdf   Thumb Code    24  stm32f4xx_tim.o(i.TIM_Cmd)
    TIM_GetITStatus                          0x08001cf7   Thumb Code    34  stm32f4xx_tim.o(i.TIM_GetITStatus)
    TIM_ITConfig                             0x08001d19   Thumb Code    18  stm32f4xx_tim.o(i.TIM_ITConfig)
    TIM_SetCounter                           0x08001d2b   Thumb Code     4  stm32f4xx_tim.o(i.TIM_SetCounter)
    TIM_TimeBaseInit                         0x08001d31   Thumb Code   104  stm32f4xx_tim.o(i.TIM_TimeBaseInit)
    USART2_IRQHandler                        0x08001db5   Thumb Code    78  rs485.o(i.USART2_IRQHandler)
    USART6_IRQHandler                        0x08001e15   Thumb Code   122  usart.o(i.USART6_IRQHandler)
    USART_ClearFlag                          0x08001e9d   Thumb Code    18  stm32f4xx_usart.o(i.USART_ClearFlag)
    USART_Cmd                                0x08001eaf   Thumb Code    24  stm32f4xx_usart.o(i.USART_Cmd)
    USART_GetFlagStatus                      0x08001ec7   Thumb Code    26  stm32f4xx_usart.o(i.USART_GetFlagStatus)
    USART_GetITStatus                        0x08001ee1   Thumb Code    84  stm32f4xx_usart.o(i.USART_GetITStatus)
    USART_ITConfig                           0x08001f35   Thumb Code    74  stm32f4xx_usart.o(i.USART_ITConfig)
    USART_Init                               0x08001f81   Thumb Code   204  stm32f4xx_usart.o(i.USART_Init)
    USART_ReceiveData                        0x08002055   Thumb Code    10  stm32f4xx_usart.o(i.USART_ReceiveData)
    USART_SendData                           0x0800205f   Thumb Code     8  stm32f4xx_usart.o(i.USART_SendData)
    UsageFault_Handler                       0x08002067   Thumb Code     4  stm32f4xx_it.o(i.UsageFault_Handler)
    _sys_exit                                0x0800206b   Thumb Code     4  usart.o(i._sys_exit)
    main                                     0x08002071   Thumb Code    60  main.o(i.main)
    mypow                                    0x080020c1   Thumb Code    22  oled.o(i.mypow)
    __aeabi_ddiv                             0x080020d9   Thumb Code     0  ddiv.o(x$fpl$ddiv)
    _ddiv                                    0x080020d9   Thumb Code   552  ddiv.o(x$fpl$ddiv)
    __aeabi_d2uiz                            0x08002389   Thumb Code     0  dfixu.o(x$fpl$dfixu)
    _dfixu                                   0x08002389   Thumb Code    90  dfixu.o(x$fpl$dfixu)
    __aeabi_ui2d                             0x080023e3   Thumb Code     0  dflt_clz.o(x$fpl$dfltu)
    _dfltu                                   0x080023e3   Thumb Code    38  dflt_clz.o(x$fpl$dfltu)
    __aeabi_dmul                             0x08002409   Thumb Code     0  dmul.o(x$fpl$dmul)
    _dmul                                    0x08002409   Thumb Code   332  dmul.o(x$fpl$dmul)
    __fpl_dnaninf                            0x0800255d   Thumb Code   156  dnaninf.o(x$fpl$dnaninf)
    __fpl_dretinf                            0x080025f9   Thumb Code    12  dretinf.o(x$fpl$dretinf)
    _fp_init                                 0x08002605   Thumb Code    10  fpinit.o(x$fpl$fpinit)
    __fplib_config_fpu_vfp                   0x0800260d   Thumb Code     0  fpinit.o(x$fpl$fpinit)
    __fplib_config_pureend_doubles           0x0800260d   Thumb Code     0  fpinit.o(x$fpl$fpinit)
    __I$use$fp                               0x0800260e   Number         0  usenofp.o(x$fpl$usenofp)
    asc2_1206                                0x0800260e   Data        1140  oled.o(.constdata)
    asc2_1608                                0x08002a82   Data        1520  oled.o(.constdata)
    asc2_2412                                0x08003072   Data        3420  oled.o(.constdata)
    Region$$Table$$Base                      0x08003fd0   Number         0  anon$$obj.o(Region$$Table)
    Region$$Table$$Limit                     0x08003ff0   Number         0  anon$$obj.o(Region$$Table)
    SystemCoreClock                          0x20000000   Data           4  system_stm32f4xx.o(.data)
    AHBPrescTable                            0x20000004   Data          16  system_stm32f4xx.o(.data)
    RS485_RX_CNT                             0x20000014   Data           2  rs485.o(.data)
    RS485_Frame_Distance                     0x20000016   Data           2  rs485.o(.data)
    __stdout                                 0x2000001c   Data           4  usart.o(.data)
    USART_RX_STA                             0x20000020   Data           2  usart.o(.data)
    testData1                                0x20000024   Data           4  modbus.o(.data)
    testData2                                0x20000028   Data           4  modbus.o(.data)
    testData3                                0x2000002c   Data           4  modbus.o(.data)
    testData4                                0x20000030   Data           4  modbus.o(.data)
    startRegAddr                             0x20000034   Data           2  modbus.o(.data)
    RegNum                                   0x20000036   Data           2  modbus.o(.data)
    CRC_Cal                                  0x20000038   Data           2  modbus.o(.data)
    RS485_Addr                               0x2000003a   Data           1  modbus.o(.data)
    RS485_FrameFlag                          0x2000003b   Data           1  modbus.o(.data)
    dac_vol                                  0x2000003c   Data           2  modbus.o(.data)
    adc_vol                                  0x2000003e   Data           2  modbus.o(.data)
    OLED_GRAM                                0x20000050   Data        1024  oled.o(.bss)
    RS485_RX_BUF                             0x20000450   Data         256  rs485.o(.bss)
    USART_RX_BUF                             0x20000550   Data         200  usart.o(.bss)
    Modbus_InputIO                           0x20000618   Data         400  modbus.o(.bss)
    Modbus_OutputIO                          0x200007a8   Data         400  modbus.o(.bss)
    Modbus_HoldReg                           0x20000938   Data        4000  modbus.o(.bss)
    RS485_TX_BUFF                            0x200018d8   Data         256  modbus.o(.bss)
    __libspace_start                         0x200019d8   Data          96  libspace.o(.bss)
    __temporary_stack_top$libspace           0x20001a38   Data           0  libspace.o(.bss)



==============================================================================

Memory Map of the image

  Image Entry point : 0x08000189

  Load Region LR_IROM1 (Base: 0x08000000, Size: 0x00004040, Max: 0x00100000, ABSOLUTE)

    Execution Region ER_IROM1 (Exec base: 0x08000000, Load base: 0x08000000, Size: 0x00003ff0, Max: 0x00100000, ABSOLUTE)

    Exec Addr    Load Addr    Size         Type   Attr      Idx    E Section Name        Object

    0x08000000   0x08000000   0x00000188   Data   RO          879    RESET               startup_stm32f40_41xxx.o
    0x08000188   0x08000188   0x00000008   Code   RO         5519  * !!!main             c_w.l(__main.o)
    0x08000190   0x08000190   0x00000034   Code   RO         5763    !!!scatter          c_w.l(__scatter.o)
    0x080001c4   0x080001c4   0x0000001a   Code   RO         5765    !!handler_copy      c_w.l(__scatter_copy.o)
    0x080001de   0x080001de   0x00000002   PAD
    0x080001e0   0x080001e0   0x0000001c   Code   RO         5767    !!handler_zi        c_w.l(__scatter_zi.o)
    0x080001fc   0x080001fc   0x00000002   Code   RO         5640    .ARM.Collect$$libinit$$00000000  c_w.l(libinit.o)
    0x080001fe   0x080001fe   0x00000004   Code   RO         5641    .ARM.Collect$$libinit$$00000001  c_w.l(libinit2.o)
    0x08000202   0x08000202   0x00000000   Code   RO         5644    .ARM.Collect$$libinit$$00000004  c_w.l(libinit2.o)
    0x08000202   0x08000202   0x00000000   Code   RO         5647    .ARM.Collect$$libinit$$0000000A  c_w.l(libinit2.o)
    0x08000202   0x08000202   0x00000000   Code   RO         5649    .ARM.Collect$$libinit$$0000000C  c_w.l(libinit2.o)
    0x08000202   0x08000202   0x00000000   Code   RO         5651    .ARM.Collect$$libinit$$0000000E  c_w.l(libinit2.o)
    0x08000202   0x08000202   0x00000000   Code   RO         5654    .ARM.Collect$$libinit$$00000011  c_w.l(libinit2.o)
    0x08000202   0x08000202   0x00000000   Code   RO         5656    .ARM.Collect$$libinit$$00000013  c_w.l(libinit2.o)
    0x08000202   0x08000202   0x00000000   Code   RO         5658    .ARM.Collect$$libinit$$00000015  c_w.l(libinit2.o)
    0x08000202   0x08000202   0x00000000   Code   RO         5660    .ARM.Collect$$libinit$$00000017  c_w.l(libinit2.o)
    0x08000202   0x08000202   0x00000000   Code   RO         5662    .ARM.Collect$$libinit$$00000019  c_w.l(libinit2.o)
    0x08000202   0x08000202   0x00000000   Code   RO         5664    .ARM.Collect$$libinit$$0000001B  c_w.l(libinit2.o)
    0x08000202   0x08000202   0x00000000   Code   RO         5666    .ARM.Collect$$libinit$$0000001D  c_w.l(libinit2.o)
    0x08000202   0x08000202   0x00000000   Code   RO         5668    .ARM.Collect$$libinit$$0000001F  c_w.l(libinit2.o)
    0x08000202   0x08000202   0x00000000   Code   RO         5670    .ARM.Collect$$libinit$$00000021  c_w.l(libinit2.o)
    0x08000202   0x08000202   0x00000000   Code   RO         5672    .ARM.Collect$$libinit$$00000023  c_w.l(libinit2.o)
    0x08000202   0x08000202   0x00000000   Code   RO         5674    .ARM.Collect$$libinit$$00000025  c_w.l(libinit2.o)
    0x08000202   0x08000202   0x00000000   Code   RO         5678    .ARM.Collect$$libinit$$0000002C  c_w.l(libinit2.o)
    0x08000202   0x08000202   0x00000000   Code   RO         5680    .ARM.Collect$$libinit$$0000002E  c_w.l(libinit2.o)
    0x08000202   0x08000202   0x00000000   Code   RO         5682    .ARM.Collect$$libinit$$00000030  c_w.l(libinit2.o)
    0x08000202   0x08000202   0x00000000   Code   RO         5684    .ARM.Collect$$libinit$$00000032  c_w.l(libinit2.o)
    0x08000202   0x08000202   0x00000002   Code   RO         5685    .ARM.Collect$$libinit$$00000033  c_w.l(libinit2.o)
    0x08000204   0x08000204   0x00000002   Code   RO         5727    .ARM.Collect$$libshutdown$$00000000  c_w.l(libshutdown.o)
    0x08000206   0x08000206   0x00000000   Code   RO         5746    .ARM.Collect$$libshutdown$$00000002  c_w.l(libshutdown2.o)
    0x08000206   0x08000206   0x00000000   Code   RO         5748    .ARM.Collect$$libshutdown$$00000004  c_w.l(libshutdown2.o)
    0x08000206   0x08000206   0x00000000   Code   RO         5751    .ARM.Collect$$libshutdown$$00000007  c_w.l(libshutdown2.o)
    0x08000206   0x08000206   0x00000000   Code   RO         5754    .ARM.Collect$$libshutdown$$0000000A  c_w.l(libshutdown2.o)
    0x08000206   0x08000206   0x00000000   Code   RO         5756    .ARM.Collect$$libshutdown$$0000000C  c_w.l(libshutdown2.o)
    0x08000206   0x08000206   0x00000000   Code   RO         5759    .ARM.Collect$$libshutdown$$0000000F  c_w.l(libshutdown2.o)
    0x08000206   0x08000206   0x00000002   Code   RO         5760    .ARM.Collect$$libshutdown$$00000010  c_w.l(libshutdown2.o)
    0x08000208   0x08000208   0x00000000   Code   RO         5543    .ARM.Collect$$rtentry$$00000000  c_w.l(__rtentry.o)
    0x08000208   0x08000208   0x00000000   Code   RO         5563    .ARM.Collect$$rtentry$$00000002  c_w.l(__rtentry2.o)
    0x08000208   0x08000208   0x00000006   Code   RO         5575    .ARM.Collect$$rtentry$$00000004  c_w.l(__rtentry4.o)
    0x0800020e   0x0800020e   0x00000000   Code   RO         5565    .ARM.Collect$$rtentry$$00000009  c_w.l(__rtentry2.o)
    0x0800020e   0x0800020e   0x00000004   Code   RO         5566    .ARM.Collect$$rtentry$$0000000A  c_w.l(__rtentry2.o)
    0x08000212   0x08000212   0x00000000   Code   RO         5568    .ARM.Collect$$rtentry$$0000000C  c_w.l(__rtentry2.o)
    0x08000212   0x08000212   0x00000008   Code   RO         5569    .ARM.Collect$$rtentry$$0000000D  c_w.l(__rtentry2.o)
    0x0800021a   0x0800021a   0x00000002   Code   RO         5686    .ARM.Collect$$rtexit$$00000000  c_w.l(rtexit.o)
    0x0800021c   0x0800021c   0x00000000   Code   RO         5699    .ARM.Collect$$rtexit$$00000002  c_w.l(rtexit2.o)
    0x0800021c   0x0800021c   0x00000004   Code   RO         5700    .ARM.Collect$$rtexit$$00000003  c_w.l(rtexit2.o)
    0x08000220   0x08000220   0x00000006   Code   RO         5701    .ARM.Collect$$rtexit$$00000004  c_w.l(rtexit2.o)
    0x08000226   0x08000226   0x00000002   PAD
    0x08000228   0x08000228   0x00000040   Code   RO          880    .text               startup_stm32f40_41xxx.o
    0x08000268   0x08000268   0x00000002   Code   RO         5485    .text               c_w.l(use_no_semi_2.o)
    0x0800026a   0x0800026a   0x00000006   Code   RO         5517    .text               c_w.l(heapauxi.o)
    0x08000270   0x08000270   0x00000002   Code   RO         5541    .text               c_w.l(use_no_semi.o)
    0x08000272   0x08000272   0x00000002   PAD
    0x08000274   0x08000274   0x00000008   Code   RO         5622    .text               c_w.l(libspace.o)
    0x0800027c   0x0800027c   0x0000004a   Code   RO         5625    .text               c_w.l(sys_stackheap_outer.o)
    0x080002c6   0x080002c6   0x00000012   Code   RO         5627    .text               c_w.l(exit.o)
    0x080002d8   0x080002d8   0x00000016   Code   RO          936    i.ADC_Cmd           stm32f4xx_adc.o
    0x080002ee   0x080002ee   0x00000002   PAD
    0x080002f0   0x080002f0   0x00000030   Code   RO          937    i.ADC_CommonInit    stm32f4xx_adc.o
    0x08000320   0x08000320   0x00000008   Code   RO          948    i.ADC_GetConversionValue  stm32f4xx_adc.o
    0x08000328   0x08000328   0x00000012   Code   RO          949    i.ADC_GetFlagStatus  stm32f4xx_adc.o
    0x0800033a   0x0800033a   0x00000002   PAD
    0x0800033c   0x0800033c   0x00000054   Code   RO          956    i.ADC_Init          stm32f4xx_adc.o
    0x08000390   0x08000390   0x000000b8   Code   RO          961    i.ADC_RegularChannelConfig  stm32f4xx_adc.o
    0x08000448   0x08000448   0x0000000a   Code   RO          963    i.ADC_SoftwareStartConv  stm32f4xx_adc.o
    0x08000452   0x08000452   0x00000002   PAD
    0x08000454   0x08000454   0x00000084   Code   RO          360    i.Adc_Init          adcdac.o
    0x080004d8   0x080004d8   0x00000004   Code   RO            3    i.BusFault_Handler  stm32f4xx_it.o
    0x080004dc   0x080004dc   0x00000038   Code   RO          710    i.CalCRC            mbcrc.o
    0x08000514   0x08000514   0x00000028   Code   RO         1611    i.DAC_Cmd           stm32f4xx_dac.o
    0x0800053c   0x0800053c   0x00000034   Code   RO         1619    i.DAC_Init          stm32f4xx_dac.o
    0x08000570   0x08000570   0x00000020   Code   RO         1620    i.DAC_SetChannel1Data  stm32f4xx_dac.o
    0x08000590   0x08000590   0x0000007c   Code   RO          361    i.DAC_Set_Vol       adcdac.o
    0x0800060c   0x0800060c   0x00000058   Code   RO          362    i.Dac_Init          adcdac.o
    0x08000664   0x08000664   0x00000002   Code   RO            4    i.DebugMon_Handler  stm32f4xx_it.o
    0x08000666   0x08000666   0x00000002   PAD
    0x08000668   0x08000668   0x0000002c   Code   RO          580    i.Delay_Init        delay.o
    0x08000694   0x08000694   0x000000d8   Code   RO          581    i.Delay_ms          delay.o
    0x0800076c   0x0800076c   0x00000090   Code   RO         2478    i.GPIO_Init         stm32f4xx_gpio.o
    0x080007fc   0x080007fc   0x00000046   Code   RO         2479    i.GPIO_PinAFConfig  stm32f4xx_gpio.o
    0x08000842   0x08000842   0x00000004   Code   RO         2486    i.GPIO_SetBits      stm32f4xx_gpio.o
    0x08000846   0x08000846   0x00000002   PAD
    0x08000848   0x08000848   0x00000030   Code   RO          364    i.Get_Adc           adcdac.o
    0x08000878   0x08000878   0x00000004   Code   RO            5    i.HardFault_Handler  stm32f4xx_it.o
    0x0800087c   0x0800087c   0x00000030   Code   RO          334    i.Key_Init          key.o
    0x080008ac   0x080008ac   0x00000040   Code   RO          284    i.LED_Init          led.o
    0x080008ec   0x080008ec   0x00000004   Code   RO            6    i.MemManage_Handler  stm32f4xx_it.o
    0x080008f0   0x080008f0   0x0000018c   Code   RO          729    i.Modbus_01_Solve   modbus.o
    0x08000a7c   0x08000a7c   0x00000188   Code   RO          730    i.Modbus_02_Solve   modbus.o
    0x08000c04   0x08000c04   0x000000fc   Code   RO          731    i.Modbus_03_Solve   modbus.o
    0x08000d00   0x08000d00   0x000000c4   Code   RO          732    i.Modbus_05_Solve   modbus.o
    0x08000dc4   0x08000dc4   0x000000b8   Code   RO          733    i.Modbus_06_Solve   modbus.o
    0x08000e7c   0x08000e7c   0x00000104   Code   RO          734    i.Modbus_0f_Solve   modbus.o
    0x08000f80   0x08000f80   0x000000f0   Code   RO          735    i.Modbus_10_Solve   modbus.o
    0x08001070   0x08001070   0x0000005c   Code   RO          736    i.Modbus_RegMap     modbus.o
    0x080010cc   0x080010cc   0x00000002   Code   RO            7    i.NMI_Handler       stm32f4xx_it.o
    0x080010ce   0x080010ce   0x00000002   PAD
    0x080010d0   0x080010d0   0x00000078   Code   RO          886    i.NVIC_Init         misc.o
    0x08001148   0x08001148   0x00000014   Code   RO          887    i.NVIC_PriorityGroupConfig  misc.o
    0x0800115c   0x0800115c   0x00000030   Code   RO          424    i.OLED_Clear        oled.o
    0x0800118c   0x0800118c   0x00000068   Code   RO          427    i.OLED_DrawPoint    oled.o
    0x080011f4   0x080011f4   0x0000013c   Code   RO          429    i.OLED_Init         oled.o
    0x08001330   0x08001330   0x0000004c   Code   RO          430    i.OLED_Refresh_Gram  oled.o
    0x0800137c   0x0800137c   0x0000010c   Code   RO          431    i.OLED_ShowChar     oled.o
    0x08001488   0x08001488   0x00000094   Code   RO          433    i.OLED_ShowNum      oled.o
    0x0800151c   0x0800151c   0x0000005e   Code   RO          434    i.OLED_ShowString   oled.o
    0x0800157a   0x0800157a   0x00000002   PAD
    0x0800157c   0x0800157c   0x00000060   Code   RO          435    i.OLED_WR_Byte      oled.o
    0x080015dc   0x080015dc   0x00000002   Code   RO            8    i.PendSV_Handler    stm32f4xx_it.o
    0x080015de   0x080015de   0x00000002   PAD
    0x080015e0   0x080015e0   0x00000020   Code   RO         3342    i.RCC_AHB1PeriphClockCmd  stm32f4xx_rcc.o
    0x08001600   0x08001600   0x00000020   Code   RO         3351    i.RCC_APB1PeriphClockCmd  stm32f4xx_rcc.o
    0x08001620   0x08001620   0x00000020   Code   RO         3354    i.RCC_APB2PeriphClockCmd  stm32f4xx_rcc.o
    0x08001640   0x08001640   0x00000020   Code   RO         3356    i.RCC_APB2PeriphResetCmd  stm32f4xx_rcc.o
    0x08001660   0x08001660   0x000000e8   Code   RO         3363    i.RCC_GetClocksFreq  stm32f4xx_rcc.o
    0x08001748   0x08001748   0x000000f8   Code   RO          530    i.RS485_Init        rs485.o
    0x08001840   0x08001840   0x00000054   Code   RO          532    i.RS485_Send_Data   rs485.o
    0x08001894   0x08001894   0x0000020c   Code   RO          737    i.RS485_service     modbus.o
    0x08001aa0   0x08001aa0   0x00000002   Code   RO            9    i.SVC_Handler       stm32f4xx_it.o
    0x08001aa2   0x08001aa2   0x00000002   PAD
    0x08001aa4   0x08001aa4   0x000000ec   Code   RO          181    i.SetSysClock       system_stm32f4xx.o
    0x08001b90   0x08001b90   0x00000028   Code   RO          890    i.SysTick_CLKSourceConfig  misc.o
    0x08001bb8   0x08001bb8   0x00000002   Code   RO           10    i.SysTick_Handler   stm32f4xx_it.o
    0x08001bba   0x08001bba   0x00000002   PAD
    0x08001bbc   0x08001bbc   0x00000068   Code   RO          183    i.SystemInit        system_stm32f4xx.o
    0x08001c24   0x08001c24   0x00000044   Code   RO          682    i.TIM3_IRQHandler   timer.o
    0x08001c68   0x08001c68   0x00000070   Code   RO          683    i.TIM3_Init         timer.o
    0x08001cd8   0x08001cd8   0x00000006   Code   RO         4684    i.TIM_ClearITPendingBit  stm32f4xx_tim.o
    0x08001cde   0x08001cde   0x00000018   Code   RO         4689    i.TIM_Cmd           stm32f4xx_tim.o
    0x08001cf6   0x08001cf6   0x00000022   Code   RO         4710    i.TIM_GetITStatus   stm32f4xx_tim.o
    0x08001d18   0x08001d18   0x00000012   Code   RO         4714    i.TIM_ITConfig      stm32f4xx_tim.o
    0x08001d2a   0x08001d2a   0x00000004   Code   RO         4755    i.TIM_SetCounter    stm32f4xx_tim.o
    0x08001d2e   0x08001d2e   0x00000002   PAD
    0x08001d30   0x08001d30   0x00000084   Code   RO         4761    i.TIM_TimeBaseInit  stm32f4xx_tim.o
    0x08001db4   0x08001db4   0x00000060   Code   RO          533    i.USART2_IRQHandler  rs485.o
    0x08001e14   0x08001e14   0x00000088   Code   RO          615    i.USART6_IRQHandler  usart.o
    0x08001e9c   0x08001e9c   0x00000012   Code   RO         5235    i.USART_ClearFlag   stm32f4xx_usart.o
    0x08001eae   0x08001eae   0x00000018   Code   RO         5239    i.USART_Cmd         stm32f4xx_usart.o
    0x08001ec6   0x08001ec6   0x0000001a   Code   RO         5242    i.USART_GetFlagStatus  stm32f4xx_usart.o
    0x08001ee0   0x08001ee0   0x00000054   Code   RO         5243    i.USART_GetITStatus  stm32f4xx_usart.o
    0x08001f34   0x08001f34   0x0000004a   Code   RO         5245    i.USART_ITConfig    stm32f4xx_usart.o
    0x08001f7e   0x08001f7e   0x00000002   PAD
    0x08001f80   0x08001f80   0x000000d4   Code   RO         5246    i.USART_Init        stm32f4xx_usart.o
    0x08002054   0x08002054   0x0000000a   Code   RO         5253    i.USART_ReceiveData  stm32f4xx_usart.o
    0x0800205e   0x0800205e   0x00000008   Code   RO         5256    i.USART_SendData    stm32f4xx_usart.o
    0x08002066   0x08002066   0x00000004   Code   RO           11    i.UsageFault_Handler  stm32f4xx_it.o
    0x0800206a   0x0800206a   0x00000004   Code   RO          616    i._sys_exit         usart.o
    0x0800206e   0x0800206e   0x00000002   PAD
    0x08002070   0x08002070   0x00000050   Code   RO          218    i.main              main.o
    0x080020c0   0x080020c0   0x00000016   Code   RO          436    i.mypow             oled.o
    0x080020d6   0x080020d6   0x00000002   PAD
    0x080020d8   0x080020d8   0x000002b0   Code   RO         5522    x$fpl$ddiv          fz_wm.l(ddiv.o)
    0x08002388   0x08002388   0x0000005a   Code   RO         5525    x$fpl$dfixu         fz_wm.l(dfixu.o)
    0x080023e2   0x080023e2   0x00000026   Code   RO         5529    x$fpl$dfltu         fz_wm.l(dflt_clz.o)
    0x08002408   0x08002408   0x00000154   Code   RO         5535    x$fpl$dmul          fz_wm.l(dmul.o)
    0x0800255c   0x0800255c   0x0000009c   Code   RO         5555    x$fpl$dnaninf       fz_wm.l(dnaninf.o)
    0x080025f8   0x080025f8   0x0000000c   Code   RO         5557    x$fpl$dretinf       fz_wm.l(dretinf.o)
    0x08002604   0x08002604   0x0000000a   Code   RO         5696    x$fpl$fpinit        fz_wm.l(fpinit.o)
    0x0800260e   0x0800260e   0x00000000   Code   RO         5561    x$fpl$usenofp       fz_wm.l(usenofp.o)
    0x0800260e   0x0800260e   0x000017c0   Data   RO          438    .constdata          oled.o
    0x08003dce   0x08003dce   0x00000200   Data   RO          711    .constdata          mbcrc.o
    0x08003fce   0x08003fce   0x00000002   PAD
    0x08003fd0   0x08003fd0   0x00000020   Data   RO         5761    Region$$Table       anon$$obj.o


    Execution Region RW_IRAM1 (Exec base: 0x20000000, Load base: 0x08003ff0, Size: 0x00002038, Max: 0x00020000, ABSOLUTE)

    Exec Addr    Load Addr    Size         Type   Attr      Idx    E Section Name        Object

    0x20000000   0x08003ff0   0x00000014   Data   RW          184    .data               system_stm32f4xx.o
    0x20000014   0x08004004   0x00000004   Data   RW          535    .data               rs485.o
    0x20000018   0x08004008   0x00000001   Data   RW          583    .data               delay.o
    0x20000019   0x08004009   0x00000003   PAD
    0x2000001c   0x0800400c   0x00000006   Data   RW          620    .data               usart.o
    0x20000022   0x08004012   0x00000002   PAD
    0x20000024   0x08004014   0x0000001c   Data   RW          739    .data               modbus.o
    0x20000040   0x08004030   0x00000010   Data   RW         3395    .data               stm32f4xx_rcc.o
    0x20000050        -       0x00000400   Zero   RW          437    .bss                oled.o
    0x20000450        -       0x00000100   Zero   RW          534    .bss                rs485.o
    0x20000550        -       0x000000c8   Zero   RW          619    .bss                usart.o
    0x20000618        -       0x000013c0   Zero   RW          738    .bss                modbus.o
    0x200019d8        -       0x00000060   Zero   RW         5623    .bss                c_w.l(libspace.o)
    0x20001a38        -       0x00000200   Zero   RW          878    HEAP                startup_stm32f40_41xxx.o
    0x20001c38        -       0x00000400   Zero   RW          877    STACK               startup_stm32f40_41xxx.o


==============================================================================

Image component sizes


      Code (inc. data)   RO Data    RW Data    ZI Data      Debug   Object Name

       392         44          0          0          0       2618   adcdac.o
       260         12          0          1          0       1207   delay.o
        48          6          0          0          0        551   key.o
        64          4          0          0          0     243643   led.o
        80         20          0          0          0        511   main.o
        56          8        512          0          0       1781   mbcrc.o
       180         24          0          0          0       2301   misc.o
      2536        262          0         28       5056     238127   modbus.o
      1172         54       6080          0       1024       8000   oled.o
       428         50          0          4        256       3052   rs485.o
        64         26        392          0       1536        864   startup_stm32f40_41xxx.o
       374         24          0          0          0       5882   stm32f4xx_adc.o
       124         18          0          0          0       2663   stm32f4xx_dac.o
       218          0          0          0          0       2542   stm32f4xx_gpio.o
        26          0          0          0          0      61614   stm32f4xx_it.o
       360         42          0         16          0       5512   stm32f4xx_rcc.o
       218         28          0          0          0       4523   stm32f4xx_tim.o
       456          8          0          0          0       6391   stm32f4xx_usart.o
       340         32          0         20          0       1969   system_stm32f4xx.o
       180         28          0          0          0       1262   timer.o
       140         14          0          6        200       3144   usart.o

    ----------------------------------------------------------------------
      7744        704       7018         80       8072     598157   Object Totals
         0          0         32          0          0          0   (incl. Generated)
        28          0          2          5          0          0   (incl. Padding)

    ----------------------------------------------------------------------

      Code (inc. data)   RO Data    RW Data    ZI Data      Debug   Library Member Name

         8          0          0          0          0         68   __main.o
         0          0          0          0          0          0   __rtentry.o
        12          0          0          0          0          0   __rtentry2.o
         6          0          0          0          0          0   __rtentry4.o
        52          8          0          0          0          0   __scatter.o
        26          0          0          0          0          0   __scatter_copy.o
        28          0          0          0          0          0   __scatter_zi.o
        18          0          0          0          0         80   exit.o
         6          0          0          0          0        152   heapauxi.o
         2          0          0          0          0          0   libinit.o
         6          0          0          0          0          0   libinit2.o
         2          0          0          0          0          0   libshutdown.o
         2          0          0          0          0          0   libshutdown2.o
         8          4          0          0         96         68   libspace.o
         2          0          0          0          0          0   rtexit.o
        10          0          0          0          0          0   rtexit2.o
        74          0          0          0          0         80   sys_stackheap_outer.o
         2          0          0          0          0         68   use_no_semi.o
         2          0          0          0          0         68   use_no_semi_2.o
       688        140          0          0          0        256   ddiv.o
        90          4          0          0          0        140   dfixu.o
        38          0          0          0          0        116   dflt_clz.o
       340         12          0          0          0        152   dmul.o
       156          4          0          0          0        140   dnaninf.o
        12          0          0          0          0        116   dretinf.o
        10          0          0          0          0        116   fpinit.o
         0          0          0          0          0          0   usenofp.o

    ----------------------------------------------------------------------
      1606        172          0          0         96       1620   Library Totals
         6          0          0          0          0          0   (incl. Padding)

    ----------------------------------------------------------------------

      Code (inc. data)   RO Data    RW Data    ZI Data      Debug   Library Name

       266         12          0          0         96        584   c_w.l
      1334        160          0          0          0       1036   fz_wm.l

    ----------------------------------------------------------------------
      1606        172          0          0         96       1620   Library Totals

    ----------------------------------------------------------------------

==============================================================================


      Code (inc. data)   RO Data    RW Data    ZI Data      Debug   

      9350        876       7018         80       8168     591521   Grand Totals
      9350        876       7018         80       8168     591521   ELF Image Totals
      9350        876       7018         80          0          0   ROM Totals

==============================================================================

    Total RO  Size (Code + RO Data)                16368 (  15.98kB)
    Total RW  Size (RW Data + ZI Data)              8248 (   8.05kB)
    Total ROM Size (Code + RO Data + RW Data)      16448 (  16.06kB)

==============================================================================

